2026-08-08 16:38:43,367 | INFO | === TORUS COFFEE BUFFER AUTOMATION ===
2026-08-08 16:38:43,723 | WARNING | Attempt 1/3 failed for graphql_request: HTTP Error 401: Unauthorized
2026-08-08 16:38:43,723 | INFO | Retrying in 2s...
2026-08-08 16:38:45,884 | WARNING | Attempt 2/3 failed for graphql_request: HTTP Error 401: Unauthorized
2026-08-08 16:38:45,884 | INFO | Retrying in 4s...
2026-08-08 16:38:50,040 | WARNING | Attempt 3/3 failed for graphql_request: HTTP Error 401: Unauthorized
2026-08-08 16:38:50,040 | ERROR | All 3 attempts failed for graphql_request
2026-08-08 16:38:50,040 | ERROR | Buffer status check failed: HTTP Error 401: Unauthorized
2026-08-08 16:40:08,733 | INFO | === TORUS COFFEE HUBSPOT CRM AUTOMATION ===
2026-08-08 16:40:08,735 | INFO | Found 0 email addresses in Vendor_Packet_Checklist.md
2026-08-08 16:40:08,735 | INFO | Skipping Market_Research_Iowa_City_Area.md: not found
2026-08-08 16:40:39,502 | INFO | === TORUS COFFEE HUBSPOT CRM AUTOMATION ===
2026-08-08 16:40:39,504 | INFO | Found 0 email addresses in Vendor_Packet_Checklist.md
2026-08-08 16:40:39,504 | INFO | Skipping Market_Research_Iowa_City_Area.md: not found
2026-08-08 16:40:40,264 | INFO |   [DRY RUN] Would import order customer: jane@example.com
2026-08-08 16:58:39,340 | INFO | === TORUS COFFEE BUFFER AUTOMATION ===
2026-08-08 16:58:39,792 | WARNING | Attempt 1/3 failed for graphql_request: HTTP Error 401: Unauthorized
2026-08-08 16:58:39,792 | INFO | Retrying in 2s...
2026-08-08 16:58:41,946 | WARNING | Attempt 2/3 failed for graphql_request: HTTP Error 401: Unauthorized
2026-08-08 16:58:41,946 | INFO | Retrying in 4s...
2026-08-08 16:58:46,099 | WARNING | Attempt 3/3 failed for graphql_request: HTTP Error 401: Unauthorized
2026-08-08 16:58:46,099 | ERROR | All 3 attempts failed for graphql_request
2026-08-08 16:58:46,099 | ERROR | Buffer status check failed: HTTP Error 401: Unauthorized
2026-08-08 16:58:46,240 | INFO | === TORUS COFFEE HUBSPOT CRM AUTOMATION ===
2026-08-08 16:58:46,243 | INFO | Found 0 email addresses in Vendor_Packet_Checklist.md
2026-08-08 16:58:46,243 | INFO | Skipping Market_Research_Iowa_City_Area.md: not found
2026-08-08 16:58:47,034 | INFO |   [DRY RUN] Would import order customer: jane@example.com
