[2026-08-07T20:17:52.687471+00:00] DISCORD_BOT_BUILD_OODA_LOOP_START
[2026-08-07T20:17:52.688085+00:00] NO_PENDING_TASKS
[2026-08-07T20:18:52.689960+00:00] Total=8 Pending=8
[2026-08-07T20:18:52.690302+00:00] WORKING discord-001: Prepare Discord bot activation checklist from crew_map.json
[2026-08-07T20:18:52.690511+00:00] WORKING discord-002: Review Discord bot designs for all officers
[2026-08-07T20:18:52.690717+00:00] WORKING discord-003: Validate existing Miss Pink bot webhook/config
[2026-08-07T20:18:52.702290+00:00] Total=8 Pending=5
[2026-08-07T20:18:52.702537+00:00] WORKING discord-004: Receive VOID Discord connection details from Sir Green/Sir Azure
[2026-08-07T20:18:52.702721+00:00] WORKING discord-005: Create Discord webhooks for automation channels
[2026-08-07T20:18:52.703656+00:00] WORKING discord-006: Verify Miss Pink bot can send to VOID Discord webhook
[2026-08-07T20:18:52.713575+00:00] Total=8 Pending=2
[2026-08-07T20:18:52.713869+00:00] WORKING discord-007: Wire fleet tool alerts into Discord webhooks
[2026-08-07T20:18:52.713996+00:00] WORKING discord-008: Add Discord health checks to automated_verification.py
[2026-08-07T20:18:52.726036+00:00] NO_PENDING_TASKS
[2026-08-07T20:19:52.727490+00:00] NO_PENDING_TASKS
[2026-08-07T20:20:52.728891+00:00] NO_PENDING_TASKS
[2026-08-07T20:21:52.730019+00:00] NO_PENDING_TASKS
[2026-08-07T20:22:52.731368+00:00] NO_PENDING_TASKS
[2026-08-07T20:23:52.732393+00:00] NO_PENDING_TASKS
[2026-08-07T20:24:52.733409+00:00] NO_PENDING_TASKS
[2026-08-07T20:25:52.734286+00:00] NO_PENDING_TASKS
[2026-08-07T20:26:52.736703+00:00] NO_PENDING_TASKS
[2026-08-07T20:27:52.738091+00:00] NO_PENDING_TASKS
[2026-08-07T20:28:52.739185+00:00] NO_PENDING_TASKS
[2026-08-07T20:29:52.740682+00:00] NO_PENDING_TASKS
[2026-08-07T20:30:52.742198+00:00] NO_PENDING_TASKS
[2026-08-07T20:31:52.743844+00:00] NO_PENDING_TASKS
[2026-08-07T20:32:52.745304+00:00] NO_PENDING_TASKS
[2026-08-07T20:33:52.746238+00:00] NO_PENDING_TASKS
[2026-08-07T20:34:52.746897+00:00] NO_PENDING_TASKS
[2026-08-07T20:35:52.747642+00:00] NO_PENDING_TASKS
[2026-08-07T20:36:52.749045+00:00] NO_PENDING_TASKS
[2026-08-07T20:37:52.750266+00:00] NO_PENDING_TASKS
[2026-08-07T20:38:52.751971+00:00] NO_PENDING_TASKS
[2026-08-07T20:39:52.753666+00:00] NO_PENDING_TASKS
[2026-08-07T20:40:52.754759+00:00] NO_PENDING_TASKS
[2026-08-07T20:41:52.755578+00:00] NO_PENDING_TASKS
[2026-08-07T20:42:52.756613+00:00] NO_PENDING_TASKS
[2026-08-07T20:43:52.757975+00:00] NO_PENDING_TASKS
[2026-08-07T20:44:52.758914+00:00] NO_PENDING_TASKS
[2026-08-07T20:45:52.760478+00:00] NO_PENDING_TASKS
[2026-08-07T20:46:52.761295+00:00] NO_PENDING_TASKS
[2026-08-07T20:47:52.761967+00:00] NO_PENDING_TASKS
[2026-08-07T20:48:52.762836+00:00] NO_PENDING_TASKS
[2026-08-07T20:49:52.763797+00:00] NO_PENDING_TASKS
[2026-08-07T20:50:52.764611+00:00] NO_PENDING_TASKS
[2026-08-07T20:51:52.765805+00:00] NO_PENDING_TASKS
[2026-08-07T20:52:52.766868+00:00] NO_PENDING_TASKS
[2026-08-07T20:53:52.768070+00:00] NO_PENDING_TASKS
[2026-08-07T20:54:52.768925+00:00] NO_PENDING_TASKS
[2026-08-07T20:55:52.770253+00:00] NO_PENDING_TASKS
[2026-08-07T20:56:52.781336+00:00] NO_PENDING_TASKS
[2026-08-07T20:57:52.783730+00:00] NO_PENDING_TASKS
[2026-08-07T20:58:52.784917+00:00] NO_PENDING_TASKS
[2026-08-07T20:59:52.794075+00:00] NO_PENDING_TASKS
[2026-08-07T21:00:52.796173+00:00] NO_PENDING_TASKS
[2026-08-07T21:01:52.797070+00:00] NO_PENDING_TASKS
[2026-08-07T21:02:52.797705+00:00] NO_PENDING_TASKS
[2026-08-07T21:03:52.799087+00:00] NO_PENDING_TASKS
[2026-08-07T21:04:52.799877+00:00] NO_PENDING_TASKS
[2026-08-07T21:05:52.801021+00:00] NO_PENDING_TASKS
[2026-08-07T21:06:52.801896+00:00] NO_PENDING_TASKS
[2026-08-07T21:07:52.802793+00:00] NO_PENDING_TASKS
[2026-08-07T21:08:52.803535+00:00] NO_PENDING_TASKS
[2026-08-07T21:09:52.804667+00:00] NO_PENDING_TASKS
[2026-08-07T21:10:52.805415+00:00] NO_PENDING_TASKS
[2026-08-07T21:11:52.806451+00:00] NO_PENDING_TASKS
[2026-08-07T21:12:52.807173+00:00] NO_PENDING_TASKS
[2026-08-07T21:13:52.808088+00:00] NO_PENDING_TASKS
[2026-08-07T21:14:52.809436+00:00] NO_PENDING_TASKS
[2026-08-07T21:15:52.810315+00:00] NO_PENDING_TASKS
[2026-08-07T21:16:52.811183+00:00] NO_PENDING_TASKS
[2026-08-07T21:17:52.812025+00:00] NO_PENDING_TASKS
[2026-08-07T21:18:52.813242+00:00] NO_PENDING_TASKS
[2026-08-07T21:19:52.813770+00:00] NO_PENDING_TASKS
[2026-08-07T21:20:52.814583+00:00] NO_PENDING_TASKS
[2026-08-07T21:21:52.815212+00:00] NO_PENDING_TASKS
[2026-08-07T21:22:52.816569+00:00] NO_PENDING_TASKS
[2026-08-07T21:23:52.817249+00:00] NO_PENDING_TASKS
[2026-08-07T21:24:52.817774+00:00] NO_PENDING_TASKS
[2026-08-07T21:25:52.818944+00:00] NO_PENDING_TASKS
[2026-08-07T21:26:52.819910+00:00] NO_PENDING_TASKS
[2026-08-07T21:27:52.820435+00:00] NO_PENDING_TASKS
[2026-08-07T21:28:52.820923+00:00] NO_PENDING_TASKS
[2026-08-07T21:29:52.822163+00:00] NO_PENDING_TASKS
[2026-08-07T21:30:52.823037+00:00] NO_PENDING_TASKS
[2026-08-07T21:31:52.823832+00:00] NO_PENDING_TASKS
[2026-08-07T21:32:52.825018+00:00] NO_PENDING_TASKS
[2026-08-07T21:33:52.825937+00:00] NO_PENDING_TASKS
[2026-08-07T21:34:52.826823+00:00] NO_PENDING_TASKS
[2026-08-07T21:35:52.827755+00:00] NO_PENDING_TASKS
[2026-08-07T21:36:52.828515+00:00] NO_PENDING_TASKS
[2026-08-07T21:37:52.829346+00:00] NO_PENDING_TASKS
[2026-08-07T21:38:52.829834+00:00] NO_PENDING_TASKS
[2026-08-07T21:39:52.830915+00:00] NO_PENDING_TASKS
[2026-08-07T21:40:52.832080+00:00] NO_PENDING_TASKS
[2026-08-07T21:41:52.832968+00:00] NO_PENDING_TASKS
[2026-08-07T21:42:52.833523+00:00] NO_PENDING_TASKS
[2026-08-07T21:43:52.834410+00:00] NO_PENDING_TASKS
[2026-08-07T21:44:52.835116+00:00] NO_PENDING_TASKS
[2026-08-07T21:45:52.836039+00:00] NO_PENDING_TASKS
[2026-08-07T21:46:52.837611+00:00] NO_PENDING_TASKS
[2026-08-07T21:47:52.838436+00:00] NO_PENDING_TASKS
[2026-08-07T21:48:52.839712+00:00] NO_PENDING_TASKS
[2026-08-07T21:49:52.840720+00:00] NO_PENDING_TASKS
[2026-08-07T21:50:52.842006+00:00] NO_PENDING_TASKS
[2026-08-07T21:51:52.842811+00:00] NO_PENDING_TASKS
[2026-08-07T21:52:52.844310+00:00] NO_PENDING_TASKS
[2026-08-07T21:53:52.845216+00:00] NO_PENDING_TASKS
[2026-08-07T21:54:52.845918+00:00] NO_PENDING_TASKS
[2026-08-07T21:55:52.847262+00:00] NO_PENDING_TASKS
[2026-08-07T21:56:52.848835+00:00] NO_PENDING_TASKS
[2026-08-07T21:57:52.849908+00:00] NO_PENDING_TASKS
[2026-08-07T21:58:52.850691+00:00] NO_PENDING_TASKS
[2026-08-07T21:59:52.851654+00:00] NO_PENDING_TASKS
[2026-08-07T22:00:52.852625+00:00] NO_PENDING_TASKS
[2026-08-07T22:01:52.853629+00:00] NO_PENDING_TASKS
[2026-08-07T22:02:52.854519+00:00] NO_PENDING_TASKS
[2026-08-07T22:03:52.855501+00:00] NO_PENDING_TASKS
[2026-08-07T22:04:52.856266+00:00] NO_PENDING_TASKS
[2026-08-07T22:05:52.857253+00:00] NO_PENDING_TASKS
[2026-08-07T22:06:52.858526+00:00] NO_PENDING_TASKS
[2026-08-07T22:07:52.859192+00:00] NO_PENDING_TASKS
[2026-08-07T22:08:52.860142+00:00] NO_PENDING_TASKS
[2026-08-07T22:09:52.860973+00:00] NO_PENDING_TASKS
[2026-08-07T22:10:52.861709+00:00] NO_PENDING_TASKS
[2026-08-07T22:11:52.862508+00:00] NO_PENDING_TASKS
[2026-08-07T22:12:52.864319+00:00] NO_PENDING_TASKS
[2026-08-07T22:13:52.865954+00:00] NO_PENDING_TASKS
[2026-08-07T22:14:52.867033+00:00] NO_PENDING_TASKS
[2026-08-07T22:15:52.867705+00:00] NO_PENDING_TASKS
[2026-08-07T22:16:52.868671+00:00] NO_PENDING_TASKS
[2026-08-07T22:17:52.870260+00:00] NO_PENDING_TASKS
[2026-08-07T22:18:52.871374+00:00] NO_PENDING_TASKS
[2026-08-07T22:19:52.872047+00:00] NO_PENDING_TASKS
[2026-08-07T22:20:52.873648+00:00] NO_PENDING_TASKS
[2026-08-07T22:21:52.874475+00:00] NO_PENDING_TASKS
[2026-08-07T22:22:52.875674+00:00] NO_PENDING_TASKS
[2026-08-07T22:23:52.877007+00:00] NO_PENDING_TASKS
[2026-08-07T22:24:52.878391+00:00] NO_PENDING_TASKS
[2026-08-07T22:25:52.879920+00:00] NO_PENDING_TASKS
[2026-08-07T22:26:52.880399+00:00] NO_PENDING_TASKS
[2026-08-07T22:27:52.881834+00:00] NO_PENDING_TASKS
[2026-08-07T22:28:52.882547+00:00] NO_PENDING_TASKS
[2026-08-07T22:29:52.883247+00:00] NO_PENDING_TASKS
[2026-08-07T22:30:52.884449+00:00] NO_PENDING_TASKS
[2026-08-07T22:31:52.885233+00:00] NO_PENDING_TASKS
[2026-08-07T22:32:52.885975+00:00] NO_PENDING_TASKS
[2026-08-07T22:33:52.886759+00:00] NO_PENDING_TASKS
[2026-08-07T22:34:52.888182+00:00] NO_PENDING_TASKS
[2026-08-07T22:35:52.889450+00:00] NO_PENDING_TASKS
[2026-08-07T22:36:52.891046+00:00] NO_PENDING_TASKS
[2026-08-07T22:37:52.891514+00:00] NO_PENDING_TASKS
[2026-08-07T22:38:52.892578+00:00] NO_PENDING_TASKS
[2026-08-07T22:39:52.893120+00:00] NO_PENDING_TASKS
[2026-08-07T22:40:52.894000+00:00] NO_PENDING_TASKS
[2026-08-07T22:41:52.894494+00:00] NO_PENDING_TASKS
[2026-08-07T22:42:52.895122+00:00] NO_PENDING_TASKS
[2026-08-07T22:43:52.896031+00:00] NO_PENDING_TASKS
[2026-08-07T22:44:52.896664+00:00] NO_PENDING_TASKS
[2026-08-07T22:45:52.898035+00:00] NO_PENDING_TASKS
[2026-08-07T22:46:52.899488+00:00] NO_PENDING_TASKS
[2026-08-07T22:47:52.900959+00:00] NO_PENDING_TASKS
[2026-08-07T22:48:52.901684+00:00] NO_PENDING_TASKS
[2026-08-07T22:49:52.902472+00:00] NO_PENDING_TASKS
[2026-08-07T22:50:52.903139+00:00] NO_PENDING_TASKS
[2026-08-07T22:51:52.904601+00:00] NO_PENDING_TASKS
[2026-08-07T22:52:52.905451+00:00] NO_PENDING_TASKS
[2026-08-07T22:53:52.906398+00:00] NO_PENDING_TASKS
[2026-08-07T22:54:52.907261+00:00] NO_PENDING_TASKS
[2026-08-07T22:55:52.907935+00:00] NO_PENDING_TASKS
[2026-08-07T22:56:52.909299+00:00] NO_PENDING_TASKS
[2026-08-07T22:57:52.909915+00:00] NO_PENDING_TASKS
[2026-08-07T22:58:52.910661+00:00] NO_PENDING_TASKS
[2026-08-07T22:59:52.911151+00:00] NO_PENDING_TASKS
[2026-08-07T23:00:52.912491+00:00] NO_PENDING_TASKS
[2026-08-07T23:01:52.913501+00:00] NO_PENDING_TASKS
[2026-08-07T23:02:52.914547+00:00] NO_PENDING_TASKS
[2026-08-07T23:03:52.915777+00:00] NO_PENDING_TASKS
[2026-08-07T23:04:52.916992+00:00] NO_PENDING_TASKS
[2026-08-07T23:05:52.917542+00:00] NO_PENDING_TASKS
[2026-08-07T23:06:52.918056+00:00] NO_PENDING_TASKS
[2026-08-07T23:07:52.919425+00:00] NO_PENDING_TASKS
[2026-08-07T23:08:52.920189+00:00] NO_PENDING_TASKS
[2026-08-07T23:09:52.921314+00:00] NO_PENDING_TASKS
[2026-08-07T23:10:52.922236+00:00] NO_PENDING_TASKS
[2026-08-07T23:11:52.922976+00:00] NO_PENDING_TASKS
[2026-08-07T23:12:52.923852+00:00] NO_PENDING_TASKS
[2026-08-07T23:13:52.924646+00:00] NO_PENDING_TASKS
[2026-08-07T23:14:52.925542+00:00] NO_PENDING_TASKS
[2026-08-07T23:15:52.926213+00:00] NO_PENDING_TASKS
[2026-08-07T23:16:52.927994+00:00] NO_PENDING_TASKS
[2026-08-07T23:17:52.929228+00:00] NO_PENDING_TASKS
[2026-08-07T23:18:52.930489+00:00] NO_PENDING_TASKS
[2026-08-07T23:19:52.931213+00:00] NO_PENDING_TASKS
[2026-08-07T23:20:52.932222+00:00] NO_PENDING_TASKS
[2026-08-07T23:21:52.934593+00:00] NO_PENDING_TASKS
[2026-08-07T23:22:52.935439+00:00] NO_PENDING_TASKS
[2026-08-07T23:23:52.936537+00:00] NO_PENDING_TASKS
[2026-08-07T23:24:52.938844+00:00] NO_PENDING_TASKS
[2026-08-07T23:25:52.939475+00:00] NO_PENDING_TASKS
[2026-08-07T23:26:52.940640+00:00] NO_PENDING_TASKS
[2026-08-07T23:27:52.941800+00:00] NO_PENDING_TASKS
[2026-08-07T23:28:52.942616+00:00] NO_PENDING_TASKS
[2026-08-07T23:29:52.943296+00:00] NO_PENDING_TASKS
[2026-08-07T23:30:52.943694+00:00] NO_PENDING_TASKS
[2026-08-07T23:31:52.944256+00:00] NO_PENDING_TASKS
[2026-08-07T23:32:52.944959+00:00] NO_PENDING_TASKS
[2026-08-07T23:33:52.946270+00:00] NO_PENDING_TASKS
[2026-08-07T23:34:52.947800+00:00] NO_PENDING_TASKS
[2026-08-07T23:35:52.949006+00:00] NO_PENDING_TASKS
[2026-08-07T23:36:52.949704+00:00] NO_PENDING_TASKS
[2026-08-07T23:37:52.950905+00:00] NO_PENDING_TASKS
[2026-08-07T23:38:52.952039+00:00] NO_PENDING_TASKS
[2026-08-07T23:39:52.953343+00:00] NO_PENDING_TASKS
[2026-08-07T23:40:52.954593+00:00] NO_PENDING_TASKS
[2026-08-07T23:41:52.956399+00:00] NO_PENDING_TASKS
[2026-08-07T23:42:52.957647+00:00] NO_PENDING_TASKS
[2026-08-07T23:43:52.958488+00:00] NO_PENDING_TASKS
[2026-08-07T23:44:52.959187+00:00] NO_PENDING_TASKS
[2026-08-07T23:45:52.960919+00:00] NO_PENDING_TASKS
[2026-08-07T23:46:52.961902+00:00] NO_PENDING_TASKS
[2026-08-07T23:47:52.963051+00:00] NO_PENDING_TASKS
[2026-08-07T23:48:52.963661+00:00] NO_PENDING_TASKS
[2026-08-07T23:49:52.964166+00:00] NO_PENDING_TASKS
[2026-08-07T23:50:52.964957+00:00] NO_PENDING_TASKS
[2026-08-07T23:51:52.966233+00:00] NO_PENDING_TASKS
[2026-08-07T23:52:52.967163+00:00] NO_PENDING_TASKS
[2026-08-07T23:53:52.967806+00:00] NO_PENDING_TASKS
[2026-08-07T23:54:52.968843+00:00] NO_PENDING_TASKS
[2026-08-07T23:55:52.970045+00:00] NO_PENDING_TASKS
[2026-08-07T23:56:52.971258+00:00] NO_PENDING_TASKS
[2026-08-07T23:57:52.972332+00:00] NO_PENDING_TASKS
[2026-08-07T23:58:52.972879+00:00] NO_PENDING_TASKS
[2026-08-07T23:59:52.974120+00:00] NO_PENDING_TASKS
[2026-08-08T00:00:52.974937+00:00] NO_PENDING_TASKS
[2026-08-08T00:01:52.976238+00:00] NO_PENDING_TASKS
[2026-08-08T00:02:52.977085+00:00] NO_PENDING_TASKS
[2026-08-08T00:03:52.978388+00:00] NO_PENDING_TASKS
[2026-08-08T00:04:52.979107+00:00] NO_PENDING_TASKS
[2026-08-08T00:05:52.979672+00:00] NO_PENDING_TASKS
[2026-08-08T00:06:52.980110+00:00] NO_PENDING_TASKS
[2026-08-08T00:07:52.981539+00:00] NO_PENDING_TASKS
[2026-08-08T00:08:52.982394+00:00] NO_PENDING_TASKS
[2026-08-08T00:09:52.983153+00:00] NO_PENDING_TASKS
[2026-08-08T00:10:52.983973+00:00] NO_PENDING_TASKS
[2026-08-08T00:11:52.984852+00:00] NO_PENDING_TASKS
[2026-08-08T00:12:52.985464+00:00] NO_PENDING_TASKS
[2026-08-08T00:13:52.985906+00:00] NO_PENDING_TASKS
[2026-08-08T00:14:52.986426+00:00] NO_PENDING_TASKS
[2026-08-08T00:15:52.987143+00:00] NO_PENDING_TASKS
[2026-08-08T00:16:52.987827+00:00] NO_PENDING_TASKS
[2026-08-08T00:17:52.988595+00:00] NO_PENDING_TASKS
[2026-08-08T00:18:52.989207+00:00] NO_PENDING_TASKS
[2026-08-08T00:19:52.989808+00:00] NO_PENDING_TASKS
[2026-08-08T00:20:52.990546+00:00] NO_PENDING_TASKS
[2026-08-08T00:21:52.991154+00:00] NO_PENDING_TASKS
[2026-08-08T00:22:52.992055+00:00] NO_PENDING_TASKS
[2026-08-08T00:23:52.992866+00:00] NO_PENDING_TASKS
[2026-08-08T00:24:52.993746+00:00] NO_PENDING_TASKS
[2026-08-08T00:25:52.994311+00:00] NO_PENDING_TASKS
[2026-08-08T00:26:52.994766+00:00] NO_PENDING_TASKS
[2026-08-08T00:27:52.995344+00:00] NO_PENDING_TASKS
[2026-08-08T00:28:52.996632+00:00] NO_PENDING_TASKS
[2026-08-08T00:29:52.997130+00:00] NO_PENDING_TASKS
[2026-08-08T00:30:52.997629+00:00] NO_PENDING_TASKS
[2026-08-08T00:31:52.998768+00:00] NO_PENDING_TASKS
[2026-08-08T00:32:53.000203+00:00] NO_PENDING_TASKS
[2026-08-08T00:33:53.002032+00:00] NO_PENDING_TASKS
[2026-08-08T00:34:53.002658+00:00] NO_PENDING_TASKS
[2026-08-08T00:35:53.004011+00:00] NO_PENDING_TASKS
[2026-08-08T00:36:53.005438+00:00] NO_PENDING_TASKS
[2026-08-08T00:37:53.007620+00:00] NO_PENDING_TASKS
[2026-08-08T00:38:53.008443+00:00] NO_PENDING_TASKS
[2026-08-08T00:39:53.009775+00:00] NO_PENDING_TASKS
[2026-08-08T00:40:53.010465+00:00] NO_PENDING_TASKS
[2026-08-08T00:41:53.011093+00:00] NO_PENDING_TASKS
[2026-08-08T00:42:53.012059+00:00] NO_PENDING_TASKS
[2026-08-08T00:43:53.013282+00:00] NO_PENDING_TASKS
[2026-08-08T00:44:53.014296+00:00] NO_PENDING_TASKS
[2026-08-08T00:45:53.015327+00:00] NO_PENDING_TASKS
[2026-08-08T00:46:53.016884+00:00] NO_PENDING_TASKS
[2026-08-08T00:47:53.017635+00:00] NO_PENDING_TASKS
[2026-08-08T00:48:53.018954+00:00] NO_PENDING_TASKS
[2026-08-08T00:49:53.020368+00:00] NO_PENDING_TASKS
[2026-08-08T00:50:53.021377+00:00] NO_PENDING_TASKS
[2026-08-08T00:51:53.022797+00:00] NO_PENDING_TASKS
[2026-08-08T00:52:53.024244+00:00] NO_PENDING_TASKS
[2026-08-08T00:53:53.025525+00:00] NO_PENDING_TASKS
[2026-08-08T00:54:53.027421+00:00] NO_PENDING_TASKS
[2026-08-08T00:55:53.029070+00:00] NO_PENDING_TASKS
[2026-08-08T00:56:53.029866+00:00] NO_PENDING_TASKS
[2026-08-08T00:57:53.031086+00:00] NO_PENDING_TASKS
[2026-08-08T00:58:53.032780+00:00] NO_PENDING_TASKS
[2026-08-08T00:59:53.033466+00:00] NO_PENDING_TASKS
[2026-08-08T01:00:53.034112+00:00] NO_PENDING_TASKS
[2026-08-08T01:01:53.035383+00:00] NO_PENDING_TASKS
[2026-08-08T01:02:53.036633+00:00] NO_PENDING_TASKS
[2026-08-08T01:03:53.037555+00:00] NO_PENDING_TASKS
[2026-08-08T01:04:53.038446+00:00] NO_PENDING_TASKS
[2026-08-08T01:05:53.038910+00:00] NO_PENDING_TASKS
[2026-08-08T01:06:53.039625+00:00] NO_PENDING_TASKS
[2026-08-08T01:07:53.040735+00:00] NO_PENDING_TASKS
[2026-08-08T01:08:53.041305+00:00] NO_PENDING_TASKS
[2026-08-08T01:09:53.041984+00:00] NO_PENDING_TASKS
[2026-08-08T01:10:53.042872+00:00] NO_PENDING_TASKS
[2026-08-08T01:11:53.044187+00:00] NO_PENDING_TASKS
[2026-08-08T01:12:53.045534+00:00] NO_PENDING_TASKS
[2026-08-08T01:13:53.046127+00:00] NO_PENDING_TASKS
[2026-08-08T01:14:53.047365+00:00] NO_PENDING_TASKS
[2026-08-08T01:15:53.047909+00:00] NO_PENDING_TASKS
[2026-08-08T01:16:53.048693+00:00] NO_PENDING_TASKS
[2026-08-08T01:17:53.049160+00:00] NO_PENDING_TASKS
[2026-08-08T01:18:53.050275+00:00] NO_PENDING_TASKS
[2026-08-08T01:19:53.051402+00:00] NO_PENDING_TASKS
[2026-08-08T01:20:53.052185+00:00] NO_PENDING_TASKS
[2026-08-08T01:21:53.053109+00:00] NO_PENDING_TASKS
[2026-08-08T01:22:53.053826+00:00] NO_PENDING_TASKS
[2026-08-08T01:23:53.054531+00:00] NO_PENDING_TASKS
[2026-08-08T01:24:53.055497+00:00] NO_PENDING_TASKS
[2026-08-08T01:25:53.057623+00:00] NO_PENDING_TASKS
[2026-08-08T01:26:53.058795+00:00] NO_PENDING_TASKS
[2026-08-08T01:27:53.060002+00:00] NO_PENDING_TASKS
[2026-08-08T01:28:53.061219+00:00] NO_PENDING_TASKS
[2026-08-08T01:29:53.062963+00:00] NO_PENDING_TASKS
[2026-08-08T01:30:53.063867+00:00] NO_PENDING_TASKS
[2026-08-08T01:31:53.065145+00:00] NO_PENDING_TASKS
[2026-08-08T01:32:53.066189+00:00] NO_PENDING_TASKS
[2026-08-08T01:33:53.067094+00:00] NO_PENDING_TASKS
[2026-08-08T01:34:53.067814+00:00] NO_PENDING_TASKS
[2026-08-08T01:35:53.069003+00:00] NO_PENDING_TASKS
[2026-08-08T01:36:53.070420+00:00] NO_PENDING_TASKS
[2026-08-08T01:37:53.071613+00:00] NO_PENDING_TASKS
[2026-08-08T01:38:53.072239+00:00] NO_PENDING_TASKS
[2026-08-08T01:39:53.073162+00:00] NO_PENDING_TASKS
[2026-08-08T01:40:53.073941+00:00] NO_PENDING_TASKS
[2026-08-08T01:41:53.074917+00:00] NO_PENDING_TASKS
[2026-08-08T01:42:53.075883+00:00] NO_PENDING_TASKS
[2026-08-08T01:43:53.077086+00:00] NO_PENDING_TASKS
[2026-08-08T01:44:53.077831+00:00] NO_PENDING_TASKS
[2026-08-08T01:45:53.079170+00:00] NO_PENDING_TASKS
[2026-08-08T01:46:53.080073+00:00] NO_PENDING_TASKS
[2026-08-08T01:47:53.080754+00:00] NO_PENDING_TASKS
[2026-08-08T01:48:53.081607+00:00] NO_PENDING_TASKS
[2026-08-08T01:49:53.082256+00:00] NO_PENDING_TASKS
[2026-08-08T01:50:53.083860+00:00] NO_PENDING_TASKS
[2026-08-08T01:51:53.087406+00:00] NO_PENDING_TASKS
[2026-08-08T01:52:53.088975+00:00] NO_PENDING_TASKS
[2026-08-08T01:53:53.089539+00:00] NO_PENDING_TASKS
[2026-08-08T01:54:53.090108+00:00] NO_PENDING_TASKS
[2026-08-08T01:55:53.091026+00:00] NO_PENDING_TASKS
[2026-08-08T01:56:53.092224+00:00] NO_PENDING_TASKS
[2026-08-08T01:57:53.092758+00:00] NO_PENDING_TASKS
[2026-08-08T01:58:53.093995+00:00] NO_PENDING_TASKS
[2026-08-08T01:59:53.094919+00:00] NO_PENDING_TASKS
[2026-08-08T02:00:53.095360+00:00] NO_PENDING_TASKS
[2026-08-08T02:01:53.096617+00:00] NO_PENDING_TASKS
[2026-08-08T02:02:53.098449+00:00] NO_PENDING_TASKS
[2026-08-08T02:03:53.099542+00:00] NO_PENDING_TASKS
[2026-08-08T02:04:53.100955+00:00] NO_PENDING_TASKS
[2026-08-08T02:05:53.101848+00:00] NO_PENDING_TASKS
[2026-08-08T02:06:53.102661+00:00] NO_PENDING_TASKS
[2026-08-08T02:07:53.103924+00:00] NO_PENDING_TASKS
[2026-08-08T02:08:53.104982+00:00] NO_PENDING_TASKS
[2026-08-08T02:09:53.105738+00:00] NO_PENDING_TASKS
[2026-08-08T02:10:53.106475+00:00] NO_PENDING_TASKS
[2026-08-08T02:11:53.107161+00:00] NO_PENDING_TASKS
[2026-08-08T02:12:53.107748+00:00] NO_PENDING_TASKS
[2026-08-08T02:13:53.108858+00:00] NO_PENDING_TASKS
[2026-08-08T02:14:53.109828+00:00] NO_PENDING_TASKS
[2026-08-08T02:15:53.110649+00:00] NO_PENDING_TASKS
[2026-08-08T02:16:53.112005+00:00] NO_PENDING_TASKS
[2026-08-08T02:17:53.112687+00:00] NO_PENDING_TASKS
[2026-08-08T02:18:53.113882+00:00] NO_PENDING_TASKS
[2026-08-08T02:19:53.115233+00:00] NO_PENDING_TASKS
[2026-08-08T02:20:53.115701+00:00] NO_PENDING_TASKS
[2026-08-08T02:21:53.116204+00:00] NO_PENDING_TASKS
[2026-08-08T02:22:53.116690+00:00] NO_PENDING_TASKS
[2026-08-08T02:23:53.117506+00:00] NO_PENDING_TASKS
[2026-08-08T02:24:53.118306+00:00] NO_PENDING_TASKS
[2026-08-08T02:25:53.119307+00:00] NO_PENDING_TASKS
[2026-08-08T02:26:53.120379+00:00] NO_PENDING_TASKS
[2026-08-08T02:27:53.121169+00:00] NO_PENDING_TASKS
[2026-08-08T02:28:53.122034+00:00] NO_PENDING_TASKS
[2026-08-08T02:29:53.122688+00:00] NO_PENDING_TASKS
[2026-08-08T02:30:53.124042+00:00] NO_PENDING_TASKS
[2026-08-08T02:31:53.125128+00:00] NO_PENDING_TASKS
[2026-08-08T02:32:53.126191+00:00] NO_PENDING_TASKS
[2026-08-08T02:33:53.127451+00:00] NO_PENDING_TASKS
[2026-08-08T02:34:53.128438+00:00] NO_PENDING_TASKS
[2026-08-08T02:35:53.129254+00:00] NO_PENDING_TASKS
[2026-08-08T02:36:53.130355+00:00] NO_PENDING_TASKS
[2026-08-08T02:37:53.131338+00:00] NO_PENDING_TASKS
[2026-08-08T02:38:53.132354+00:00] NO_PENDING_TASKS
[2026-08-08T02:39:53.133006+00:00] NO_PENDING_TASKS
[2026-08-08T02:40:53.133933+00:00] NO_PENDING_TASKS
[2026-08-08T02:41:53.134789+00:00] NO_PENDING_TASKS
[2026-08-08T02:42:53.136204+00:00] NO_PENDING_TASKS
[2026-08-08T02:43:53.136908+00:00] NO_PENDING_TASKS
[2026-08-08T02:44:53.137406+00:00] NO_PENDING_TASKS
[2026-08-08T02:45:53.137955+00:00] NO_PENDING_TASKS
[2026-08-08T02:46:53.139317+00:00] NO_PENDING_TASKS
[2026-08-08T02:47:53.140204+00:00] NO_PENDING_TASKS
[2026-08-08T02:48:53.140733+00:00] NO_PENDING_TASKS
[2026-08-08T02:49:53.141683+00:00] NO_PENDING_TASKS
[2026-08-08T02:50:53.142987+00:00] NO_PENDING_TASKS
[2026-08-08T02:51:53.143504+00:00] NO_PENDING_TASKS
[2026-08-08T02:52:53.144646+00:00] NO_PENDING_TASKS
[2026-08-08T02:53:53.145444+00:00] NO_PENDING_TASKS
[2026-08-08T02:54:53.146127+00:00] NO_PENDING_TASKS
[2026-08-08T02:55:53.146727+00:00] NO_PENDING_TASKS
[2026-08-08T02:56:53.147555+00:00] NO_PENDING_TASKS
[2026-08-08T02:57:53.148869+00:00] NO_PENDING_TASKS
[2026-08-08T02:58:53.150150+00:00] NO_PENDING_TASKS
[2026-08-08T02:59:53.150807+00:00] NO_PENDING_TASKS
[2026-08-08T03:00:53.151640+00:00] NO_PENDING_TASKS
[2026-08-08T03:01:53.152166+00:00] NO_PENDING_TASKS
[2026-08-08T03:02:53.152738+00:00] NO_PENDING_TASKS
[2026-08-08T03:03:53.153549+00:00] NO_PENDING_TASKS
[2026-08-08T03:04:53.154417+00:00] NO_PENDING_TASKS
[2026-08-08T03:05:53.155760+00:00] NO_PENDING_TASKS
[2026-08-08T03:06:53.156684+00:00] NO_PENDING_TASKS
[2026-08-08T03:07:53.158041+00:00] NO_PENDING_TASKS
