[2026-08-07T19:37:18.567961+00:00] FLEET_DEPLOYMENT_OODA_START
[2026-08-07T19:37:18.568487+00:00] Total=6 Pending=6
[2026-08-07T19:37:18.568648+00:00] WORKING fleet-001: Verify Fleet_Tools_Deployment manifest and extracted artifacts
[2026-08-07T19:37:18.568781+00:00] WORKING fleet-002: Smoke-test extracted bundles: syntax/import validation
[2026-08-07T19:37:18.568910+00:00] WORKING fleet-003: Organize Obsidian vault: link Fleet_Tools_Deployment into Operations index
[2026-08-07T19:37:18.569033+00:00] WORKING fleet-004: Wire tool health checks into automated_verification.py
[2026-08-07T19:37:18.569239+00:00] WORKING fleet-005: Create continuous OODA tasklist for fleet deployment verification
[2026-08-07T19:37:18.570711+00:00] FLEET_DEPLOYMENT_OODA_COMPLETE
[2026-08-07T19:40:39.865370+00:00] FLEET_DEPLOYMENT_OODA_START
[2026-08-07T19:40:39.865730+00:00] Total=6 Pending=1
[2026-08-07T19:40:39.865851+00:00] WORKING fleet-006: Verify VOID Discord webhook connection request delivered
[2026-08-07T19:40:39.866224+00:00] FLEET_DEPLOYMENT_OODA_COMPLETE
[2026-08-07T19:41:36.790308+00:00] FLEET_DEPLOYMENT_OODA_START
[2026-08-07T19:41:36.790747+00:00] Total=5 Pending=5
[2026-08-07T19:41:36.790922+00:00] WORKING fleet-101: Verify fleet tool syntax remains valid
[2026-08-07T19:41:36.791153+00:00] WORKING fleet-102: Verify fleet deployment manifest matches extracted files
[2026-08-07T19:41:36.791334+00:00] WORKING fleet-103: Verify fleet docs linked in Obsidian _INDEX.md
[2026-08-07T19:41:36.791508+00:00] WORKING fleet-104: Verify automated_verification.py includes fleet checks
[2026-08-07T19:41:36.791677+00:00] WORKING fleet-105: Check VOID Discord webhook request status
[2026-08-07T19:41:36.792180+00:00] FLEET_DEPLOYMENT_OODA_COMPLETE
[2026-08-07T19:42:11.419393+00:00] FLEET_DEPLOYMENT_OODA_LOOP_START
[2026-08-07T19:42:11.419746+00:00] Total=5 Pending=5
[2026-08-07T19:42:11.419870+00:00] WORKING fleet-201: Verify fleet tool syntax remains valid
[2026-08-07T19:42:11.419979+00:00] WORKING fleet-202: Verify fleet deployment manifest matches extracted files
[2026-08-07T19:42:11.420114+00:00] WORKING fleet-203: Verify fleet docs linked in Obsidian _INDEX.md
[2026-08-07T19:42:11.420228+00:00] WORKING fleet-204: Verify automated_verification.py includes fleet checks
[2026-08-07T19:42:11.420393+00:00] WORKING fleet-205: Check VOID Discord webhook request status
[2026-08-07T19:42:11.429509+00:00] NO_PENDING_TASKS
[2026-08-07T19:43:11.430013+00:00] NO_PENDING_TASKS
[2026-08-07T19:44:11.430548+00:00] NO_PENDING_TASKS
[2026-08-07T19:45:11.431013+00:00] NO_PENDING_TASKS
[2026-08-07T19:46:11.432443+00:00] NO_PENDING_TASKS
[2026-08-07T19:47:11.433602+00:00] NO_PENDING_TASKS
[2026-08-07T20:12:23.320279+00:00] FLEET_DEPLOYMENT_OODA_LOOP_START
[2026-08-07T20:12:23.320928+00:00] Total=8 Pending=7
[2026-08-07T20:12:23.321184+00:00] WORKING fleet-202: Verify fleet deployment manifest matches extracted files
[2026-08-07T20:12:23.321379+00:00] WORKING fleet-203: Verify fleet docs linked in Obsidian _INDEX.md
[2026-08-07T20:12:23.321578+00:00] WORKING fleet-204: Verify automated_verification.py includes fleet checks
[2026-08-07T20:12:23.321790+00:00] WORKING fleet-205: Check VOID Discord webhook request status
[2026-08-07T20:12:23.321976+00:00] WORKING fleet-301: Create Trello cards for 32-tool system and Discord bot buildout
[2026-08-07T20:12:23.336328+00:00] Total=8 Pending=2
[2026-08-07T20:12:23.336855+00:00] WORKING fleet-302: Send Discord bot/webhook coordination ask to Sir Green/Sir Azure
[2026-08-07T20:12:23.337192+00:00] WORKING fleet-303: Work Trello cards for Discord automation end to end
[2026-08-07T20:12:23.357065+00:00] NO_PENDING_TASKS
[2026-08-07T20:13:23.358706+00:00] NO_PENDING_TASKS
[2026-08-07T20:14:23.359851+00:00] NO_PENDING_TASKS
[2026-08-07T20:15:23.361206+00:00] NO_PENDING_TASKS
[2026-08-07T20:16:23.362413+00:00] NO_PENDING_TASKS
[2026-08-07T20:17:23.362948+00:00] NO_PENDING_TASKS
[2026-08-07T20:18:23.364313+00:00] NO_PENDING_TASKS
[2026-08-07T20:19:23.364888+00:00] NO_PENDING_TASKS
[2026-08-07T20:20:23.365510+00:00] NO_PENDING_TASKS
[2026-08-07T20:21:23.366347+00:00] NO_PENDING_TASKS
[2026-08-07T20:22:23.367449+00:00] NO_PENDING_TASKS
[2026-08-07T20:23:23.368636+00:00] NO_PENDING_TASKS
[2026-08-07T20:24:23.369789+00:00] NO_PENDING_TASKS
[2026-08-07T20:25:23.370516+00:00] NO_PENDING_TASKS
[2026-08-07T20:26:23.371202+00:00] NO_PENDING_TASKS
[2026-08-07T20:27:23.371723+00:00] NO_PENDING_TASKS
[2026-08-07T20:28:23.372553+00:00] NO_PENDING_TASKS
[2026-08-07T20:29:23.373587+00:00] NO_PENDING_TASKS
[2026-08-07T20:30:23.374628+00:00] NO_PENDING_TASKS
[2026-08-07T20:31:23.375636+00:00] NO_PENDING_TASKS
[2026-08-07T20:32:23.376442+00:00] NO_PENDING_TASKS
[2026-08-07T20:33:23.377647+00:00] NO_PENDING_TASKS
[2026-08-07T20:34:23.379057+00:00] NO_PENDING_TASKS
[2026-08-07T20:35:23.380232+00:00] NO_PENDING_TASKS
[2026-08-07T20:36:23.381290+00:00] NO_PENDING_TASKS
[2026-08-07T20:37:23.382193+00:00] NO_PENDING_TASKS
[2026-08-07T20:38:23.383406+00:00] NO_PENDING_TASKS
[2026-08-07T20:39:23.385045+00:00] NO_PENDING_TASKS
[2026-08-07T20:40:23.385517+00:00] NO_PENDING_TASKS
[2026-08-07T20:41:23.386310+00:00] NO_PENDING_TASKS
[2026-08-07T20:42:23.386861+00:00] NO_PENDING_TASKS
[2026-08-07T20:43:23.387713+00:00] NO_PENDING_TASKS
[2026-08-07T20:44:23.388529+00:00] NO_PENDING_TASKS
[2026-08-07T20:45:23.389581+00:00] NO_PENDING_TASKS
[2026-08-07T20:46:23.391118+00:00] NO_PENDING_TASKS
[2026-08-07T20:47:23.391910+00:00] NO_PENDING_TASKS
[2026-08-07T20:48:23.392320+00:00] NO_PENDING_TASKS
[2026-08-07T20:49:23.392791+00:00] NO_PENDING_TASKS
[2026-08-07T20:50:23.394170+00:00] NO_PENDING_TASKS
[2026-08-07T20:51:23.395646+00:00] NO_PENDING_TASKS
[2026-08-07T20:52:23.396207+00:00] NO_PENDING_TASKS
[2026-08-07T20:53:23.396725+00:00] NO_PENDING_TASKS
[2026-08-07T20:54:23.397421+00:00] NO_PENDING_TASKS
[2026-08-07T20:55:23.398345+00:00] NO_PENDING_TASKS
[2026-08-07T20:56:23.399145+00:00] NO_PENDING_TASKS
[2026-08-07T20:57:23.399967+00:00] NO_PENDING_TASKS
[2026-08-07T20:58:23.400519+00:00] NO_PENDING_TASKS
[2026-08-07T20:59:23.401414+00:00] NO_PENDING_TASKS
[2026-08-07T21:00:23.402999+00:00] NO_PENDING_TASKS
[2026-08-07T21:01:23.404350+00:00] NO_PENDING_TASKS
[2026-08-07T21:02:23.405793+00:00] NO_PENDING_TASKS
[2026-08-07T21:03:23.406829+00:00] NO_PENDING_TASKS
[2026-08-07T21:04:23.408334+00:00] NO_PENDING_TASKS
[2026-08-07T21:05:23.409170+00:00] NO_PENDING_TASKS
[2026-08-07T21:06:23.410336+00:00] NO_PENDING_TASKS
[2026-08-07T21:07:23.410873+00:00] NO_PENDING_TASKS
[2026-08-07T21:08:23.411318+00:00] NO_PENDING_TASKS
[2026-08-07T21:09:23.412064+00:00] NO_PENDING_TASKS
[2026-08-07T21:10:23.412844+00:00] NO_PENDING_TASKS
[2026-08-07T21:11:23.414270+00:00] NO_PENDING_TASKS
[2026-08-07T21:12:23.415713+00:00] NO_PENDING_TASKS
[2026-08-07T21:13:23.416208+00:00] NO_PENDING_TASKS
[2026-08-07T21:14:23.417271+00:00] NO_PENDING_TASKS
[2026-08-07T21:15:23.418768+00:00] NO_PENDING_TASKS
[2026-08-07T21:16:23.419367+00:00] NO_PENDING_TASKS
[2026-08-07T21:17:23.419861+00:00] NO_PENDING_TASKS
[2026-08-07T21:18:23.420760+00:00] NO_PENDING_TASKS
[2026-08-07T21:19:23.421814+00:00] NO_PENDING_TASKS
[2026-08-07T21:20:23.423216+00:00] NO_PENDING_TASKS
[2026-08-07T21:21:23.424484+00:00] NO_PENDING_TASKS
[2026-08-07T21:22:23.425342+00:00] NO_PENDING_TASKS
[2026-08-07T21:23:23.426784+00:00] NO_PENDING_TASKS
[2026-08-07T21:24:23.427688+00:00] NO_PENDING_TASKS
[2026-08-07T21:25:23.428824+00:00] NO_PENDING_TASKS
[2026-08-07T21:26:23.429807+00:00] NO_PENDING_TASKS
[2026-08-07T21:27:23.430412+00:00] NO_PENDING_TASKS
[2026-08-07T21:28:23.431021+00:00] NO_PENDING_TASKS
[2026-08-07T21:29:23.432308+00:00] NO_PENDING_TASKS
[2026-08-07T21:30:23.433423+00:00] NO_PENDING_TASKS
[2026-08-07T21:31:23.434599+00:00] NO_PENDING_TASKS
[2026-08-07T21:32:23.435545+00:00] NO_PENDING_TASKS
[2026-08-07T21:33:23.436034+00:00] NO_PENDING_TASKS
[2026-08-07T21:34:23.436788+00:00] NO_PENDING_TASKS
[2026-08-07T21:35:23.437285+00:00] NO_PENDING_TASKS
[2026-08-07T21:36:23.438243+00:00] NO_PENDING_TASKS
[2026-08-07T21:37:23.438715+00:00] NO_PENDING_TASKS
[2026-08-07T21:38:23.439358+00:00] NO_PENDING_TASKS
[2026-08-07T21:39:23.440294+00:00] NO_PENDING_TASKS
[2026-08-07T21:40:23.441376+00:00] NO_PENDING_TASKS
[2026-08-07T21:41:23.442014+00:00] NO_PENDING_TASKS
[2026-08-07T21:42:23.442799+00:00] NO_PENDING_TASKS
[2026-08-07T21:43:23.443859+00:00] NO_PENDING_TASKS
[2026-08-07T21:44:23.445075+00:00] NO_PENDING_TASKS
[2026-08-07T21:45:23.445741+00:00] NO_PENDING_TASKS
[2026-08-07T21:46:23.446227+00:00] NO_PENDING_TASKS
[2026-08-07T21:47:23.447712+00:00] NO_PENDING_TASKS
[2026-08-07T21:48:23.448698+00:00] NO_PENDING_TASKS
[2026-08-07T21:49:23.449668+00:00] NO_PENDING_TASKS
[2026-08-07T21:50:23.451219+00:00] NO_PENDING_TASKS
[2026-08-07T21:51:23.452246+00:00] NO_PENDING_TASKS
[2026-08-07T21:52:23.452752+00:00] NO_PENDING_TASKS
[2026-08-07T21:53:23.453389+00:00] NO_PENDING_TASKS
[2026-08-07T21:54:23.453903+00:00] NO_PENDING_TASKS
[2026-08-07T21:55:23.454607+00:00] NO_PENDING_TASKS
[2026-08-07T21:56:23.455858+00:00] NO_PENDING_TASKS
[2026-08-07T21:57:23.456698+00:00] NO_PENDING_TASKS
[2026-08-07T21:58:23.458347+00:00] NO_PENDING_TASKS
[2026-08-07T21:59:23.459697+00:00] NO_PENDING_TASKS
[2026-08-07T22:00:23.460597+00:00] NO_PENDING_TASKS
[2026-08-07T22:01:23.461501+00:00] NO_PENDING_TASKS
[2026-08-07T22:02:23.462374+00:00] NO_PENDING_TASKS
[2026-08-07T22:03:23.463310+00:00] NO_PENDING_TASKS
[2026-08-07T22:04:23.464825+00:00] NO_PENDING_TASKS
[2026-08-07T22:05:23.466285+00:00] NO_PENDING_TASKS
[2026-08-07T22:06:23.466994+00:00] NO_PENDING_TASKS
[2026-08-07T22:07:23.468207+00:00] NO_PENDING_TASKS
[2026-08-07T22:08:23.469652+00:00] NO_PENDING_TASKS
[2026-08-07T22:09:23.470556+00:00] NO_PENDING_TASKS
[2026-08-07T22:10:23.471630+00:00] NO_PENDING_TASKS
[2026-08-07T22:11:23.472335+00:00] NO_PENDING_TASKS
[2026-08-07T22:12:23.472908+00:00] NO_PENDING_TASKS
[2026-08-07T22:13:23.473518+00:00] NO_PENDING_TASKS
[2026-08-07T22:14:23.474717+00:00] NO_PENDING_TASKS
[2026-08-07T22:15:23.475823+00:00] NO_PENDING_TASKS
[2026-08-07T22:16:23.477164+00:00] NO_PENDING_TASKS
[2026-08-07T22:17:23.478161+00:00] NO_PENDING_TASKS
[2026-08-07T22:18:23.479205+00:00] NO_PENDING_TASKS
[2026-08-07T22:19:23.480978+00:00] NO_PENDING_TASKS
[2026-08-07T22:20:23.481919+00:00] NO_PENDING_TASKS
[2026-08-07T22:21:23.482630+00:00] NO_PENDING_TASKS
[2026-08-07T22:22:23.483407+00:00] NO_PENDING_TASKS
[2026-08-07T22:23:23.484099+00:00] NO_PENDING_TASKS
[2026-08-07T22:24:23.485011+00:00] NO_PENDING_TASKS
[2026-08-07T22:25:23.485805+00:00] NO_PENDING_TASKS
[2026-08-07T22:26:23.486644+00:00] NO_PENDING_TASKS
[2026-08-07T22:27:23.489668+00:00] NO_PENDING_TASKS
[2026-08-07T22:28:23.490848+00:00] NO_PENDING_TASKS
[2026-08-07T22:29:23.491700+00:00] NO_PENDING_TASKS
[2026-08-07T22:30:23.494879+00:00] NO_PENDING_TASKS
[2026-08-07T22:31:23.496472+00:00] NO_PENDING_TASKS
[2026-08-07T22:32:23.497625+00:00] NO_PENDING_TASKS
[2026-08-07T22:33:23.498240+00:00] NO_PENDING_TASKS
[2026-08-07T22:34:23.499429+00:00] NO_PENDING_TASKS
[2026-08-07T22:35:23.500476+00:00] NO_PENDING_TASKS
[2026-08-07T22:36:23.502735+00:00] NO_PENDING_TASKS
[2026-08-07T22:37:23.503641+00:00] NO_PENDING_TASKS
[2026-08-07T22:38:23.504746+00:00] NO_PENDING_TASKS
[2026-08-07T22:39:23.505488+00:00] NO_PENDING_TASKS
[2026-08-07T22:40:23.506322+00:00] NO_PENDING_TASKS
[2026-08-07T22:41:23.507407+00:00] NO_PENDING_TASKS
[2026-08-07T22:42:23.508216+00:00] NO_PENDING_TASKS
[2026-08-07T22:43:23.508874+00:00] NO_PENDING_TASKS
[2026-08-07T22:44:23.509665+00:00] NO_PENDING_TASKS
[2026-08-07T22:45:23.511026+00:00] NO_PENDING_TASKS
[2026-08-07T22:46:23.512228+00:00] NO_PENDING_TASKS
[2026-08-07T22:47:23.513433+00:00] NO_PENDING_TASKS
[2026-08-07T22:48:23.514372+00:00] NO_PENDING_TASKS
[2026-08-07T22:49:23.515343+00:00] NO_PENDING_TASKS
[2026-08-07T22:50:23.523143+00:00] NO_PENDING_TASKS
[2026-08-07T22:51:23.530354+00:00] NO_PENDING_TASKS
[2026-08-07T22:52:23.531189+00:00] NO_PENDING_TASKS
[2026-08-07T22:53:23.532795+00:00] NO_PENDING_TASKS
[2026-08-07T22:54:23.534237+00:00] NO_PENDING_TASKS
[2026-08-07T22:55:23.535472+00:00] NO_PENDING_TASKS
[2026-08-07T22:56:23.536568+00:00] NO_PENDING_TASKS
[2026-08-07T22:57:23.538571+00:00] NO_PENDING_TASKS
[2026-08-07T22:58:23.543277+00:00] NO_PENDING_TASKS
[2026-08-07T22:59:23.544513+00:00] NO_PENDING_TASKS
[2026-08-07T23:00:23.545364+00:00] NO_PENDING_TASKS
[2026-08-07T23:01:23.546253+00:00] NO_PENDING_TASKS
[2026-08-07T23:02:23.546881+00:00] NO_PENDING_TASKS
[2026-08-07T23:03:23.561772+00:00] NO_PENDING_TASKS
[2026-08-07T23:04:23.565130+00:00] NO_PENDING_TASKS
[2026-08-07T23:05:23.565817+00:00] NO_PENDING_TASKS
[2026-08-07T23:06:23.566769+00:00] NO_PENDING_TASKS
[2026-08-07T23:07:23.567414+00:00] NO_PENDING_TASKS
[2026-08-07T23:08:23.568016+00:00] NO_PENDING_TASKS
[2026-08-07T23:09:23.568917+00:00] NO_PENDING_TASKS
[2026-08-07T23:10:23.570413+00:00] NO_PENDING_TASKS
[2026-08-07T23:11:23.573361+00:00] NO_PENDING_TASKS
[2026-08-07T23:12:23.574717+00:00] NO_PENDING_TASKS
[2026-08-07T23:13:23.575961+00:00] NO_PENDING_TASKS
[2026-08-07T23:14:23.577042+00:00] NO_PENDING_TASKS
[2026-08-07T23:15:23.577788+00:00] NO_PENDING_TASKS
[2026-08-07T23:16:23.578469+00:00] NO_PENDING_TASKS
[2026-08-07T23:17:23.579666+00:00] NO_PENDING_TASKS
[2026-08-07T23:18:23.580806+00:00] NO_PENDING_TASKS
[2026-08-07T23:19:23.582088+00:00] NO_PENDING_TASKS
[2026-08-07T23:20:23.583217+00:00] NO_PENDING_TASKS
[2026-08-07T23:21:23.583996+00:00] NO_PENDING_TASKS
[2026-08-07T23:22:23.585279+00:00] NO_PENDING_TASKS
[2026-08-07T23:23:23.586515+00:00] NO_PENDING_TASKS
[2026-08-07T23:24:23.587540+00:00] NO_PENDING_TASKS
[2026-08-07T23:25:23.589835+00:00] NO_PENDING_TASKS
[2026-08-07T23:26:23.590751+00:00] NO_PENDING_TASKS
[2026-08-07T23:27:23.592000+00:00] NO_PENDING_TASKS
[2026-08-07T23:28:23.593773+00:00] NO_PENDING_TASKS
[2026-08-07T23:29:23.595006+00:00] NO_PENDING_TASKS
[2026-08-07T23:30:23.596093+00:00] NO_PENDING_TASKS
[2026-08-07T23:31:23.596898+00:00] NO_PENDING_TASKS
[2026-08-07T23:32:23.597693+00:00] NO_PENDING_TASKS
[2026-08-07T23:33:23.598508+00:00] NO_PENDING_TASKS
[2026-08-07T23:34:23.599384+00:00] NO_PENDING_TASKS
[2026-08-07T23:35:23.600131+00:00] NO_PENDING_TASKS
[2026-08-07T23:36:23.601212+00:00] NO_PENDING_TASKS
[2026-08-07T23:37:23.602188+00:00] NO_PENDING_TASKS
[2026-08-07T23:38:23.603132+00:00] NO_PENDING_TASKS
[2026-08-07T23:39:23.603781+00:00] NO_PENDING_TASKS
[2026-08-07T23:40:23.604999+00:00] NO_PENDING_TASKS
[2026-08-07T23:41:23.605479+00:00] NO_PENDING_TASKS
[2026-08-07T23:42:23.606824+00:00] NO_PENDING_TASKS
[2026-08-07T23:43:23.607958+00:00] NO_PENDING_TASKS
[2026-08-07T23:44:23.608512+00:00] NO_PENDING_TASKS
[2026-08-07T23:45:23.609490+00:00] NO_PENDING_TASKS
[2026-08-07T23:46:23.610686+00:00] NO_PENDING_TASKS
[2026-08-07T23:47:23.611651+00:00] NO_PENDING_TASKS
[2026-08-07T23:48:23.612807+00:00] NO_PENDING_TASKS
[2026-08-07T23:49:23.614596+00:00] NO_PENDING_TASKS
[2026-08-07T23:50:23.616022+00:00] NO_PENDING_TASKS
[2026-08-07T23:51:23.617611+00:00] NO_PENDING_TASKS
[2026-08-07T23:52:23.618509+00:00] NO_PENDING_TASKS
[2026-08-07T23:53:23.619040+00:00] NO_PENDING_TASKS
[2026-08-07T23:54:23.620137+00:00] NO_PENDING_TASKS
[2026-08-07T23:55:23.622142+00:00] NO_PENDING_TASKS
[2026-08-07T23:56:23.622683+00:00] NO_PENDING_TASKS
[2026-08-07T23:57:23.623239+00:00] NO_PENDING_TASKS
[2026-08-07T23:58:23.624715+00:00] NO_PENDING_TASKS
[2026-08-07T23:59:23.625508+00:00] NO_PENDING_TASKS
[2026-08-08T00:00:23.626919+00:00] NO_PENDING_TASKS
[2026-08-08T00:01:23.627891+00:00] NO_PENDING_TASKS
[2026-08-08T00:02:23.628444+00:00] NO_PENDING_TASKS
[2026-08-08T00:03:23.629884+00:00] NO_PENDING_TASKS
[2026-08-08T00:04:23.630845+00:00] NO_PENDING_TASKS
[2026-08-08T00:05:23.632155+00:00] NO_PENDING_TASKS
[2026-08-08T00:06:23.633539+00:00] NO_PENDING_TASKS
[2026-08-08T00:07:23.634201+00:00] NO_PENDING_TASKS
[2026-08-08T00:08:23.634993+00:00] NO_PENDING_TASKS
[2026-08-08T00:09:23.635809+00:00] NO_PENDING_TASKS
[2026-08-08T00:10:23.636615+00:00] NO_PENDING_TASKS
[2026-08-08T00:11:23.637560+00:00] NO_PENDING_TASKS
[2026-08-08T00:12:23.638775+00:00] NO_PENDING_TASKS
[2026-08-08T00:13:23.640204+00:00] NO_PENDING_TASKS
[2026-08-08T00:14:23.642594+00:00] NO_PENDING_TASKS
[2026-08-08T00:15:23.643491+00:00] NO_PENDING_TASKS
[2026-08-08T00:16:23.644131+00:00] NO_PENDING_TASKS
[2026-08-08T00:17:23.645540+00:00] NO_PENDING_TASKS
[2026-08-08T00:18:23.647068+00:00] NO_PENDING_TASKS
[2026-08-08T00:19:23.647851+00:00] NO_PENDING_TASKS
[2026-08-08T00:20:23.648374+00:00] NO_PENDING_TASKS
[2026-08-08T00:21:23.648847+00:00] NO_PENDING_TASKS
[2026-08-08T00:22:23.650076+00:00] NO_PENDING_TASKS
[2026-08-08T00:23:23.650905+00:00] NO_PENDING_TASKS
[2026-08-08T00:24:23.651343+00:00] NO_PENDING_TASKS
[2026-08-08T00:25:23.652365+00:00] NO_PENDING_TASKS
[2026-08-08T00:26:23.653401+00:00] NO_PENDING_TASKS
[2026-08-08T00:27:23.654765+00:00] NO_PENDING_TASKS
[2026-08-08T00:28:23.656117+00:00] NO_PENDING_TASKS
[2026-08-08T00:29:23.656642+00:00] NO_PENDING_TASKS
[2026-08-08T00:30:23.657234+00:00] NO_PENDING_TASKS
[2026-08-08T00:31:23.658103+00:00] NO_PENDING_TASKS
[2026-08-08T00:32:23.658776+00:00] NO_PENDING_TASKS
[2026-08-08T00:33:23.659703+00:00] NO_PENDING_TASKS
[2026-08-08T00:34:23.660208+00:00] NO_PENDING_TASKS
[2026-08-08T00:35:23.661161+00:00] NO_PENDING_TASKS
[2026-08-08T00:36:23.662051+00:00] NO_PENDING_TASKS
[2026-08-08T00:37:23.672313+00:00] NO_PENDING_TASKS
[2026-08-08T00:38:23.672921+00:00] NO_PENDING_TASKS
[2026-08-08T00:39:23.673973+00:00] NO_PENDING_TASKS
[2026-08-08T00:40:23.675347+00:00] NO_PENDING_TASKS
[2026-08-08T00:41:23.676651+00:00] NO_PENDING_TASKS
[2026-08-08T00:42:23.678039+00:00] NO_PENDING_TASKS
[2026-08-08T00:43:23.678561+00:00] NO_PENDING_TASKS
[2026-08-08T00:44:23.679520+00:00] NO_PENDING_TASKS
[2026-08-08T00:45:23.680821+00:00] NO_PENDING_TASKS
[2026-08-08T00:46:23.681577+00:00] NO_PENDING_TASKS
[2026-08-08T00:47:23.682090+00:00] NO_PENDING_TASKS
[2026-08-08T00:48:23.683418+00:00] NO_PENDING_TASKS
[2026-08-08T00:49:23.684302+00:00] NO_PENDING_TASKS
[2026-08-08T00:50:23.684924+00:00] NO_PENDING_TASKS
[2026-08-08T00:51:23.685357+00:00] NO_PENDING_TASKS
[2026-08-08T00:52:23.686257+00:00] NO_PENDING_TASKS
[2026-08-08T00:53:23.686954+00:00] NO_PENDING_TASKS
[2026-08-08T00:54:23.688298+00:00] NO_PENDING_TASKS
[2026-08-08T00:55:23.689073+00:00] NO_PENDING_TASKS
[2026-08-08T00:56:23.689926+00:00] NO_PENDING_TASKS
[2026-08-08T00:57:23.691532+00:00] NO_PENDING_TASKS
[2026-08-08T00:58:23.692202+00:00] NO_PENDING_TASKS
[2026-08-08T00:59:23.693064+00:00] NO_PENDING_TASKS
[2026-08-08T01:00:23.693707+00:00] NO_PENDING_TASKS
[2026-08-08T01:01:23.694702+00:00] NO_PENDING_TASKS
[2026-08-08T01:02:23.695745+00:00] NO_PENDING_TASKS
[2026-08-08T01:03:23.696565+00:00] NO_PENDING_TASKS
[2026-08-08T01:04:23.697621+00:00] NO_PENDING_TASKS
[2026-08-08T01:05:23.698541+00:00] NO_PENDING_TASKS
[2026-08-08T01:06:23.699538+00:00] NO_PENDING_TASKS
[2026-08-08T01:07:23.700448+00:00] NO_PENDING_TASKS
[2026-08-08T01:08:23.701206+00:00] NO_PENDING_TASKS
[2026-08-08T01:09:23.702453+00:00] NO_PENDING_TASKS
[2026-08-08T01:10:23.703058+00:00] NO_PENDING_TASKS
[2026-08-08T01:11:23.703847+00:00] NO_PENDING_TASKS
[2026-08-08T01:12:23.705288+00:00] NO_PENDING_TASKS
[2026-08-08T01:13:23.706026+00:00] NO_PENDING_TASKS
[2026-08-08T01:14:23.707040+00:00] NO_PENDING_TASKS
[2026-08-08T01:15:23.708197+00:00] NO_PENDING_TASKS
[2026-08-08T01:16:23.709583+00:00] NO_PENDING_TASKS
[2026-08-08T01:17:23.710388+00:00] NO_PENDING_TASKS
[2026-08-08T01:18:23.711098+00:00] NO_PENDING_TASKS
[2026-08-08T01:19:23.711855+00:00] NO_PENDING_TASKS
[2026-08-08T01:20:23.713500+00:00] NO_PENDING_TASKS
[2026-08-08T01:21:23.714341+00:00] NO_PENDING_TASKS
[2026-08-08T01:22:23.715423+00:00] NO_PENDING_TASKS
[2026-08-08T01:23:23.716618+00:00] NO_PENDING_TASKS
[2026-08-08T01:24:23.717515+00:00] NO_PENDING_TASKS
[2026-08-08T01:25:23.718412+00:00] NO_PENDING_TASKS
[2026-08-08T01:26:23.719167+00:00] NO_PENDING_TASKS
[2026-08-08T01:27:23.719861+00:00] NO_PENDING_TASKS
[2026-08-08T01:28:23.720811+00:00] NO_PENDING_TASKS
[2026-08-08T01:29:23.721438+00:00] NO_PENDING_TASKS
[2026-08-08T01:30:23.722717+00:00] NO_PENDING_TASKS
[2026-08-08T01:31:23.723441+00:00] NO_PENDING_TASKS
[2026-08-08T01:32:23.724301+00:00] NO_PENDING_TASKS
[2026-08-08T01:33:23.725773+00:00] NO_PENDING_TASKS
[2026-08-08T01:34:23.726923+00:00] NO_PENDING_TASKS
[2026-08-08T01:35:23.728276+00:00] NO_PENDING_TASKS
[2026-08-08T01:36:23.730876+00:00] NO_PENDING_TASKS
[2026-08-08T01:37:23.732246+00:00] NO_PENDING_TASKS
[2026-08-08T01:38:23.732928+00:00] NO_PENDING_TASKS
[2026-08-08T01:39:23.733956+00:00] NO_PENDING_TASKS
[2026-08-08T01:40:23.736267+00:00] NO_PENDING_TASKS
[2026-08-08T01:41:23.736879+00:00] NO_PENDING_TASKS
[2026-08-08T01:42:23.737760+00:00] NO_PENDING_TASKS
[2026-08-08T01:43:23.739949+00:00] NO_PENDING_TASKS
[2026-08-08T01:44:23.740957+00:00] NO_PENDING_TASKS
[2026-08-08T01:45:23.742814+00:00] NO_PENDING_TASKS
[2026-08-08T01:46:23.745039+00:00] NO_PENDING_TASKS
[2026-08-08T01:47:23.746113+00:00] NO_PENDING_TASKS
[2026-08-08T01:48:23.747160+00:00] NO_PENDING_TASKS
[2026-08-08T01:49:23.748030+00:00] NO_PENDING_TASKS
[2026-08-08T01:50:23.749386+00:00] NO_PENDING_TASKS
[2026-08-08T01:51:23.750210+00:00] NO_PENDING_TASKS
[2026-08-08T01:52:23.751317+00:00] NO_PENDING_TASKS
[2026-08-08T01:53:23.752227+00:00] NO_PENDING_TASKS
[2026-08-08T01:54:23.753033+00:00] NO_PENDING_TASKS
[2026-08-08T01:55:23.754475+00:00] NO_PENDING_TASKS
[2026-08-08T01:56:23.755279+00:00] NO_PENDING_TASKS
[2026-08-08T01:57:23.756125+00:00] NO_PENDING_TASKS
[2026-08-08T01:58:23.757024+00:00] NO_PENDING_TASKS
[2026-08-08T01:59:23.757594+00:00] NO_PENDING_TASKS
[2026-08-08T02:00:23.758478+00:00] NO_PENDING_TASKS
[2026-08-08T02:01:23.759409+00:00] NO_PENDING_TASKS
[2026-08-08T02:02:23.760320+00:00] NO_PENDING_TASKS
[2026-08-08T02:03:23.760974+00:00] NO_PENDING_TASKS
[2026-08-08T02:04:23.761968+00:00] NO_PENDING_TASKS
[2026-08-08T02:05:23.762982+00:00] NO_PENDING_TASKS
[2026-08-08T02:06:23.763906+00:00] NO_PENDING_TASKS
[2026-08-08T02:07:23.764863+00:00] NO_PENDING_TASKS
[2026-08-08T02:08:23.765622+00:00] NO_PENDING_TASKS
[2026-08-08T02:09:23.766567+00:00] NO_PENDING_TASKS
[2026-08-08T02:10:23.768968+00:00] NO_PENDING_TASKS
[2026-08-08T02:11:23.770079+00:00] NO_PENDING_TASKS
[2026-08-08T02:12:23.770967+00:00] NO_PENDING_TASKS
[2026-08-08T02:13:23.771653+00:00] NO_PENDING_TASKS
[2026-08-08T02:14:23.772305+00:00] NO_PENDING_TASKS
[2026-08-08T02:15:23.773185+00:00] NO_PENDING_TASKS
[2026-08-08T02:16:23.773858+00:00] NO_PENDING_TASKS
[2026-08-08T02:17:23.793140+00:00] NO_PENDING_TASKS
[2026-08-08T02:18:23.794225+00:00] NO_PENDING_TASKS
[2026-08-08T02:19:23.795775+00:00] NO_PENDING_TASKS
[2026-08-08T02:20:23.796619+00:00] NO_PENDING_TASKS
[2026-08-08T02:21:23.797645+00:00] NO_PENDING_TASKS
[2026-08-08T02:22:23.798511+00:00] NO_PENDING_TASKS
[2026-08-08T02:23:23.799447+00:00] NO_PENDING_TASKS
[2026-08-08T02:24:23.801296+00:00] NO_PENDING_TASKS
[2026-08-08T02:25:23.802033+00:00] NO_PENDING_TASKS
[2026-08-08T02:26:23.803128+00:00] NO_PENDING_TASKS
[2026-08-08T02:27:23.803906+00:00] NO_PENDING_TASKS
[2026-08-08T02:28:23.804457+00:00] NO_PENDING_TASKS
[2026-08-08T02:29:23.805070+00:00] NO_PENDING_TASKS
[2026-08-08T02:30:23.806701+00:00] NO_PENDING_TASKS
[2026-08-08T02:31:23.807506+00:00] NO_PENDING_TASKS
[2026-08-08T02:32:23.808779+00:00] NO_PENDING_TASKS
[2026-08-08T02:33:23.809970+00:00] NO_PENDING_TASKS
[2026-08-08T02:34:23.811939+00:00] NO_PENDING_TASKS
[2026-08-08T02:35:23.813697+00:00] NO_PENDING_TASKS
[2026-08-08T02:36:23.814666+00:00] NO_PENDING_TASKS
[2026-08-08T02:37:23.815851+00:00] NO_PENDING_TASKS
[2026-08-08T02:38:23.818004+00:00] NO_PENDING_TASKS
[2026-08-08T02:39:23.819390+00:00] NO_PENDING_TASKS
[2026-08-08T02:40:23.820589+00:00] NO_PENDING_TASKS
[2026-08-08T02:41:23.821628+00:00] NO_PENDING_TASKS
[2026-08-08T02:42:23.822402+00:00] NO_PENDING_TASKS
[2026-08-08T02:43:23.823539+00:00] NO_PENDING_TASKS
[2026-08-08T02:44:23.825449+00:00] NO_PENDING_TASKS
[2026-08-08T02:45:23.831230+00:00] NO_PENDING_TASKS
[2026-08-08T02:46:23.832043+00:00] NO_PENDING_TASKS
[2026-08-08T02:47:23.833450+00:00] NO_PENDING_TASKS
[2026-08-08T02:48:23.834860+00:00] NO_PENDING_TASKS
[2026-08-08T02:49:23.836115+00:00] NO_PENDING_TASKS
[2026-08-08T02:50:23.837282+00:00] NO_PENDING_TASKS
[2026-08-08T02:51:23.838552+00:00] NO_PENDING_TASKS
[2026-08-08T02:52:23.839444+00:00] NO_PENDING_TASKS
[2026-08-08T02:53:23.840299+00:00] NO_PENDING_TASKS
[2026-08-08T02:54:23.841401+00:00] NO_PENDING_TASKS
[2026-08-08T02:55:23.842278+00:00] NO_PENDING_TASKS
[2026-08-08T02:56:23.843440+00:00] NO_PENDING_TASKS
[2026-08-08T02:57:23.844223+00:00] NO_PENDING_TASKS
[2026-08-08T02:58:23.845046+00:00] NO_PENDING_TASKS
[2026-08-08T02:59:23.845740+00:00] NO_PENDING_TASKS
[2026-08-08T03:00:23.847215+00:00] NO_PENDING_TASKS
[2026-08-08T03:01:23.848080+00:00] NO_PENDING_TASKS
[2026-08-08T03:02:23.849207+00:00] NO_PENDING_TASKS
[2026-08-08T03:03:23.850135+00:00] NO_PENDING_TASKS
[2026-08-08T03:04:23.850657+00:00] NO_PENDING_TASKS
[2026-08-08T03:05:23.851258+00:00] NO_PENDING_TASKS
[2026-08-08T03:06:23.852016+00:00] NO_PENDING_TASKS
[2026-08-08T03:07:23.852665+00:00] NO_PENDING_TASKS
