[2026-08-07T18:32:34.430361+00:00] HIGH_PRIORITY_OODA_LOOP_START
[2026-08-07T18:32:34.432336+00:00] Loaded 246 high-priority cards
[2026-08-07T18:32:34.432557+00:00] Processing 1/246: 6a7499631c1a36043e1059e2 [P1] Sir Green: add /api/security-docs route to dashboard_se
[2026-08-07T18:32:55.756060+00:00]   Result: [2026-08-07T18:32:55.729639+00:00] CONTINUOUS_OODA_WORKER_COMPLETE
[2026-08-07T18:32:55.756298+00:00] Processing 2/246: 6a712fac7a8a9649b153e078 Set revenue milestone: first paid tool upgrade
[2026-08-07T18:33:17.390760+00:00]   Result: [2026-08-07T18:33:17.365488+00:00] CONTINUOUS_OODA_WORKER_COMPLETE
[2026-08-07T18:33:17.391007+00:00] Processing 3/246: 6a737f7e79118dbc2544542a 📡 Add Cosmos Library update watcher without cloning Squidsta
[2026-08-07T18:33:38.086254+00:00]   Result: [2026-08-07T18:33:38.059261+00:00] CONTINUOUS_OODA_WORKER_COMPLETE
[2026-08-07T18:33:38.086469+00:00] Processing 4/246: 6a73c1df44ddb17b0142b8c9 🐳 Sir Azure: ComfyUI/Redis/MinIO/Postgres/Nginx on SQUIDSTAT
[2026-08-07T18:33:58.286495+00:00]   Result: [2026-08-07T18:33:58.259757+00:00] CONTINUOUS_OODA_WORKER_COMPLETE
[2026-08-07T18:33:58.286776+00:00] Processing 5/246: 6a71b462b21cd08f9f3f6eb9 Master OODA Execution Tasklist — P0-P3
[2026-08-07T18:34:18.743166+00:00]   Result: [2026-08-07T18:34:18.715418+00:00] CONTINUOUS_OODA_WORKER_COMPLETE
[2026-08-07T18:34:18.743386+00:00] Processing 6/246: 6a752e3da134f0acb0d5e8d8 Miss Pink: build hive-mind mesh automation bridge for SQUIDS
[2026-08-07T18:34:41.236647+00:00]   Result: [2026-08-07T18:34:41.214170+00:00] CONTINUOUS_OODA_WORKER_COMPLETE
[2026-08-07T18:34:41.236875+00:00] Processing 7/246: 6a752e3eff4d9d4cca8945a1 Fleet: deploy fleet_comms_watcher on SQUIDSTATION/PINKCADY/S
[2026-08-07T18:34:45.310006+00:00]   Result: [2026-08-07T18:34:45.288118+00:00] CONTINUOUS_OODA_WORKER_COMPLETE
[2026-08-07T18:34:45.310208+00:00] Processing 8/246: 6a758916afae5cf53ccccf33 📨 [INBOX] miss gordon docker blockers sirgreen 20260806
[2026-08-07T18:34:49.132031+00:00]   Result: [2026-08-07T18:34:49.110182+00:00] CONTINUOUS_OODA_WORKER_COMPLETE
[2026-08-07T18:34:49.132303+00:00] Processing 9/246: 6a758914570bb5e64769122a 📨 [INBOX] STATUS UPDATE DASHBOARD 8080 FIXED PLUGIN AUDIT PE
[2026-08-07T18:34:53.667176+00:00]   Result: [2026-08-07T18:34:53.645004+00:00] CONTINUOUS_OODA_WORKER_COMPLETE
[2026-08-07T18:34:53.667396+00:00] Processing 10/246: 6a712bc79bc50687e977187a Deploy website to free hosting
[2026-08-07T18:34:57.873088+00:00]   Result: [2026-08-07T18:34:57.850116+00:00] CONTINUOUS_OODA_WORKER_COMPLETE
[2026-08-07T18:34:57.873307+00:00] Progress: 10/246
[2026-08-07T18:34:57.874297+00:00] Processing 11/246: 6a758919687b61bbb3db9255 📨 [INBOX] trello api 401 invalid key blocker sirgreen 202608
[2026-08-07T18:35:02.246385+00:00]   Result: [2026-08-07T18:35:02.221660+00:00] CONTINUOUS_OODA_WORKER_COMPLETE
[2026-08-07T18:35:02.246624+00:00] Processing 12/246: 6a75891fe2e1acad47a8101d 📨 [INBOX] sirgreen docker deep dive urgent sirgreen 20260806
[2026-08-07T18:35:06.403236+00:00]   Result: [2026-08-07T18:35:06.381163+00:00] CONTINUOUS_OODA_WORKER_COMPLETE
[2026-08-07T18:35:06.403443+00:00] Processing 13/246: 6a7589189ca085ca8dce78a8 📨 [INBOX] trello api 401 invalid key blocker sirazure 202608
[2026-08-07T18:35:11.007356+00:00]   Result: [2026-08-07T18:35:10.985483+00:00] CONTINUOUS_OODA_WORKER_COMPLETE
[2026-08-07T18:35:11.007574+00:00] Processing 14/246: 6a7589217259b91d11ae66f1 📨 [INBOX] sirazure re docker urgent findings sirazure 202608
[2026-08-07T18:35:14.952459+00:00]   Result: [2026-08-07T18:35:14.931061+00:00] CONTINUOUS_OODA_WORKER_COMPLETE
[2026-08-07T18:35:14.952661+00:00] Processing 15/246: 6a713b0f7fec1de4568f6906 DEPLOY.md created
[2026-08-07T18:35:19.171735+00:00]   Result: [2026-08-07T18:35:19.149924+00:00] CONTINUOUS_OODA_WORKER_COMPLETE
[2026-08-07T18:35:19.171952+00:00] Processing 16/246: 6a73e04f545d92a2f50c5f3f 🔁 [P2] Self-healing automation daemon
[2026-08-07T18:35:39.875536+00:00]   Result: [2026-08-07T18:35:39.840725+00:00] CONTINUOUS_OODA_WORKER_COMPLETE
[2026-08-07T18:35:39.875774+00:00] Processing 17/246: 6a742142c4eea9f50d2c583b [P2] DEPLOYMENT_RUNBOOK.md
[2026-08-07T18:36:00.366018+00:00]   Result: [2026-08-07T18:36:00.344208+00:00] CONTINUOUS_OODA_WORKER_COMPLETE
[2026-08-07T18:36:00.366218+00:00] Processing 18/246: 6a737f7c8714ca5b28fb892e 🧭 Wire Miss Pink persona attributes into vault docs/automati
[2026-08-07T18:36:21.075794+00:00]   Result: [2026-08-07T18:36:21.045759+00:00] CONTINUOUS_OODA_WORKER_COMPLETE
[2026-08-07T18:36:21.076049+00:00] Processing 19/246: 6a70fd5df386c9b9c9509813 Research free automation tools (Zapier/Make/n8n)
[2026-08-07T18:36:42.796684+00:00]   Result: [2026-08-07T18:36:42.774824+00:00] CONTINUOUS_OODA_WORKER_COMPLETE
[2026-08-07T18:36:42.796887+00:00] Processing 20/246: 6a715c01e0c5b1f394020f9a Choose payment processor alternative
[2026-08-07T18:37:03.474789+00:00]   Result: [2026-08-07T18:37:03.445082+00:00] CONTINUOUS_OODA_WORKER_COMPLETE
[2026-08-07T18:37:03.475036+00:00] Progress: 20/246
[2026-08-07T18:37:03.476334+00:00] Processing 21/246: 6a70da7ce5231e90cb0dd18e Trello Sync Automation
[2026-08-07T18:37:25.209930+00:00]   Result: [2026-08-07T18:37:25.184093+00:00] CONTINUOUS_OODA_WORKER_COMPLETE
[2026-08-07T18:37:25.210135+00:00] Processing 22/246: 6a714260e16bb14c1e238e8e Updated daily_ops_automation.py
[2026-08-07T18:37:49.621412+00:00]   Result: [2026-08-07T18:37:49.594537+00:00] CONTINUOUS_OODA_WORKER_COMPLETE
[2026-08-07T18:37:49.621624+00:00] Processing 23/246: 6a7185ee9623f3429b2bbbae SIR_GREEN_DEPLOYMENT_PROMPT created
[2026-08-07T18:38:10.214689+00:00]   Result: [2026-08-07T18:38:10.191771+00:00] CONTINUOUS_OODA_WORKER_COMPLETE
[2026-08-07T18:38:10.214886+00:00] Processing 24/246: 6a7124371696c8171433b8fe Bug hunt weekly_review_automation.py
[2026-08-07T18:38:31.599145+00:00]   Result: [2026-08-07T18:38:31.576098+00:00] CONTINUOUS_OODA_WORKER_COMPLETE
[2026-08-07T18:38:31.599350+00:00] Processing 25/246: 6a712438ca3780f35985256d Update 00_Vault_Home.md with build status
[2026-08-07T18:38:51.750352+00:00]   Result: [2026-08-07T18:38:51.728652+00:00] CONTINUOUS_OODA_WORKER_COMPLETE
[2026-08-07T18:38:51.750569+00:00] Processing 26/246: 6a7157f290ff88a1b31ae1c8 US Bank account automation — CSV → Wave → categorization
[2026-08-07T18:39:12.307662+00:00]   Result: [2026-08-07T18:39:12.277358+00:00] CONTINUOUS_OODA_WORKER_COMPLETE
[2026-08-07T18:39:12.307880+00:00] Processing 27/246: 6a715c0370ee36715d579861 Full automation audit complete
[2026-08-07T18:39:32.862297+00:00]   Result: [2026-08-07T18:39:32.838994+00:00] CONTINUOUS_OODA_WORKER_COMPLETE
[2026-08-07T18:39:32.862536+00:00] Processing 28/246: 6a71242b3f23db4fb69d6f7c Wire Buffer API into buffer_automation.py
[2026-08-07T18:39:54.114746+00:00]   Result: [2026-08-07T18:39:54.088719+00:00] CONTINUOUS_OODA_WORKER_COMPLETE
[2026-08-07T18:39:54.114948+00:00] Processing 29/246: 6a71242c76ca67e9e4de6505 Wire Zapier webhook into zapier_automation.py
[2026-08-07T18:40:15.167208+00:00]   Result: [2026-08-07T18:40:15.145246+00:00] CONTINUOUS_OODA_WORKER_COMPLETE
[2026-08-07T18:40:15.167410+00:00] Processing 30/246: 6a71242e3f23db4fb69d7c9b Wire HubSpot Service Key into CRM automation
[2026-08-07T18:40:36.629609+00:00]   Result: [2026-08-07T18:40:36.600908+00:00] CONTINUOUS_OODA_WORKER_COMPLETE
[2026-08-07T18:40:36.629839+00:00] Progress: 30/246
[2026-08-07T18:40:36.630811+00:00] Processing 31/246: 6a712433d986e5476af125d7 Bug hunt social_media_automation.py
[2026-08-07T18:40:57.685073+00:00]   Result: [2026-08-07T18:40:57.661264+00:00] CONTINUOUS_OODA_WORKER_COMPLETE
[2026-08-07T18:40:57.685279+00:00] Processing 32/246: 6a7124349aa52ada3776768e Bug hunt zapier_automation.py
[2026-08-07T18:41:18.650707+00:00]   Result: [2026-08-07T18:41:18.629270+00:00] CONTINUOUS_OODA_WORKER_COMPLETE
[2026-08-07T18:41:18.650921+00:00] Processing 33/246: 6a71243471edb3eff4f49bc3 Bug hunt buffer_automation.py
[2026-08-07T18:41:39.229894+00:00]   Result: [2026-08-07T18:41:39.207457+00:00] CONTINUOUS_OODA_WORKER_COMPLETE
[2026-08-07T18:41:39.230130+00:00] Processing 34/246: 6a7124361db42f66b1aadd83 Bug hunt daily_ops_automation.py
[2026-08-07T18:41:59.725033+00:00]   Result: [2026-08-07T18:41:59.700416+00:00] CONTINUOUS_OODA_WORKER_COMPLETE
[2026-08-07T18:41:59.725262+00:00] Processing 35/246: 6a7124373711a67b1299cbcb Bug hunt monthly_review_automation.py
[2026-08-07T18:42:19.869339+00:00]   Result: [2026-08-07T18:42:19.846975+00:00] CONTINUOUS_OODA_WORKER_COMPLETE
[2026-08-07T18:42:19.869538+00:00] Processing 36/246: 6a713b0fb03e554f1e2090e7 Connect real payment/shop
[2026-08-07T18:42:40.305434+00:00]   Result: [2026-08-07T18:42:40.269125+00:00] CONTINUOUS_OODA_WORKER_COMPLETE
[2026-08-07T18:42:40.305640+00:00] Processing 37/246: 6a714fbaac9805c2fba75613 Choose payment processor
[2026-08-07T18:43:00.249421+00:00]   Result: [2026-08-07T18:43:00.215602+00:00] CONTINUOUS_OODA_WORKER_COMPLETE
[2026-08-07T18:43:00.249719+00:00] Processing 38/246: 6a7499661942762c5b6e744d [P1] Miss Pink: commit orders.json and automation_status cha
[2026-08-07T18:43:20.703827+00:00]   Result: [2026-08-07T18:43:20.668854+00:00] CONTINUOUS_OODA_WORKER_COMPLETE
[2026-08-07T18:43:20.704073+00:00] Processing 39/246: 6a715f7078eae68a030a1b2b Build Torus Discord bot designs
[2026-08-07T18:43:22.822456+00:00]   Result: [2026-08-07T18:43:22.798024+00:00] CONTINUOUS_OODA_WORKER_COMPLETE
[2026-08-07T18:43:22.822696+00:00] Processing 40/246: 6a715f7095b8d80e80b99d94 Build role-based automation scripts
[2026-08-07T18:43:42.923791+00:00]   Result: [2026-08-07T18:43:42.902400+00:00] CONTINUOUS_OODA_WORKER_COMPLETE
[2026-08-07T18:43:42.923996+00:00] Progress: 40/246
[2026-08-07T18:43:42.924886+00:00] Processing 41/246: 6a70da7b4daf4656cdb03d72 Daily Ops Automation - Scripts Created
[2026-08-07T18:44:03.657301+00:00]   Result: [2026-08-07T18:44:03.635560+00:00] CONTINUOUS_OODA_WORKER_COMPLETE
[2026-08-07T18:44:03.657519+00:00] Processing 42/246: 6a70f8cc2eb38461c69795b3 Build zapier_automation.py
[2026-08-07T18:44:25.071516+00:00]   Result: [2026-08-07T18:44:25.024465+00:00] CONTINUOUS_OODA_WORKER_COMPLETE
[2026-08-07T18:44:25.071902+00:00] Processing 43/246: 6a70f8cdd5c6d45e6814ab29 Build buffer_automation.py
[2026-08-07T18:44:45.012393+00:00]   Result: [2026-08-07T18:44:44.989661+00:00] CONTINUOUS_OODA_WORKER_COMPLETE
[2026-08-07T18:44:45.012610+00:00] Processing 44/246: 6a71088d9ef81a4a480dee43 Create Buffer setup guide + buffer_automation.py
[2026-08-07T18:44:49.025149+00:00]   Result: [2026-08-07T18:44:49.002960+00:00] CONTINUOUS_OODA_WORKER_COMPLETE
[2026-08-07T18:44:49.025354+00:00] Processing 45/246: 6a71088dd52063f78af9d2d9 Create Zapier setup guide + zapier_automation.py
[2026-08-07T18:44:52.899967+00:00]   Result: [2026-08-07T18:44:52.878746+00:00] CONTINUOUS_OODA_WORKER_COMPLETE
[2026-08-07T18:44:52.900171+00:00] Processing 46/246: 6a71088fa7caec75b7864bf8 Verify all automation scripts run end-to-end
[2026-08-07T18:44:56.920763+00:00]   Result: [2026-08-07T18:44:56.885436+00:00] CONTINUOUS_OODA_WORKER_COMPLETE
[2026-08-07T18:44:56.921019+00:00] Processing 47/246: 6a713b0e855dd7bf68f6045b Website build verified: 10 pages
[2026-08-07T18:45:17.401649+00:00]   Result: [2026-08-07T18:45:17.380228+00:00] CONTINUOUS_OODA_WORKER_COMPLETE
[2026-08-07T18:45:17.401914+00:00] Processing 48/246: 6a714fb860bbdbb20853d4a4 Build order management workflow
[2026-08-07T18:45:22.564372+00:00]   Result: [2026-08-07T18:45:22.506078+00:00] CONTINUOUS_OODA_WORKER_COMPLETE
[2026-08-07T18:45:22.564781+00:00] Processing 49/246: 6a714fb82b64998c93bdbad4 Build inventory → website sync
[2026-08-07T18:45:27.213145+00:00]   Result: [2026-08-07T18:45:27.156756+00:00] CONTINUOUS_OODA_WORKER_COMPLETE
[2026-08-07T18:45:27.213506+00:00] Processing 50/246: 6a7185ef9104a8818420b19a TORUS_DOCKER_CONTAINER_REQUIREMENTS.md created
[2026-08-07T18:45:31.507903+00:00]   Result: [2026-08-07T18:45:31.480410+00:00] CONTINUOUS_OODA_WORKER_COMPLETE
[2026-08-07T18:45:31.508124+00:00] Progress: 50/246
[2026-08-07T18:45:31.508940+00:00] Processing 51/246: 6a71242f938a65812243a9a9 Build HubSpot import script for vault contacts
[2026-08-07T18:45:35.877045+00:00]   Result: [2026-08-07T18:45:35.850574+00:00] CONTINUOUS_OODA_WORKER_COMPLETE
[2026-08-07T18:45:35.877261+00:00] Processing 52/246: 6a71243051feed250074da5b Build unified automation orchestrator script
[2026-08-07T18:45:40.480765+00:00]   Result: [2026-08-07T18:45:40.455200+00:00] CONTINUOUS_OODA_WORKER_COMPLETE
[2026-08-07T18:45:40.480996+00:00] Processing 53/246: 6a7124317a3d7f8972dbc227 Build logging/reporting system for all automations
[2026-08-07T18:45:44.659776+00:00]   Result: [2026-08-07T18:45:44.637194+00:00] CONTINUOUS_OODA_WORKER_COMPLETE
[2026-08-07T18:45:44.659988+00:00] Processing 54/246: 6a71243896c16a6755d5e168 Update Obsidian_Automation_Guide.md with verified config
[2026-08-07T18:46:04.992096+00:00]   Result: [2026-08-07T18:46:04.968889+00:00] CONTINUOUS_OODA_WORKER_COMPLETE
[2026-08-07T18:46:04.992313+00:00] Processing 55/246: 6a7124389e62f6bd1c35b508 Create Automation_Runbook.md with troubleshooting
[2026-08-07T18:46:25.728122+00:00]   Result: [2026-08-07T18:46:25.621915+00:00] CONTINUOUS_OODA_WORKER_COMPLETE
[2026-08-07T18:46:25.728522+00:00] Processing 56/246: 6a712439ac1b186230233da2 Commit all build changes to Torus_Ops
[2026-08-07T18:46:46.185451+00:00]   Result: [2026-08-07T18:46:46.159064+00:00] CONTINUOUS_OODA_WORKER_COMPLETE
[2026-08-07T18:46:46.185662+00:00] Processing 57/246: 6a712bc34298c12f247a9079 Build vault sync status widget
[2026-08-07T18:46:51.442153+00:00]   Result: [2026-08-07T18:46:51.404569+00:00] CONTINUOUS_OODA_WORKER_COMPLETE
[2026-08-07T18:46:51.442458+00:00] Processing 58/246: 6a712bc4da97a343ac82c9f2 Build Trello board widget
[2026-08-07T18:46:57.301450+00:00]   Result: [2026-08-07T18:46:57.276639+00:00] CONTINUOUS_OODA_WORKER_COMPLETE
[2026-08-07T18:46:57.301652+00:00] Processing 59/246: 6a715c027332b849a456c499 Fix Next.js build error
[2026-08-07T18:47:03.425781+00:00]   Result: [2026-08-07T18:47:03.402156+00:00] CONTINUOUS_OODA_WORKER_COMPLETE
[2026-08-07T18:47:03.426000+00:00] Processing 60/246: 6a715c02adc83d498b8b907c Create Zapier order automation Zap
[2026-08-07T18:47:09.418560+00:00]   Result: [2026-08-07T18:47:09.396025+00:00] CONTINUOUS_OODA_WORKER_COMPLETE
[2026-08-07T18:47:09.418763+00:00] Progress: 60/246
[2026-08-07T18:47:09.419641+00:00] Processing 61/246: 6a715c028ff8814d56f7d396 Test inventory sync end-to-end
[2026-08-07T18:47:15.508284+00:00]   Result: [2026-08-07T18:47:15.484383+00:00] CONTINUOUS_OODA_WORKER_COMPLETE
[2026-08-07T18:47:15.508488+00:00] Processing 62/246: 6a715f72854c6771d39e7068 Build Torus Discord bots and activate
[2026-08-07T18:47:21.889220+00:00]   Result: [2026-08-07T18:47:21.866031+00:00] CONTINUOUS_OODA_WORKER_COMPLETE
[2026-08-07T18:47:21.889431+00:00] Processing 63/246: 6a715f7309b04b813d36a8f0 Finalize vault organization and automation
[2026-08-07T18:47:28.228735+00:00]   Result: [2026-08-07T18:47:28.170633+00:00] CONTINUOUS_OODA_WORKER_COMPLETE
[2026-08-07T18:47:28.229052+00:00] Processing 64/246: 6a73e04b89d12772829328fa 🐳 [P1] Docker Desktop virtualization mode
[2026-08-07T18:47:34.862298+00:00]   Result: [2026-08-07T18:47:34.823315+00:00] CONTINUOUS_OODA_WORKER_COMPLETE
[2026-08-07T18:47:34.862543+00:00] Processing 65/246: 6a742144d5fed79046f6772f [P3] Max out Docker automation: webhooks, logs, volumes, Kub
[2026-08-07T18:47:41.270848+00:00]   Result: [2026-08-07T18:47:41.242270+00:00] CONTINUOUS_OODA_WORKER_COMPLETE
[2026-08-07T18:47:41.271068+00:00] Processing 66/246: 6a7425288e8aadeb76919bde [P1] Reinstall missing Obsidian plugins: periodic-notes, tab
[2026-08-07T18:48:03.354383+00:00]   Result: [2026-08-07T18:48:03.328321+00:00] CONTINUOUS_OODA_WORKER_COMPLETE
[2026-08-07T18:48:03.354595+00:00] Processing 67/246: 6a74252ab0dedd42382fd7dc [P2] Run functional tests on automation scripts
[2026-08-07T18:48:25.624572+00:00]   Result: [2026-08-07T18:48:25.597422+00:00] CONTINUOUS_OODA_WORKER_COMPLETE
[2026-08-07T18:48:25.624830+00:00] Processing 68/246: 6a741fc8e947ae894822232b ✅ FIXED: Multi-stage Dockerfiles applied
[2026-08-07T18:48:47.932264+00:00]   Result: [2026-08-07T18:48:47.904964+00:00] CONTINUOUS_OODA_WORKER_COMPLETE
[2026-08-07T18:48:47.932498+00:00] Processing 69/246: 6a74b2324042ade05400ed4d ✅ FIXED: Redis cross-protocol attacks stopped
[2026-08-07T18:49:10.998064+00:00]   Result: [2026-08-07T18:49:10.976364+00:00] CONTINUOUS_OODA_WORKER_COMPLETE
[2026-08-07T18:49:10.998267+00:00] Processing 70/246: 6a758aec916bb3fc25b38eff P1: Sir Azure Queue Mapping - define offline crew automation
[2026-08-07T18:49:34.523176+00:00]   Result: [2026-08-07T18:49:34.496752+00:00] CONTINUOUS_OODA_WORKER_COMPLETE
[2026-08-07T18:49:34.523453+00:00] Progress: 70/246
[2026-08-07T18:49:34.524656+00:00] Processing 71/246: 6a75890e8dc27defd0a1ca9c 📨 Auto-alert when new PINKCADY inbox messages arrive
[2026-08-07T18:49:58.145704+00:00]   Result: [2026-08-07T18:49:58.122160+00:00] CONTINUOUS_OODA_WORKER_COMPLETE
[2026-08-07T18:49:58.145949+00:00] Processing 72/246: 6a7589103196cfb8339ed071 🔔 Build inbox-to-Trello/GitHub alert automation
[2026-08-07T18:50:22.514101+00:00]   Result: [2026-08-07T18:50:22.485326+00:00] CONTINUOUS_OODA_WORKER_COMPLETE
[2026-08-07T18:50:22.514332+00:00] Processing 73/246: 6a75899de72bd0cf31beb36f Test Critical System Alert
[2026-08-07T18:50:46.656850+00:00]   Result: [2026-08-07T18:50:46.634352+00:00] CONTINUOUS_OODA_WORKER_COMPLETE
[2026-08-07T18:50:46.657074+00:00] Processing 74/246: 6a75890c6c69623853472e9e 🔔 Alert automation: confirm Sir Green/Sir Azure read and act
[2026-08-07T18:51:10.113882+00:00]   Result: [2026-08-07T18:51:10.092342+00:00] CONTINUOUS_OODA_WORKER_COMPLETE
[2026-08-07T18:51:10.114091+00:00] Processing 75/246: 6a75891ad087b6a6374f14b6 📨 [INBOX] sirazure security tools missing sirazure 20260806
[2026-08-07T18:51:33.221244+00:00]   Result: [2026-08-07T18:51:33.194728+00:00] CONTINUOUS_OODA_WORKER_COMPLETE
[2026-08-07T18:51:33.221483+00:00] Processing 76/246: 6a75891c3bcf75d5aa770214 📨 [INBOX] sirazure security deep dive summary sirazure 20260
[2026-08-07T18:51:56.446678+00:00]   Result: [2026-08-07T18:51:56.413070+00:00] CONTINUOUS_OODA_WORKER_COMPLETE
[2026-08-07T18:51:56.446960+00:00] Processing 77/246: 6a7589238a3983b8a50f08e8 📨 [INBOX] sirazure squidstation deploy reply sirazure 202608
[2026-08-07T18:52:20.202924+00:00]   Result: [2026-08-07T18:52:20.179668+00:00] CONTINUOUS_OODA_WORKER_COMPLETE
[2026-08-07T18:52:20.203145+00:00] Processing 78/246: 6a70a34ef5f5861a589dbc13 Setup GitHub Repos
[2026-08-07T18:52:44.361468+00:00]   Result: [2026-08-07T18:52:44.337527+00:00] CONTINUOUS_OODA_WORKER_COMPLETE
[2026-08-07T18:52:44.361692+00:00] Processing 79/246: 6a7108900c37debad5ba1fdf Create first Zap: Trello → Webhook
[2026-08-07T18:53:08.600932+00:00]   Result: [2026-08-07T18:53:08.574863+00:00] CONTINUOUS_OODA_WORKER_COMPLETE
[2026-08-07T18:53:08.601154+00:00] Processing 80/246: 6a73e0c0df49153b5f295bf5 📨 RE PINKCADY VIRTUALIZATION SETUP PLAN 20260806T010000Z cap
[2026-08-07T18:53:32.437635+00:00]   Result: [2026-08-07T18:53:32.403673+00:00] CONTINUOUS_OODA_WORKER_COMPLETE
[2026-08-07T18:53:32.437879+00:00] Progress: 80/246
[2026-08-07T18:53:32.439016+00:00] Processing 81/246: 6a738f523974a0974bb285b1 🔐 Store GitHub PAT in vault secrets
[2026-08-07T18:53:34.191621+00:00]   Result: [2026-08-07T18:53:34.164563+00:00] CONTINUOUS_OODA_WORKER_COMPLETE
[2026-08-07T18:53:34.191843+00:00] Processing 82/246: 6a70a351c98f4292654148bc Review Obsidian Plugins
[2026-08-07T18:53:58.539825+00:00]   Result: [2026-08-07T18:53:58.500327+00:00] CONTINUOUS_OODA_WORKER_COMPLETE
[2026-08-07T18:53:58.540220+00:00] Processing 83/246: 6a70a35373ba21fdb97ed1a9 Setup Google Workspace
[2026-08-07T18:54:23.534669+00:00]   Result: [2026-08-07T18:54:23.480578+00:00] CONTINUOUS_OODA_WORKER_COMPLETE
[2026-08-07T18:54:23.535100+00:00] Processing 84/246: 6a70a34cc24aac226c72a44e Setup Social Media Accounts
[2026-08-07T18:54:50.624794+00:00]   Result: [2026-08-07T18:54:50.598379+00:00] CONTINUOUS_OODA_WORKER_COMPLETE
[2026-08-07T18:54:50.625014+00:00] Processing 85/246: 6a74c9687092a2d64af38d45 📞 Research: Free business phone/answering service setup
[2026-08-07T18:54:54.639497+00:00]   Result: [2026-08-07T18:54:54.609216+00:00] CONTINUOUS_OODA_WORKER_COMPLETE
[2026-08-07T18:54:54.639696+00:00] Processing 86/246: 6a70dc38b1d094fb7520c275 Winter 2026 Venue Research
[2026-08-07T18:54:59.686893+00:00]   Result: [2026-08-07T18:54:59.647904+00:00] CONTINUOUS_OODA_WORKER_COMPLETE
[2026-08-07T18:54:59.687183+00:00] Processing 87/246: 6a70fd5e2f877b2b08daa4a3 Research free social media tools (Buffer/Metricool)
[2026-08-07T18:55:04.500698+00:00]   Result: [2026-08-07T18:55:04.471197+00:00] CONTINUOUS_OODA_WORKER_COMPLETE
[2026-08-07T18:55:04.500978+00:00] Processing 88/246: 6a70fd5e79c07a7a4176ed47 Research free CRM options (HubSpot/Zoho/Bitrix24)
[2026-08-07T18:55:31.515067+00:00]   Result: [2026-08-07T18:55:31.487407+00:00] CONTINUOUS_OODA_WORKER_COMPLETE
[2026-08-07T18:55:31.515290+00:00] Processing 89/246: 6a71243a6f880a7967d43e54 End-to-end verification: Buffer + Zapier + HubSpot + Trello
[2026-08-07T18:55:35.802974+00:00]   Result: [2026-08-07T18:55:35.765959+00:00] CONTINUOUS_OODA_WORKER_COMPLETE
[2026-08-07T18:55:35.803272+00:00] Processing 90/246: 6a7394042cde48d50291cb01 📋 Configure VOID team tiers: void-crew, void-ops, void-capta
[2026-08-07T18:55:40.157321+00:00]   Result: [2026-08-07T18:55:40.134370+00:00] CONTINUOUS_OODA_WORKER_COMPLETE
[2026-08-07T18:55:40.157525+00:00] Progress: 90/246
[2026-08-07T18:55:40.158505+00:00] Processing 91/246: 6a738f5011a1d1aaae2ebe69 🤖 Confirm Discord bot scripts to keep live
[2026-08-07T18:55:44.796333+00:00]   Result: [2026-08-07T18:55:44.775796+00:00] CONTINUOUS_OODA_WORKER_COMPLETE
[2026-08-07T18:55:44.796549+00:00] Processing 92/246: 6a737f7e62239d8d15fe9507 🤖 Finish Discord bot token + invite to Torus Coffee server
[2026-08-07T18:55:49.166759+00:00]   Result: [2026-08-07T18:55:49.143994+00:00] CONTINUOUS_OODA_WORKER_COMPLETE
[2026-08-07T18:55:49.166963+00:00] Processing 93/246: 6a70dc37fcf5d326ef051b4a Fall 2026 Venue Research
[2026-08-07T18:55:53.290589+00:00]   Result: [2026-08-07T18:55:53.262899+00:00] CONTINUOUS_OODA_WORKER_COMPLETE
[2026-08-07T18:55:53.290802+00:00] Processing 94/246: 6a7124397d476d7f408e40f6 Push all changes to GitHub
[2026-08-07T18:55:57.653437+00:00]   Result: [2026-08-07T18:55:57.626142+00:00] CONTINUOUS_OODA_WORKER_COMPLETE
[2026-08-07T18:55:57.653661+00:00] Processing 95/246: 6a70dc3b050af2fa80c256aa Link social media accounts
[2026-08-07T18:56:22.190197+00:00]   Result: [2026-08-07T18:56:22.157460+00:00] CONTINUOUS_OODA_WORKER_COMPLETE
[2026-08-07T18:56:22.190423+00:00] Processing 96/246: 6a74252bd046248f139d03ec [P3] Obsidian vault audit report + remediation
[2026-08-07T18:56:47.253382+00:00]   Result: [2026-08-07T18:56:47.218251+00:00] CONTINUOUS_OODA_WORKER_COMPLETE
[2026-08-07T18:56:47.253693+00:00] Processing 97/246: 6a70c2eb1cf10e9c2a502c4a Amazon GTIN exemption — prepare docs only
[2026-08-07T18:57:11.630076+00:00]   Result: [2026-08-07T18:57:11.607997+00:00] CONTINUOUS_OODA_WORKER_COMPLETE
[2026-08-07T18:57:11.630325+00:00] Processing 98/246: 6a715f6fe09ed0bd37e57aa1 Create Torus crew personas: Accountant, Lawyer, CPA, Strateg
[2026-08-07T18:57:18.546539+00:00]   Result: [2026-08-07T18:57:18.521928+00:00] CONTINUOUS_OODA_WORKER_COMPLETE
[2026-08-07T18:57:18.546754+00:00] Processing 99/246: 6a70da7a9863bd022c98fb5c Website Content - About Page
[2026-08-07T18:57:25.220390+00:00]   Result: [2026-08-07T18:57:25.191696+00:00] CONTINUOUS_OODA_WORKER_COMPLETE
[2026-08-07T18:57:25.220604+00:00] Processing 100/246: 6a70da7a476d98a030620c9c Website Content - Product Descriptions
[2026-08-07T18:57:31.833261+00:00]   Result: [2026-08-07T18:57:31.788961+00:00] CONTINUOUS_OODA_WORKER_COMPLETE
[2026-08-07T18:57:31.833560+00:00] Progress: 100/246
[2026-08-07T18:57:31.834791+00:00] Processing 101/246: 6a70da7bc6d7955609b51884 Website Content - Legal Pages
[2026-08-07T18:57:38.650446+00:00]   Result: [2026-08-07T18:57:38.617831+00:00] CONTINUOUS_OODA_WORKER_COMPLETE
[2026-08-07T18:57:38.650713+00:00] Processing 102/246: 6a70da7e81e778646cc01051 Publish website content
[2026-08-07T18:57:45.478100+00:00]   Result: [2026-08-07T18:57:45.451175+00:00] CONTINUOUS_OODA_WORKER_COMPLETE
[2026-08-07T18:57:45.478363+00:00] Processing 103/246: 6a70da7fcd2379a3f1dc482a Setup daily ops Task Scheduler jobs
[2026-08-07T18:57:52.115880+00:00]   Result: [2026-08-07T18:57:52.093440+00:00] CONTINUOUS_OODA_WORKER_COMPLETE
[2026-08-07T18:57:52.116087+00:00] Processing 104/246: 6a70f8cb50d5e5c87c22ff3c Install Obsidian Git plugin
[2026-08-07T18:57:59.493602+00:00]   Result: [2026-08-07T18:57:59.466056+00:00] CONTINUOUS_OODA_WORKER_COMPLETE
[2026-08-07T18:57:59.493796+00:00] Processing 105/246: 6a70f8cd15b7431f30fe4d61 Create Buffer setup guide
[2026-08-07T18:58:06.305062+00:00]   Result: [2026-08-07T18:58:06.277172+00:00] CONTINUOUS_OODA_WORKER_COMPLETE
[2026-08-07T18:58:06.305266+00:00] Processing 106/246: 6a70dc3ce8d914e66a89ebcc Create Supplier Agreement Template
[2026-08-07T18:58:14.691216+00:00]   Result: [2026-08-07T18:58:14.669151+00:00] CONTINUOUS_OODA_WORKER_COMPLETE
[2026-08-07T18:58:14.691554+00:00] Processing 107/246: 6a71088e80a5897312085f8d Create HubSpot CRM setup guide
[2026-08-07T18:58:37.924741+00:00]   Result: [2026-08-07T18:58:37.897879+00:00] CONTINUOUS_OODA_WORKER_COMPLETE
[2026-08-07T18:58:37.925224+00:00] Processing 108/246: 6a71088e99bafbc680c241af Create Free_Tools_Reference.md with 2026 research
[2026-08-07T18:59:01.006691+00:00]   Result: [2026-08-07T18:59:00.983682+00:00] CONTINUOUS_OODA_WORKER_COMPLETE
[2026-08-07T18:59:01.006898+00:00] Processing 109/246: 6a71398e99bafbc680093df1 Hermes backend config updated
[2026-08-07T18:59:25.213721+00:00]   Result: [2026-08-07T18:59:25.179334+00:00] CONTINUOUS_OODA_WORKER_COMPLETE
[2026-08-07T18:59:25.214070+00:00] Processing 110/246: 6a70f3aaa5e9659c8bb799e1 Post consistent content across platforms
[2026-08-07T18:59:48.492569+00:00]   Result: [2026-08-07T18:59:48.468394+00:00] CONTINUOUS_OODA_WORKER_COMPLETE
[2026-08-07T18:59:48.492773+00:00] Progress: 110/246
[2026-08-07T18:59:48.493701+00:00] Processing 111/246: 6a70f8ce24dcd595547c33c6 Setup Zapier account
[2026-08-07T19:00:11.349732+00:00]   Result: [2026-08-07T19:00:11.324356+00:00] CONTINUOUS_OODA_WORKER_COMPLETE
[2026-08-07T19:00:11.349934+00:00] Processing 112/246: 6a70f8cef53e66596583fb68 Setup Buffer account
[2026-08-07T19:00:36.069471+00:00]   Result: [2026-08-07T19:00:36.039094+00:00] CONTINUOUS_OODA_WORKER_COMPLETE
[2026-08-07T19:00:36.069683+00:00] Processing 113/246: 6a70fd6168484eac3e8f306a Setup Meta Business Suite
[2026-08-07T19:01:00.215109+00:00]   Result: [2026-08-07T19:01:00.183929+00:00] CONTINUOUS_OODA_WORKER_COMPLETE
[2026-08-07T19:01:00.215675+00:00] Processing 114/246: 6a70fd6215d81dccfafc6721 Setup Cloudflare DNS/CDN
[2026-08-07T19:01:23.406294+00:00]   Result: [2026-08-07T19:01:23.374919+00:00] CONTINUOUS_OODA_WORKER_COMPLETE
[2026-08-07T19:01:23.406525+00:00] Processing 115/246: 6a717fb91a29e733c5c4a403 torus-inventory image built
[2026-08-07T19:01:45.604832+00:00]   Result: [2026-08-07T19:01:45.581985+00:00] CONTINUOUS_OODA_WORKER_COMPLETE
[2026-08-07T19:01:45.605118+00:00] Processing 116/246: 6a717fb98b37f9b171200f1c SIR_PINK setup script created
[2026-08-07T19:02:08.320495+00:00]   Result: [2026-08-07T19:02:08.291842+00:00] CONTINUOUS_OODA_WORKER_COMPLETE
[2026-08-07T19:02:08.321108+00:00] Processing 117/246: 6a7124348c36b1c39bf1a721 Bug hunt inventory_tracker.py
[2026-08-07T19:02:33.232364+00:00]   Result: [2026-08-07T19:02:33.192218+00:00] CONTINUOUS_OODA_WORKER_COMPLETE
[2026-08-07T19:02:33.232703+00:00] Processing 118/246: 6a712bc87100f06c531e53cd Connect website to Obsidian vault data
[2026-08-07T19:02:38.182488+00:00]   Result: [2026-08-07T19:02:38.146907+00:00] CONTINUOUS_OODA_WORKER_COMPLETE
[2026-08-07T19:02:38.182794+00:00] Processing 119/246: 6a712fa97713201aff8593c9 Track YouTube ad revenue in Revenue_Stream_Plan.md
[2026-08-07T19:03:02.256967+00:00]   Result: [2026-08-07T19:03:02.222185+00:00] CONTINUOUS_OODA_WORKER_COMPLETE
[2026-08-07T19:03:02.257171+00:00] Processing 120/246: 6a73ddaf54ccdd15e1367c37 🖥️ PINKCADY virtualization setup: enable AMD-V/SVM in BIOS
[2026-08-07T19:03:26.523857+00:00]   Result: [2026-08-07T19:03:26.443452+00:00] CONTINUOUS_OODA_WORKER_COMPLETE
[2026-08-07T19:03:26.524155+00:00] Progress: 120/246
[2026-08-07T19:03:26.525335+00:00] Processing 121/246: 6a73e0bdfa6e0cdc6b681f29 📨 RE PINKCADY VIRTUALIZATION SETUP PLAN 20260806T002500Z mis
[2026-08-07T19:03:51.369413+00:00]   Result: [2026-08-07T19:03:51.346029+00:00] CONTINUOUS_OODA_WORKER_COMPLETE
[2026-08-07T19:03:51.369698+00:00] Processing 122/246: 6a70b75c8eb09699eac6d51e Link social media accounts to vault
[2026-08-07T19:03:53.048612+00:00]   Result: [2026-08-07T19:03:53.024141+00:00] CONTINUOUS_OODA_WORKER_COMPLETE
[2026-08-07T19:03:53.048863+00:00] Processing 123/246: 6a70c2e98ca3bfb0ad902c5b Link social media accounts — Facebook + Pinterest handles
[2026-08-07T19:04:16.592842+00:00]   Result: [2026-08-07T19:04:16.567182+00:00] CONTINUOUS_OODA_WORKER_COMPLETE
[2026-08-07T19:04:16.593047+00:00] Processing 124/246: 6a70f8cb64512854cb6cca1e Enable obsidian-git in community-plugins.json
[2026-08-07T19:04:39.398024+00:00]   Result: [2026-08-07T19:04:39.365654+00:00] CONTINUOUS_OODA_WORKER_COMPLETE
[2026-08-07T19:04:39.398237+00:00] Processing 125/246: 6a73bed4108ae9ed24d66457 🤖 Discord bot token + Torus Coffee server invite
[2026-08-07T19:05:01.860669+00:00]   Result: [2026-08-07T19:05:01.832661+00:00] CONTINUOUS_OODA_WORKER_COMPLETE
[2026-08-07T19:05:01.860872+00:00] Processing 126/246: 6a73c8148c4efaab74da01c4 🧪 #260 End-to-end Discord bot tests + relay fixes
[2026-08-07T19:05:06.278521+00:00]   Result: [2026-08-07T19:05:06.247609+00:00] CONTINUOUS_OODA_WORKER_COMPLETE
[2026-08-07T19:05:06.278835+00:00] Processing 127/246: 6a75890de46716eda3d00dfe 📋 Build OODA tasklist from Trello + Obsidian inbox
[2026-08-07T19:05:11.196126+00:00]   Result: [2026-08-07T19:05:11.161346+00:00] CONTINUOUS_OODA_WORKER_COMPLETE
[2026-08-07T19:05:11.196425+00:00] Processing 128/246: 6a758924a3655c36e6f0f736 📨 [INBOX] RE UNIFIED DASHBOARD DECISION ONE DASHBOARD ONLY 2
[2026-08-07T19:05:16.091360+00:00]   Result: [2026-08-07T19:05:16.068659+00:00] CONTINUOUS_OODA_WORKER_COMPLETE
[2026-08-07T19:05:16.091616+00:00] Processing 129/246: 6a758926d9b6f4a300fec792 📨 [INBOX] REMINDER DOCKER DESKTOP TAILSCALE AND DASHBOARD EV
[2026-08-07T19:05:38.546510+00:00]   Result: [2026-08-07T19:05:38.524245+00:00] CONTINUOUS_OODA_WORKER_COMPLETE
[2026-08-07T19:05:38.546721+00:00] Processing 130/246: 6a7589273e0a40eec984f1cf 📨 [INBOX] SIR GREEN BOT AND WATCHER VERIFIED END TO END BRID
[2026-08-07T19:05:42.660232+00:00]   Result: [2026-08-07T19:05:42.637904+00:00] CONTINUOUS_OODA_WORKER_COMPLETE
[2026-08-07T19:05:42.660450+00:00] Progress: 130/246
[2026-08-07T19:05:42.661329+00:00] Processing 131/246: 6a75892804fa658f4a1d29fa 📨 [INBOX] STATUS UPDATE MISS PINK BUILDING TORUS DOCKER CONT
[2026-08-07T19:05:46.787863+00:00]   Result: [2026-08-07T19:05:46.765629+00:00] CONTINUOUS_OODA_WORKER_COMPLETE
[2026-08-07T19:05:46.788083+00:00] Processing 132/246: 6a7589292e626a0cacace543 📨 [INBOX] TORUS FLEET LIVE ON PINKCADY DOCKER MESH STEPS AND
[2026-08-07T19:05:51.191767+00:00]   Result: [2026-08-07T19:05:51.153240+00:00] CONTINUOUS_OODA_WORKER_COMPLETE
[2026-08-07T19:05:51.192040+00:00] Processing 133/246: 6a75892b4e2a8ac41d526ac7 📨 [INBOX] dashboard gaps sirgreen 20260806
[2026-08-07T19:05:57.454607+00:00]   Result: [2026-08-07T19:05:57.426124+00:00] CONTINUOUS_OODA_WORKER_COMPLETE
[2026-08-07T19:05:57.454854+00:00] Processing 134/246: 6a75892c4631fddbd3b9cbca 📨 [INBOX] dashboard improvements sirgreen 20260806
[2026-08-07T19:06:01.468534+00:00]   Result: [2026-08-07T19:06:01.445890+00:00] CONTINUOUS_OODA_WORKER_COMPLETE
[2026-08-07T19:06:01.468738+00:00] Processing 135/246: 6a75892ea3655c36e6f11131 📨 [INBOX] miss gordon review action plan sirgreen 20260806
[2026-08-07T19:06:05.613221+00:00]   Result: [2026-08-07T19:06:05.591216+00:00] CONTINUOUS_OODA_WORKER_COMPLETE
[2026-08-07T19:06:05.613419+00:00] Processing 136/246: 6a75892fdcd672c874804a71 📨 [INBOX] new trello git cards for docker webhooks k8s sirgr
[2026-08-07T19:06:29.775637+00:00]   Result: [2026-08-07T19:06:29.734800+00:00] CONTINUOUS_OODA_WORKER_COMPLETE
[2026-08-07T19:06:29.775965+00:00] Processing 137/246: 6a7589300fc3534da52dddd0 📨 [INBOX] torus dashboard multistage push sirgreen 20260806
[2026-08-07T19:06:53.035777+00:00]   Result: [2026-08-07T19:06:53.010184+00:00] CONTINUOUS_OODA_WORKER_COMPLETE
[2026-08-07T19:06:53.036017+00:00] Processing 138/246: 6a75893137f4e0714a23179c 📨 ooda plugin automation update sirgreen 20260806T0624Z
[2026-08-07T19:07:17.161429+00:00]   Result: [2026-08-07T19:07:17.136327+00:00] CONTINUOUS_OODA_WORKER_COMPLETE
[2026-08-07T19:07:17.161644+00:00] Processing 139/246: 6a758933b0bba34d34f69d65 📨 [INBOX] ooda plugin automation update sirgreen 20260806T06
[2026-08-07T19:07:40.364369+00:00]   Result: [2026-08-07T19:07:40.318968+00:00] CONTINUOUS_OODA_WORKER_COMPLETE
[2026-08-07T19:07:40.364683+00:00] Processing 140/246: 6a758934c9b2726fdb9bdd78 📨 [INBOX] obsidian plugin completion webhook retry sirgreen 
[2026-08-07T19:07:46.905947+00:00]   Result: [2026-08-07T19:07:46.881787+00:00] CONTINUOUS_OODA_WORKER_COMPLETE
[2026-08-07T19:07:46.906142+00:00] Progress: 140/246
[2026-08-07T19:07:46.907006+00:00] Processing 141/246: 6a758935db524f747a60a6b5 📨 [INBOX] ooda plugin automation complete sirgreen 20260806T
[2026-08-07T19:07:53.315824+00:00]   Result: [2026-08-07T19:07:53.287305+00:00] CONTINUOUS_OODA_WORKER_COMPLETE
[2026-08-07T19:07:53.316094+00:00] Processing 142/246: 6a7589360e047def4cece7fc 📨 [INBOX] dashboard port and swarm decision sirgreen 2026080
[2026-08-07T19:07:59.841316+00:00]   Result: [2026-08-07T19:07:59.817481+00:00] CONTINUOUS_OODA_WORKER_COMPLETE
[2026-08-07T19:07:59.841562+00:00] Processing 143/246: 6a758938570bb5e6476995fb 📨 [INBOX] pink docker build push and single ask sirgreen 202
[2026-08-07T19:08:06.703343+00:00]   Result: [2026-08-07T19:08:06.680148+00:00] CONTINUOUS_OODA_WORKER_COMPLETE
[2026-08-07T19:08:06.703547+00:00] Processing 144/246: 6a7589396e91985679185d83 📨 verify claimed changes and asks sirgreen 20260806T0645Z
[2026-08-07T19:08:13.390302+00:00]   Result: [2026-08-07T19:08:13.361763+00:00] CONTINUOUS_OODA_WORKER_COMPLETE
[2026-08-07T19:08:13.390548+00:00] Processing 145/246: 6a75893aff4bd4d8b2768a71 📨 [INBOX] verify claimed changes and asks sirgreen 20260806T
[2026-08-07T19:08:20.069238+00:00]   Result: [2026-08-07T19:08:20.038917+00:00] CONTINUOUS_OODA_WORKER_COMPLETE
[2026-08-07T19:08:20.069509+00:00] Processing 146/246: 6a75893b799e5f22d21430ab 📨 [INBOX] board audit obsidian deepdive and asks sirgreen 20
[2026-08-07T19:08:26.846983+00:00]   Result: [2026-08-07T19:08:26.821215+00:00] CONTINUOUS_OODA_WORKER_COMPLETE
[2026-08-07T19:08:26.847194+00:00] Processing 147/246: 6a75893d8b0158bbeae65933 📨 [INBOX] miss gordon k8s jobs cronjobs sirgreen 20260806
[2026-08-07T19:08:33.338347+00:00]   Result: [2026-08-07T19:08:33.306080+00:00] CONTINUOUS_OODA_WORKER_COMPLETE
[2026-08-07T19:08:33.338669+00:00] Processing 148/246: 6a75893ee7d5ddbd2d722d76 📨 [INBOX] followup dashboard top10 trello voidops sirgreen 2
[2026-08-07T19:08:57.068624+00:00]   Result: [2026-08-07T19:08:57.036406+00:00] CONTINUOUS_OODA_WORKER_COMPLETE
[2026-08-07T19:08:57.069174+00:00] Processing 149/246: 6a75893f48fa1255ad221200 📨 [INBOX] miss pink dashboard top10 trello voidops ask sirgr
[2026-08-07T19:09:20.752260+00:00]   Result: [2026-08-07T19:09:20.728541+00:00] CONTINUOUS_OODA_WORKER_COMPLETE
[2026-08-07T19:09:20.752461+00:00] Processing 150/246: 6a7589405f861bb6e84ba6b7 📨 [INBOX] pinkcady dashboard connectivity checklist sirgreen
[2026-08-07T19:09:45.073261+00:00]   Result: [2026-08-07T19:09:45.049634+00:00] CONTINUOUS_OODA_WORKER_COMPLETE
[2026-08-07T19:09:45.073514+00:00] Progress: 150/246
[2026-08-07T19:09:45.074399+00:00] Processing 151/246: 6a75894130db92bea127ca7e 📨 [INBOX] sirgreen trello automation questions sirgreen 2026
[2026-08-07T19:10:08.443048+00:00]   Result: [2026-08-07T19:10:08.419052+00:00] CONTINUOUS_OODA_WORKER_COMPLETE
[2026-08-07T19:10:08.443250+00:00] Processing 152/246: 6a7589431523f0fa490f9d09 📨 [INBOX] pinkcady dashboard test commands sirgreen 20260806
[2026-08-07T19:10:33.239057+00:00]   Result: [2026-08-07T19:10:33.204113+00:00] CONTINUOUS_OODA_WORKER_COMPLETE
[2026-08-07T19:10:33.239335+00:00] Processing 153/246: 6a7589443e0a40eec9853027 📨 [INBOX] sirgreen trello butler automation request sirgreen
[2026-08-07T19:10:57.034286+00:00]   Result: [2026-08-07T19:10:57.011526+00:00] CONTINUOUS_OODA_WORKER_COMPLETE
[2026-08-07T19:10:57.034499+00:00] Processing 154/246: 6a7589459dc3122cb7d3df39 📨 [INBOX] vault audit progress dashboard recommendations sir
[2026-08-07T19:11:20.202433+00:00]   Result: [2026-08-07T19:11:20.165218+00:00] CONTINUOUS_OODA_WORKER_COMPLETE
[2026-08-07T19:11:20.202806+00:00] Processing 155/246: 6a758946dcd672c874807b0f 📨 [INBOX] sirgreen share trello automation setup sirgreen 20
[2026-08-07T19:11:43.984525+00:00]   Result: [2026-08-07T19:11:43.957061+00:00] CONTINUOUS_OODA_WORKER_COMPLETE
[2026-08-07T19:11:43.984762+00:00] Processing 156/246: 6a758947bd13dbbd1036fccd 📨 [INBOX] sirgreen trello setup automation questions sirgree
[2026-08-07T19:12:07.308774+00:00]   Result: [2026-08-07T19:12:07.281301+00:00] CONTINUOUS_OODA_WORKER_COMPLETE
[2026-08-07T19:12:07.308981+00:00] Processing 157/246: 6a758949ef623d2eed8038cf 📨 [INBOX] sirgreen dashboard recommendations local network m
[2026-08-07T19:12:32.571914+00:00]   Result: [2026-08-07T19:12:32.541530+00:00] CONTINUOUS_OODA_WORKER_COMPLETE
[2026-08-07T19:12:32.572166+00:00] Processing 158/246: 6a75894afc2a87d39c8eda4f 📨 [INBOX] sirgreen final progress summary and asks sirgreen 
[2026-08-07T19:12:56.698113+00:00]   Result: [2026-08-07T19:12:56.676267+00:00] CONTINUOUS_OODA_WORKER_COMPLETE
[2026-08-07T19:12:56.698321+00:00] Processing 159/246: 6a75894bb61d4d52851d766e 📨 [INBOX] sirgreen continuous tasklist live sirgreen 2026080
[2026-08-07T19:13:00.827476+00:00]   Result: [2026-08-07T19:13:00.802896+00:00] CONTINUOUS_OODA_WORKER_COMPLETE
[2026-08-07T19:13:00.827678+00:00] Processing 160/246: 6a75894c8bb5fbc09929d8ae 📨 [INBOX] sirgreen verifier flags dashboard 8089 and rig rep
[2026-08-07T19:13:23.180488+00:00]   Result: [2026-08-07T19:13:23.154651+00:00] CONTINUOUS_OODA_WORKER_COMPLETE
[2026-08-07T19:13:23.180701+00:00] Progress: 160/246
[2026-08-07T19:13:23.181539+00:00] Processing 161/246: 6a75894ee6538a4dae6cbecd 📨 [INBOX] sirgreen dashboard endpoints status sirgreen 20260
[2026-08-07T19:13:45.640552+00:00]   Result: [2026-08-07T19:13:45.617310+00:00] CONTINUOUS_OODA_WORKER_COMPLETE
[2026-08-07T19:13:45.640759+00:00] Processing 162/246: 6a75894f16641f96753c5632 📨 [INBOX] sirgreen dashboard endpoints still 404 sirgreen 20
[2026-08-07T19:14:07.951283+00:00]   Result: [2026-08-07T19:14:07.927481+00:00] CONTINUOUS_OODA_WORKER_COMPLETE
[2026-08-07T19:14:07.951490+00:00] Processing 163/246: 6a7589504bfa8ef9b9ba11e0 📨 [INBOX] sirgreen dashboard deep dive summary sirgreen 2026
[2026-08-07T19:14:30.313024+00:00]   Result: [2026-08-07T19:14:30.279540+00:00] CONTINUOUS_OODA_WORKER_COMPLETE
[2026-08-07T19:14:30.313298+00:00] Processing 164/246: 6a7589516535c08f6d2c5d8f 📨 [INBOX] sirgreen final ooda summary sirgreen 20260806
[2026-08-07T19:14:52.921537+00:00]   Result: [2026-08-07T19:14:52.898176+00:00] CONTINUOUS_OODA_WORKER_COMPLETE
[2026-08-07T19:14:52.921750+00:00] Processing 165/246: 6a7589529fe332d70beb136d ✅ FIXED: Prometheus scrape config cleaned
[2026-08-07T19:15:16.120103+00:00]   Result: [2026-08-07T19:15:16.097689+00:00] CONTINUOUS_OODA_WORKER_COMPLETE
[2026-08-07T19:15:16.120319+00:00] Processing 166/246: 6a75895485b827bfeacc8894 🔑 NEEDS CREDS: Docker Hub auth failure
[2026-08-07T19:15:20.133701+00:00]   Result: [2026-08-07T19:15:20.110221+00:00] CONTINUOUS_OODA_WORKER_COMPLETE
[2026-08-07T19:15:20.133902+00:00] Processing 167/246: 6a758955885daf8362120646 📨 [INBOX] sirgreen docker progress and actions sirgreen 2026
[2026-08-07T19:15:24.321982+00:00]   Result: [2026-08-07T19:15:24.299072+00:00] CONTINUOUS_OODA_WORKER_COMPLETE
[2026-08-07T19:15:24.322200+00:00] Processing 168/246: 6a7589567bb5bd14c289c9a1 📨 [INBOX] sirgreen docker fixes summary sirgreen 20260806
[2026-08-07T19:15:47.494998+00:00]   Result: [2026-08-07T19:15:47.453853+00:00] CONTINUOUS_OODA_WORKER_COMPLETE
[2026-08-07T19:15:47.495315+00:00] Processing 169/246: 6a758958088d9a304d8498da 📨 [INBOX] sirgreen docker hub and dashboard request sirgreen
[2026-08-07T19:15:51.737381+00:00]   Result: [2026-08-07T19:15:51.702636+00:00] CONTINUOUS_OODA_WORKER_COMPLETE
[2026-08-07T19:15:51.737603+00:00] Processing 170/246: 6a75895907626d14b41863cc 📨 [INBOX] sirgreen void ops mirror request sirgreen 20260806
[2026-08-07T19:15:55.780503+00:00]   Result: [2026-08-07T19:15:55.757284+00:00] CONTINUOUS_OODA_WORKER_COMPLETE
[2026-08-07T19:15:55.780721+00:00] Progress: 170/246
[2026-08-07T19:15:55.781628+00:00] Processing 171/246: 6a75895abbf99bb49a916090 🔐 Sir Green: invite limited toruscoffeecompany collaborators
[2026-08-07T19:15:59.700795+00:00]   Result: [2026-08-07T19:15:59.676842+00:00] CONTINUOUS_OODA_WORKER_COMPLETE
[2026-08-07T19:15:59.701008+00:00] Processing 172/246: 6a75895c5a59d77cb8f7d609 [P1] Sir Green: add /api/fleet route to dashboard_server.py
[2026-08-07T19:16:03.758182+00:00]   Result: [2026-08-07T19:16:03.733994+00:00] CONTINUOUS_OODA_WORKER_COMPLETE
[2026-08-07T19:16:03.758380+00:00] Processing 173/246: 6a75895e41d6fe7d98b265ee Setup Google Analytics
[2026-08-07T19:16:07.802614+00:00]   Result: [2026-08-07T19:16:07.775653+00:00] CONTINUOUS_OODA_WORKER_COMPLETE
[2026-08-07T19:16:07.802853+00:00] Processing 174/246: 6a7589604e605ff5499c5686 Setup Obsidian Vault
[2026-08-07T19:16:11.787494+00:00]   Result: [2026-08-07T19:16:11.752408+00:00] CONTINUOUS_OODA_WORKER_COMPLETE
[2026-08-07T19:16:11.787754+00:00] Processing 175/246: 6a75896164c5703182d4e899 [P1] Sir Green: add /api/tools route to dashboard_server.py
[2026-08-07T19:16:33.811389+00:00]   Result: [2026-08-07T19:16:33.785371+00:00] CONTINUOUS_OODA_WORKER_COMPLETE
[2026-08-07T19:16:33.811600+00:00] Processing 176/246: 6a7589637b1c05cf671a13d9 👥 Sir Green: invite limited toruscoffeecompany collaborators
[2026-08-07T19:16:56.606055+00:00]   Result: [2026-08-07T19:16:56.582422+00:00] CONTINUOUS_OODA_WORKER_COMPLETE
[2026-08-07T19:16:56.606280+00:00] Processing 177/246: 6a75896450f950c1b08407ad [P1] Sir Green: add /api/hw route to dashboard_server.py
[2026-08-07T19:17:18.859707+00:00]   Result: [2026-08-07T19:17:18.828494+00:00] CONTINUOUS_OODA_WORKER_COMPLETE
[2026-08-07T19:17:18.859939+00:00] Processing 178/246: 6a7589651b1414b7bc8d08d5 [P1] Sir Green: add /api/rig-report route to dashboard_serve
[2026-08-07T19:17:41.580473+00:00]   Result: [2026-08-07T19:17:41.558810+00:00] CONTINUOUS_OODA_WORKER_COMPLETE
[2026-08-07T19:17:41.580692+00:00] Processing 179/246: 6a758966eb976286a02dc3d0 Test freeze-dried SOP in production
[2026-08-07T19:17:47.912538+00:00]   Result: [2026-08-07T19:17:47.890307+00:00] CONTINUOUS_OODA_WORKER_COMPLETE
[2026-08-07T19:17:47.912748+00:00] Processing 180/246: 6a75896838e0931f044ee9a8 Setup Square payment links
[2026-08-07T19:17:54.568623+00:00]   Result: [2026-08-07T19:17:54.546695+00:00] CONTINUOUS_OODA_WORKER_COMPLETE
[2026-08-07T19:17:54.568819+00:00] Progress: 180/246
[2026-08-07T19:17:54.569700+00:00] Processing 181/246: 6a75896998dc5c39b95467c6 Research free inventory tools (Square/Zoho/Sortly)
[2026-08-07T19:18:00.976795+00:00]   Result: [2026-08-07T19:18:00.951210+00:00] CONTINUOUS_OODA_WORKER_COMPLETE
[2026-08-07T19:18:00.977001+00:00] Processing 182/246: 6a75896a3632d256d23b49f9 Deep vault audit completed
[2026-08-07T19:18:07.139003+00:00]   Result: [2026-08-07T19:18:07.117107+00:00] CONTINUOUS_OODA_WORKER_COMPLETE
[2026-08-07T19:18:07.139225+00:00] Processing 183/246: 6a75896b1b6a8bdbe9d6db90 Fixed dashboard credentials.ts path
[2026-08-07T19:18:13.255159+00:00]   Result: [2026-08-07T19:18:13.216569+00:00] CONTINUOUS_OODA_WORKER_COMPLETE
[2026-08-07T19:18:13.255448+00:00] Processing 184/246: 6a75896c4039d3f60daf96fa Created dashboard_launcher.py + startup shortcut
[2026-08-07T19:18:19.436125+00:00]   Result: [2026-08-07T19:18:19.413113+00:00] CONTINUOUS_OODA_WORKER_COMPLETE
[2026-08-07T19:18:19.436320+00:00] Processing 185/246: 6a75896ee1d84453c52ff789 Deploy website to Vercel
[2026-08-07T19:18:25.883224+00:00]   Result: [2026-08-07T19:18:25.858008+00:00] CONTINUOUS_OODA_WORKER_COMPLETE
[2026-08-07T19:18:25.883475+00:00] Processing 186/246: 6a75896fa04c71b2751aed71 Gordon audited Sir Green's Docker fleet
[2026-08-07T19:18:48.355381+00:00]   Result: [2026-08-07T19:18:48.312117+00:00] CONTINUOUS_OODA_WORKER_COMPLETE
[2026-08-07T19:18:48.355691+00:00] Processing 187/246: 6a758970843030183a361c45 Gordon caught Sir Green's overclaim
[2026-08-07T19:18:54.633803+00:00]   Result: [2026-08-07T19:18:54.608738+00:00] CONTINUOUS_OODA_WORKER_COMPLETE
[2026-08-07T19:18:54.634022+00:00] Processing 188/246: 6a75897307c48205cd582bdc torus-pos deployed and healthy
[2026-08-07T19:19:00.899493+00:00]   Result: [2026-08-07T19:19:00.877777+00:00] CONTINUOUS_OODA_WORKER_COMPLETE
[2026-08-07T19:19:00.899703+00:00] Processing 189/246: 6a758974a237f8eedb391c85 torus-inventory fixed and deployed
[2026-08-07T19:19:23.235470+00:00]   Result: [2026-08-07T19:19:23.210478+00:00] CONTINUOUS_OODA_WORKER_COMPLETE
[2026-08-07T19:19:23.235696+00:00] Processing 190/246: 6a75897500a81337aa31dfea Design website architecture: Next.js + dashboard
[2026-08-07T19:19:45.403156+00:00]   Result: [2026-08-07T19:19:45.359813+00:00] CONTINUOUS_OODA_WORKER_COMPLETE
[2026-08-07T19:19:45.403439+00:00] Progress: 190/246
[2026-08-07T19:19:45.404763+00:00] Processing 191/246: 6a75897837f4e0714a23594f Build automation dashboard page
[2026-08-07T19:20:07.897551+00:00]   Result: [2026-08-07T19:20:07.873507+00:00] CONTINUOUS_OODA_WORKER_COMPLETE
[2026-08-07T19:20:07.897765+00:00] Processing 192/246: 6a758979784c7081f7ef5ff3 Build inventory dashboard widget
[2026-08-07T19:20:30.458346+00:00]   Result: [2026-08-07T19:20:30.404385+00:00] CONTINUOUS_OODA_WORKER_COMPLETE
[2026-08-07T19:20:30.458742+00:00] Processing 193/246: 6a75897ba83a8991d4fa62c0 Build Obsidian vault watcher daemon
[2026-08-07T19:20:52.870018+00:00]   Result: [2026-08-07T19:20:52.844255+00:00] CONTINUOUS_OODA_WORKER_COMPLETE
[2026-08-07T19:20:52.870232+00:00] Processing 194/246: 6a75897d9951a3cb70e164b1 Build content pipeline: Substack + X + AI assets
[2026-08-07T19:21:14.963059+00:00]   Result: [2026-08-07T19:21:14.939068+00:00] CONTINUOUS_OODA_WORKER_COMPLETE
[2026-08-07T19:21:14.963265+00:00] Processing 195/246: 6a75897f8e28e479fd6a4979 Build crew scheduler with capacity-aware rules
[2026-08-07T19:21:37.604467+00:00]   Result: [2026-08-07T19:21:37.576522+00:00] CONTINUOUS_OODA_WORKER_COMPLETE
[2026-08-07T19:21:37.604679+00:00] Processing 196/246: 6a758980705198b88c106927 Wire Google Calendar sync end-to-end
[2026-08-07T19:21:59.509736+00:00]   Result: [2026-08-07T19:21:59.476999+00:00] CONTINUOUS_OODA_WORKER_COMPLETE
[2026-08-07T19:21:59.509995+00:00] Processing 197/246: 6a7589829dc3122cb7d42016 Sync Obsidian tasklist → Trello/GitHub status
[2026-08-07T19:22:21.840296+00:00]   Result: [2026-08-07T19:22:21.809221+00:00] CONTINUOUS_OODA_WORKER_COMPLETE
[2026-08-07T19:22:21.840563+00:00] Processing 198/246: 6a7589838f9aa9c752547871 Automate YouTube production workflow
[2026-08-07T19:22:44.068729+00:00]   Result: [2026-08-07T19:22:44.044306+00:00] CONTINUOUS_OODA_WORKER_COMPLETE
[2026-08-07T19:22:44.068935+00:00] Processing 199/246: 6a758985d6df54b8623fe79e Automate AI image/video asset generation
[2026-08-07T19:23:05.927706+00:00]   Result: [2026-08-07T19:23:05.906677+00:00] CONTINUOUS_OODA_WORKER_COMPLETE
[2026-08-07T19:23:05.927907+00:00] Processing 200/246: 6a758986e33697e3f0062292 Follow-up: Miss Pink GitHub auth + clone
[2026-08-07T19:23:09.892220+00:00]   Result: [2026-08-07T19:23:09.865788+00:00] CONTINUOUS_OODA_WORKER_COMPLETE
[2026-08-07T19:23:09.892463+00:00] Progress: 200/246
[2026-08-07T19:23:09.893727+00:00] Processing 201/246: 6a75898828efd0016885aca5 Sir Green Discord bot: watcher auto-restart/crash recovery
[2026-08-07T19:23:32.031542+00:00]   Result: [2026-08-07T19:23:31.968212+00:00] CONTINUOUS_OODA_WORKER_COMPLETE
[2026-08-07T19:23:32.031940+00:00] Processing 202/246: 6a75898a2e530ff316871ff7 Miss Pink: build Discord bot for VOID Pirate server
[2026-08-07T19:23:54.275843+00:00]   Result: [2026-08-07T19:23:54.253807+00:00] CONTINUOUS_OODA_WORKER_COMPLETE
[2026-08-07T19:23:54.276057+00:00] Processing 203/246: 6a75898ccd67e50571693d3f Discord trusted accounts: add `tradecrushersmith` ID to `acc
[2026-08-07T19:24:15.784444+00:00]   Result: [2026-08-07T19:24:15.762109+00:00] CONTINUOUS_OODA_WORKER_COMPLETE
[2026-08-07T19:24:15.784673+00:00] Processing 204/246: 6a75898eff44ddf98f028712 Sir Green watcher auto-restart/crash recovery
[2026-08-07T19:24:38.883741+00:00]   Result: [2026-08-07T19:24:38.855248+00:00] CONTINUOUS_OODA_WORKER_COMPLETE
[2026-08-07T19:24:38.884036+00:00] Processing 205/246: 6a758990eb882b98428fecf5 Discord developer team: enable 2FA and verify email for all 
[2026-08-07T19:25:00.895954+00:00]   Result: [2026-08-07T19:25:00.874813+00:00] CONTINUOUS_OODA_WORKER_COMPLETE
[2026-08-07T19:25:00.896158+00:00] Processing 206/246: 6a75899158086af488986c16 Sir Green ↔ Miss Pink checks and balances system
[2026-08-07T19:25:02.461898+00:00]   Result: [2026-08-07T19:25:02.428259+00:00] CONTINUOUS_OODA_WORKER_COMPLETE
[2026-08-07T19:25:02.462128+00:00] Processing 207/246: 6a758993681f6baa5d0bb753 Miss Pink: confirm PINKCADY Tailscale + bridge + inbox watch
[2026-08-07T19:25:25.366527+00:00]   Result: [2026-08-07T19:25:25.343326+00:00] CONTINUOUS_OODA_WORKER_COMPLETE
[2026-08-07T19:25:25.366734+00:00] Processing 208/246: 6a7589943bcf75d5aa78272d Miss Pink Rig: full hardware/software inventory pass
[2026-08-07T19:25:29.526268+00:00]   Result: [2026-08-07T19:25:29.492561+00:00] CONTINUOUS_OODA_WORKER_COMPLETE
[2026-08-07T19:25:29.526511+00:00] Processing 209/246: 6a7589964dc16b0037f9d5ab Gmail: opsec-safe email triage automation — read, organize, 
[2026-08-07T19:25:33.612405+00:00]   Result: [2026-08-07T19:25:33.568786+00:00] CONTINUOUS_OODA_WORKER_COMPLETE
[2026-08-07T19:25:33.612652+00:00] Processing 210/246: 6a75899756307560a3089f1c Setup: install GitHub CLI on Miss Pink Rig (PINKCADY)
[2026-08-07T19:25:37.594518+00:00]   Result: [2026-08-07T19:25:37.563208+00:00] CONTINUOUS_OODA_WORKER_COMPLETE
[2026-08-07T19:25:37.594751+00:00] Progress: 210/246
[2026-08-07T19:25:37.595722+00:00] Processing 211/246: 6a7589995cac059c4dd477cf Miss Pink Rig: confirm tailscale status, bridge health, gh a
[2026-08-07T19:25:59.973759+00:00]   Result: [2026-08-07T19:25:59.943886+00:00] CONTINUOUS_OODA_WORKER_COMPLETE
[2026-08-07T19:25:59.974003+00:00] Processing 212/246: 6a75899bb7cf1af4adfc2c26 GitHub: add Miss Pink as VOIDPirateTrade collaborator with p
[2026-08-07T19:26:04.438047+00:00]   Result: [2026-08-07T19:26:04.414823+00:00] CONTINUOUS_OODA_WORKER_COMPLETE
[2026-08-07T19:26:04.438315+00:00] Processing 213/246: 6a758a33d09a0e14ad056f58 P2: Verify Miss Pink's Inbox automation routing
[2026-08-07T19:26:08.390001+00:00]   Result: [2026-08-07T19:26:08.366823+00:00] CONTINUOUS_OODA_WORKER_COMPLETE
[2026-08-07T19:26:08.390207+00:00] Processing 214/246: 6a75891568d328891b983592 📨 [INBOX] FLEET VERIFIED LOCALLY SQUIDSTATION PUSH OR SWARM 
[2026-08-07T19:26:12.243556+00:00]   Result: [2026-08-07T19:26:12.207666+00:00] CONTINUOUS_OODA_WORKER_COMPLETE
[2026-08-07T19:26:12.243792+00:00] Processing 215/246: 6a75892249dac6611a2c7408 📨 [INBOX] SQUIDSTATION DEPLOY STATUS 20260806 sirazure.msg
[2026-08-07T19:26:16.272993+00:00]   Result: [2026-08-07T19:26:16.246095+00:00] CONTINUOUS_OODA_WORKER_COMPLETE
[2026-08-07T19:26:16.273274+00:00] Processing 216/246: 6a75899f1baa64f29b78850a Sir Azure: discover SQUIDSTATION and PINKCADY network shares
[2026-08-07T19:26:20.055398+00:00]   Result: [2026-08-07T19:26:20.021533+00:00] CONTINUOUS_OODA_WORKER_COMPLETE
[2026-08-07T19:26:20.055751+00:00] Processing 217/246: 6a7589a1d32d06722bbae2a5 Sir Azure: read-only access only — do not edit SQUIDSTATION/
[2026-08-07T19:26:24.147333+00:00]   Result: [2026-08-07T19:26:24.111753+00:00] CONTINUOUS_OODA_WORKER_COMPLETE
[2026-08-07T19:26:24.147592+00:00] Processing 218/246: 6a7589a27f895898c98c91af FUN: rename PCs to pirate Rig names — STEALTHATTACK=Sir Azur
[2026-08-07T19:26:46.516831+00:00]   Result: [2026-08-07T19:26:46.480479+00:00] CONTINUOUS_OODA_WORKER_COMPLETE
[2026-08-07T19:26:46.517086+00:00] Processing 219/246: 6a7589a4cd92030e24e4d12a 📨 [INBOX] DEPLOY PACKAGE AND QUESTIONS 20260806 sirazure.msg
[2026-08-07T19:27:09.336187+00:00]   Result: [2026-08-07T19:27:09.308286+00:00] CONTINUOUS_OODA_WORKER_COMPLETE
[2026-08-07T19:27:09.336425+00:00] Processing 220/246: 6a7589a6ff0b2c447737e9a5 📨 [INBOX] DOCKER BUILD AND DEPLOY QUESTIONS 20260806 sirazur
[2026-08-07T19:27:31.330563+00:00]   Result: [2026-08-07T19:27:31.276836+00:00] CONTINUOUS_OODA_WORKER_COMPLETE
[2026-08-07T19:27:31.330912+00:00] Progress: 220/246
[2026-08-07T19:27:31.332851+00:00] Processing 221/246: 6a7589a728b9c24425b157c0 📡 Sir Azure: run crew_connectivity_monitor.py
[2026-08-07T19:27:53.351619+00:00]   Result: [2026-08-07T19:27:53.328119+00:00] CONTINUOUS_OODA_WORKER_COMPLETE
[2026-08-07T19:27:53.351826+00:00] Processing 222/246: 6a7589a91ba87c48b70acd83 🧑‍🤝‍🧑 Invite Sir Green + Sir Azure as limited toruscoffeecom
[2026-08-07T19:27:59.391436+00:00]   Result: [2026-08-07T19:27:59.367531+00:00] CONTINUOUS_OODA_WORKER_COMPLETE
[2026-08-07T19:27:59.391652+00:00] Processing 223/246: 6a7589aa0a548b2e3e7e4dd7 🔗 Add GitHub link + token instructions for VOIDPirateTrade
[2026-08-07T19:28:05.553393+00:00]   Result: [2026-08-07T19:28:05.529471+00:00] CONTINUOUS_OODA_WORKER_COMPLETE
[2026-08-07T19:28:05.553592+00:00] Processing 224/246: 6a7589abebd45840a2a18037 👥 Grant Sir Green/Sir Azure limited access to toruscoffeecom
[2026-08-07T19:28:11.764006+00:00]   Result: [2026-08-07T19:28:11.736574+00:00] CONTINUOUS_OODA_WORKER_COMPLETE
[2026-08-07T19:28:11.764200+00:00] Processing 225/246: 6a758a35781e3f106b0bbea7 🧭 Track Miss Pink persona/lore + Cosmos Library updates
[2026-08-07T19:28:18.021568+00:00]   Result: [2026-08-07T19:28:17.999822+00:00] CONTINUOUS_OODA_WORKER_COMPLETE
[2026-08-07T19:28:18.021777+00:00] Processing 226/246: 6a758a37729f9eb70f0d1cee 📡 Run crew_connectivity_monitor.py on PINKCADY
[2026-08-07T19:28:24.069372+00:00]   Result: [2026-08-07T19:28:24.046878+00:00] CONTINUOUS_OODA_WORKER_COMPLETE
[2026-08-07T19:28:24.069569+00:00] Processing 227/246: 6a758a38ce1b8d417712877d Review Task Scheduler Jobs
[2026-08-07T19:28:30.170580+00:00]   Result: [2026-08-07T19:28:30.127470+00:00] CONTINUOUS_OODA_WORKER_COMPLETE
[2026-08-07T19:28:30.170935+00:00] Processing 228/246: 6a758a3a223a24f67bb461ff [P1] Sir Azure: install nikto tshark yara on PINKCADY
[2026-08-07T19:28:36.332872+00:00]   Result: [2026-08-07T19:28:36.299641+00:00] CONTINUOUS_OODA_WORKER_COMPLETE
[2026-08-07T19:28:36.333109+00:00] Processing 229/246: 6a758a3be21f75d236d0bb7b Generate social templates with Sir Azure
[2026-08-07T19:28:58.756289+00:00]   Result: [2026-08-07T19:28:58.731575+00:00] CONTINUOUS_OODA_WORKER_COMPLETE
[2026-08-07T19:28:58.756496+00:00] Processing 230/246: 6a758a3d4b12d0e29498d829 Vendor Booth Backdrop - Generate Artwork
[2026-08-07T19:29:04.702841+00:00]   Result: [2026-08-07T19:29:04.681060+00:00] CONTINUOUS_OODA_WORKER_COMPLETE
[2026-08-07T19:29:04.703046+00:00] Progress: 230/246
[2026-08-07T19:29:04.703935+00:00] Processing 231/246: 6a758a3e1811076507aec1f9 Sir Azure AI Media Pipeline Setup
[2026-08-07T19:29:11.065724+00:00]   Result: [2026-08-07T19:29:11.035844+00:00] CONTINUOUS_OODA_WORKER_COMPLETE
[2026-08-07T19:29:11.065926+00:00] Processing 232/246: 6a758a3f489638d97f0d69e4 Sir Azure build template created
[2026-08-07T19:29:32.880064+00:00]   Result: [2026-08-07T19:29:32.849719+00:00] CONTINUOUS_OODA_WORKER_COMPLETE
[2026-08-07T19:29:32.880327+00:00] Processing 233/246: 6a758a408208e00c65947dc3 Docker connection established
[2026-08-07T19:29:54.923157+00:00]   Result: [2026-08-07T19:29:54.878899+00:00] CONTINUOUS_OODA_WORKER_COMPLETE
[2026-08-07T19:29:54.923423+00:00] Processing 234/246: 6a758a42e43ea7e69f414a96 Review Gordon's audit findings
[2026-08-07T19:30:17.258748+00:00]   Result: [2026-08-07T19:30:17.235784+00:00] CONTINUOUS_OODA_WORKER_COMPLETE
[2026-08-07T19:30:17.258959+00:00] Processing 235/246: 6a758a446ef03639a798949f Audit Sir Azure build template
[2026-08-07T19:30:39.128880+00:00]   Result: [2026-08-07T19:30:39.092676+00:00] CONTINUOUS_OODA_WORKER_COMPLETE
[2026-08-07T19:30:39.129321+00:00] Processing 236/246: 6a758a456b26710b300f931b Video projection automation: remaining items for AI video/so
[2026-08-07T19:31:01.193460+00:00]   Result: [2026-08-07T19:31:01.165398+00:00] CONTINUOUS_OODA_WORKER_COMPLETE
[2026-08-07T19:31:01.193677+00:00] Processing 237/246: 6a758a466f2ad60c8b9b387a Verify Torus Coffee repos shared to Sir Azure
[2026-08-07T19:31:22.943122+00:00]   Result: [2026-08-07T19:31:22.916626+00:00] CONTINUOUS_OODA_WORKER_COMPLETE
[2026-08-07T19:31:22.943356+00:00] Processing 238/246: 6a758a49e8a02a6051210d13 Share Torus Coffee repos to Sir Azure after VOID access conf
[2026-08-07T19:31:45.934921+00:00]   Result: [2026-08-07T19:31:45.905851+00:00] CONTINUOUS_OODA_WORKER_COMPLETE
[2026-08-07T19:31:45.935140+00:00] Processing 239/246: 6a758a4a00279ffe03c29ec9 Sir Green/Miss Pink/Sir Azure automation bridge: mesh-ready 
[2026-08-07T19:32:08.091614+00:00]   Result: [2026-08-07T19:32:08.070097+00:00] CONTINUOUS_OODA_WORKER_COMPLETE
[2026-08-07T19:32:08.091859+00:00] Processing 240/246: 6a758a4ba9d535c63f9616c0 Sir Azure: verify VOIDPirateTrade GitHub repo access with gh
[2026-08-07T19:32:29.805387+00:00]   Result: [2026-08-07T19:32:29.782317+00:00] CONTINUOUS_OODA_WORKER_COMPLETE
[2026-08-07T19:32:29.805662+00:00] Progress: 240/246
[2026-08-07T19:32:29.806880+00:00] Processing 241/246: 6a758a4d479cdbde2cd21076 Miss Pink: prepare Torus repos list for GitHub sharing to Si
[2026-08-07T19:32:51.857723+00:00]   Result: [2026-08-07T19:32:51.811932+00:00] CONTINUOUS_OODA_WORKER_COMPLETE
[2026-08-07T19:32:51.858010+00:00] Processing 242/246: 6a758a4e843030183a370f0f Sir Azure: confirm STEALTHATTACK Tailscale + drive maps + gh
[2026-08-07T19:33:13.453828+00:00]   Result: [2026-08-07T19:33:13.430391+00:00] CONTINUOUS_OODA_WORKER_COMPLETE
[2026-08-07T19:33:13.454038+00:00] Processing 243/246: 6a758a50f9700d79c3fb87b0 GitHub: share Torus Coffee repos to Miss Pink and Sir Azure
[2026-08-07T19:33:17.335564+00:00]   Result: [2026-08-07T19:33:17.307001+00:00] CONTINUOUS_OODA_WORKER_COMPLETE
[2026-08-07T19:33:17.335775+00:00] Processing 244/246: 6a758a51157e2952120d4203 GitHub: add Sir Azure as VOIDPirateTrade collaborator with p
[2026-08-07T19:33:39.392509+00:00]   Result: [2026-08-07T19:33:39.359493+00:00] CONTINUOUS_OODA_WORKER_COMPLETE
[2026-08-07T19:33:39.392739+00:00] Processing 245/246: 6a758a529952d070a0b13b35 GitHub: share Torus Coffee repos to Miss Pink and Sir Azure 
[2026-08-07T19:34:01.537145+00:00]   Result: [2026-08-07T19:34:01.508363+00:00] CONTINUOUS_OODA_WORKER_COMPLETE
[2026-08-07T19:34:01.537454+00:00] Processing 246/246: 6a758aec9d0ebc1f09ae0651 P1: Document Sir Azure Queue Mapping Logic in his obsidian v
[2026-08-07T19:34:23.178765+00:00]   Result: [2026-08-07T19:34:23.155494+00:00] CONTINUOUS_OODA_WORKER_COMPLETE
[2026-08-07T19:34:23.179099+00:00] HIGH_PRIORITY_OODA_LOOP_COMPLETE processed=246
