[2026-08-08T00:40:03.302970+00:00] MASTER_OODA_LOOP_START
[2026-08-08T00:40:04.580213+00:00] WORKING trello: Deploy website to free hosting
[2026-08-08T00:40:04.581121+00:00] CARD_REVIEW 6a712bc79bc50687e977187a created D:\Work\Torus Coffee Company LLC\10_Skills_Library\05_Operations\ops_notes\review\deploy_website_to_free_hosting_review.md
[2026-08-08T00:41:06.406942+00:00] WORKING trello: Automate Discord bot presence checks into smart ticket system
[2026-08-08T00:41:06.407700+00:00] CARD_REVIEW 6a763bb78023e8cfb3e1ac61 created D:\Work\Torus Coffee Company LLC\10_Skills_Library\05_Operations\ops_notes\review\automate_discord_bot_presence_checks_into_smart_ticket_system_review.md
[2026-08-08T00:42:08.115031+00:00] WORKING trello: Deploy website to free hosting
[2026-08-08T00:43:09.759256+00:00] WORKING trello: Automate Discord bot presence checks into smart ticket system
[2026-08-08T00:44:11.652657+00:00] WORKING trello: Deploy website to free hosting
[2026-08-08T00:45:13.493209+00:00] WORKING trello: Automate Discord bot presence checks into smart ticket system
[2026-08-08T00:46:15.664521+00:00] WORKING trello: Deploy website to free hosting
[2026-08-08T00:47:17.320309+00:00] WORKING trello: Automate Discord bot presence checks into smart ticket system
[2026-08-08T00:48:19.120341+00:00] WORKING trello: Deploy website to free hosting
[2026-08-08T00:49:20.734186+00:00] WORKING trello: Automate Discord bot presence checks into smart ticket system
[2026-08-08T00:50:22.635348+00:00] WORKING trello: Deploy website to free hosting
[2026-08-08T00:51:25.301296+00:00] WORKING trello: Automate Discord bot presence checks into smart ticket system
[2026-08-08T00:52:26.956263+00:00] WORKING trello: Deploy website to free hosting
[2026-08-08T00:53:29.395478+00:00] WORKING trello: Automate Discord bot presence checks into smart ticket system
[2026-08-08T00:54:30.882300+00:00] WORKING trello: Deploy website to free hosting
[2026-08-08T00:55:33.131657+00:00] WORKING trello: Automate Discord bot presence checks into smart ticket system
[2026-08-08T00:56:34.959959+00:00] WORKING trello: Deploy website to free hosting
[2026-08-08T00:57:37.907892+00:00] WORKING trello: Automate Discord bot presence checks into smart ticket system
[2026-08-08T00:58:39.744518+00:00] WORKING trello: Deploy website to free hosting
[2026-08-08T00:59:41.495001+00:00] WORKING trello: Automate Discord bot presence checks into smart ticket system
[2026-08-08T01:00:44.103174+00:00] WORKING trello: Deploy website to free hosting
[2026-08-08T01:01:45.862375+00:00] WORKING trello: Automate Discord bot presence checks into smart ticket system
[2026-08-08T01:02:47.659575+00:00] WORKING trello: Deploy website to free hosting
[2026-08-08T01:03:50.863620+00:00] WORKING trello: Automate Discord bot presence checks into smart ticket system
[2026-08-08T01:04:52.639665+00:00] WORKING trello: Deploy website to free hosting
[2026-08-08T01:05:55.233059+00:00] WORKING trello: Automate Discord bot presence checks into smart ticket system
[2026-08-08T01:06:56.919014+00:00] WORKING trello: Deploy website to free hosting
[2026-08-08T01:07:58.679542+00:00] WORKING trello: Automate Discord bot presence checks into smart ticket system
[2026-08-08T01:09:00.359121+00:00] WORKING trello: Deploy website to free hosting
[2026-08-08T01:10:02.059085+00:00] WORKING trello: Automate Discord bot presence checks into smart ticket system
[2026-08-08T01:11:03.929923+00:00] WORKING trello: Document TOOL_AC incident playbooks and train crew
[2026-08-08T01:11:03.930713+00:00] CARD_REVIEW 6a763bb1523b53b14f6b8a0d created D:\Work\Torus Coffee Company LLC\10_Skills_Library\05_Operations\ops_notes\review\document_tool_ac_incident_playbooks_and_train_crew_review.md
[2026-08-08T01:12:05.855264+00:00] WORKING trello: Automate Discord bot presence checks into smart ticket system
[2026-08-08T01:13:07.952136+00:00] WORKING trello: Document TOOL_AC incident playbooks and train crew
[2026-08-08T01:14:09.536954+00:00] WORKING trello: Automate Discord bot presence checks into smart ticket system
[2026-08-08T01:15:11.633675+00:00] WORKING trello: Document TOOL_AC incident playbooks and train crew
[2026-08-08T01:16:13.174552+00:00] WORKING trello: Automate Discord bot presence checks into smart ticket system
[2026-08-08T01:17:15.478480+00:00] WORKING trello: Document TOOL_AC incident playbooks and train crew
[2026-08-08T01:18:16.995228+00:00] WORKING trello: Automate Discord bot presence checks into smart ticket system
[2026-08-08T01:19:18.554203+00:00] WORKING trello: Automate Discord bot presence checks into smart ticket system
[2026-08-08T01:20:20.442428+00:00] WORKING trello: Fleet: deploy fleet_comms_watcher on SQUIDSTATION/PINKCADY/STEALTHATTACK
[2026-08-08T01:20:20.443267+00:00] CARD_REVIEW 6a752e3eff4d9d4cca8945a1 created D:\Work\Torus Coffee Company LLC\10_Skills_Library\05_Operations\ops_notes\review\fleet_deploy_fleet_comms_watcher_on_squidstation_pinkcady_stealthattack_review.md
[2026-08-08T01:21:22.058597+00:00] WORKING trello: Automate Discord bot presence checks into smart ticket system
[2026-08-08T01:22:24.005644+00:00] WORKING trello: Automate Discord bot presence checks into smart ticket system
[2026-08-08T01:23:25.666752+00:00] WORKING trello: Master OODA Execution Tasklist — P0-P3
[2026-08-08T01:23:25.667465+00:00] CARD_REVIEW 6a71b462b21cd08f9f3f6eb9 created D:\Work\Torus Coffee Company LLC\10_Skills_Library\05_Operations\ops_notes\review\master_ooda_execution_tasklist_p0_p3_review.md
