[2026-08-07T20:28:59.016380+00:00] OBSIDIAN_INTEGRATION_OODA_LOOP_START
[2026-08-07T20:28:59.018017+00:00] Total=8 Pending=8
[2026-08-07T20:28:59.018273+00:00] WORKING obs-001: Parse Obsidian build guide and extract required folder/page structure
[2026-08-07T20:28:59.018559+00:00] WORKING obs-002: Create Obsidian vault folder structure from Miss Gordon's guide
[2026-08-07T20:28:59.018770+00:00] WORKING obs-003: Generate 44 tool pages in Obsidian from templates
[2026-08-07T20:28:59.029466+00:00] Total=8 Pending=5
[2026-08-07T20:28:59.029730+00:00] WORKING obs-004: Generate 5 workflow pages and 4 decision tree pages
[2026-08-07T20:28:59.029910+00:00] WORKING obs-005: Integrate tool execution matrix and Dataview queries
[2026-08-07T20:28:59.030460+00:00] WORKING obs-006: Automate daily briefings and health checks into Obsidian
[2026-08-07T20:28:59.041396+00:00] Total=8 Pending=2
[2026-08-07T20:28:59.041683+00:00] WORKING obs-007: Validate Obsidian integration end to end
[2026-08-07T20:28:59.041974+00:00] WORKING obs-008: Coordinate with Sir Green/Sir Azure on local network access and Discord bot hosting
[2026-08-07T20:28:59.054620+00:00] NO_PENDING_TASKS
[2026-08-07T20:29:59.055246+00:00] NO_PENDING_TASKS
[2026-08-07T20:30:59.056601+00:00] NO_PENDING_TASKS
[2026-08-07T20:31:59.058138+00:00] NO_PENDING_TASKS
[2026-08-07T20:32:59.059417+00:00] NO_PENDING_TASKS
[2026-08-07T20:33:59.060165+00:00] NO_PENDING_TASKS
[2026-08-07T20:34:59.060992+00:00] NO_PENDING_TASKS
[2026-08-07T20:35:59.062285+00:00] NO_PENDING_TASKS
[2026-08-07T20:36:59.063116+00:00] NO_PENDING_TASKS
[2026-08-07T20:37:59.063719+00:00] NO_PENDING_TASKS
[2026-08-07T20:38:59.064503+00:00] NO_PENDING_TASKS
[2026-08-07T20:39:59.065302+00:00] NO_PENDING_TASKS
[2026-08-07T20:40:59.066099+00:00] NO_PENDING_TASKS
[2026-08-07T20:41:59.066839+00:00] NO_PENDING_TASKS
[2026-08-07T20:42:59.067610+00:00] NO_PENDING_TASKS
[2026-08-07T20:43:59.068653+00:00] NO_PENDING_TASKS
[2026-08-07T20:44:59.069685+00:00] NO_PENDING_TASKS
[2026-08-07T20:45:59.070646+00:00] NO_PENDING_TASKS
[2026-08-07T20:46:59.072221+00:00] NO_PENDING_TASKS
[2026-08-07T20:47:59.073036+00:00] NO_PENDING_TASKS
[2026-08-07T20:48:59.074065+00:00] NO_PENDING_TASKS
[2026-08-07T20:49:59.076658+00:00] NO_PENDING_TASKS
[2026-08-07T20:50:59.077571+00:00] NO_PENDING_TASKS
[2026-08-07T20:51:59.078297+00:00] NO_PENDING_TASKS
[2026-08-07T20:52:59.079228+00:00] NO_PENDING_TASKS
[2026-08-07T20:53:59.080291+00:00] NO_PENDING_TASKS
[2026-08-07T20:54:59.081167+00:00] NO_PENDING_TASKS
[2026-08-07T20:55:59.082195+00:00] NO_PENDING_TASKS
[2026-08-07T20:56:59.083761+00:00] NO_PENDING_TASKS
[2026-08-07T20:57:59.084435+00:00] NO_PENDING_TASKS
[2026-08-07T20:58:59.086000+00:00] NO_PENDING_TASKS
[2026-08-07T20:59:59.087284+00:00] NO_PENDING_TASKS
[2026-08-07T21:00:59.088515+00:00] NO_PENDING_TASKS
[2026-08-07T21:01:59.089357+00:00] NO_PENDING_TASKS
[2026-08-07T21:02:59.090427+00:00] NO_PENDING_TASKS
[2026-08-07T21:03:59.091526+00:00] NO_PENDING_TASKS
[2026-08-07T21:04:59.092943+00:00] NO_PENDING_TASKS
[2026-08-07T21:05:59.094207+00:00] NO_PENDING_TASKS
[2026-08-07T21:06:59.095615+00:00] NO_PENDING_TASKS
[2026-08-07T21:07:59.096778+00:00] NO_PENDING_TASKS
[2026-08-07T21:08:59.097853+00:00] NO_PENDING_TASKS
[2026-08-07T21:09:59.098690+00:00] NO_PENDING_TASKS
[2026-08-07T21:10:59.099496+00:00] NO_PENDING_TASKS
[2026-08-07T21:11:59.100219+00:00] NO_PENDING_TASKS
[2026-08-07T21:12:59.101064+00:00] NO_PENDING_TASKS
[2026-08-07T21:13:59.102198+00:00] NO_PENDING_TASKS
[2026-08-07T21:14:59.103713+00:00] NO_PENDING_TASKS
[2026-08-07T21:15:59.104398+00:00] NO_PENDING_TASKS
[2026-08-07T21:16:59.105490+00:00] NO_PENDING_TASKS
[2026-08-07T21:17:59.106320+00:00] NO_PENDING_TASKS
[2026-08-07T21:18:59.107726+00:00] NO_PENDING_TASKS
[2026-08-07T21:19:59.109041+00:00] NO_PENDING_TASKS
[2026-08-07T21:20:59.109694+00:00] NO_PENDING_TASKS
[2026-08-07T21:21:59.110976+00:00] NO_PENDING_TASKS
[2026-08-07T21:22:59.112408+00:00] NO_PENDING_TASKS
[2026-08-07T21:23:59.113325+00:00] NO_PENDING_TASKS
[2026-08-07T21:24:59.116764+00:00] NO_PENDING_TASKS
[2026-08-07T21:25:59.118280+00:00] NO_PENDING_TASKS
[2026-08-07T21:26:59.119962+00:00] NO_PENDING_TASKS
[2026-08-07T21:27:59.121429+00:00] NO_PENDING_TASKS
[2026-08-07T21:28:59.122409+00:00] NO_PENDING_TASKS
[2026-08-07T21:29:59.122972+00:00] NO_PENDING_TASKS
[2026-08-07T21:30:59.124100+00:00] NO_PENDING_TASKS
[2026-08-07T21:31:59.124946+00:00] NO_PENDING_TASKS
[2026-08-07T21:32:59.125933+00:00] NO_PENDING_TASKS
[2026-08-07T21:33:59.126467+00:00] NO_PENDING_TASKS
[2026-08-07T21:34:59.127099+00:00] NO_PENDING_TASKS
[2026-08-07T21:35:59.127935+00:00] NO_PENDING_TASKS
[2026-08-07T21:36:59.128863+00:00] NO_PENDING_TASKS
[2026-08-07T21:37:59.129347+00:00] NO_PENDING_TASKS
[2026-08-07T21:38:59.130152+00:00] NO_PENDING_TASKS
[2026-08-07T21:39:59.131400+00:00] NO_PENDING_TASKS
[2026-08-07T21:40:59.132581+00:00] NO_PENDING_TASKS
[2026-08-07T21:41:59.133719+00:00] NO_PENDING_TASKS
[2026-08-07T21:42:59.134484+00:00] NO_PENDING_TASKS
[2026-08-07T21:43:59.135805+00:00] NO_PENDING_TASKS
[2026-08-07T21:44:59.136928+00:00] NO_PENDING_TASKS
[2026-08-07T21:45:59.137798+00:00] NO_PENDING_TASKS
[2026-08-07T21:46:59.139106+00:00] NO_PENDING_TASKS
[2026-08-07T21:47:59.139838+00:00] NO_PENDING_TASKS
[2026-08-07T21:48:59.140589+00:00] NO_PENDING_TASKS
[2026-08-07T21:49:59.142129+00:00] NO_PENDING_TASKS
[2026-08-07T21:50:59.143562+00:00] NO_PENDING_TASKS
[2026-08-07T21:51:59.144428+00:00] NO_PENDING_TASKS
[2026-08-07T21:52:59.145813+00:00] NO_PENDING_TASKS
[2026-08-07T21:53:59.146669+00:00] NO_PENDING_TASKS
[2026-08-07T21:54:59.147340+00:00] NO_PENDING_TASKS
[2026-08-07T21:55:59.148774+00:00] NO_PENDING_TASKS
[2026-08-07T21:56:59.149667+00:00] NO_PENDING_TASKS
[2026-08-07T21:57:59.152219+00:00] NO_PENDING_TASKS
[2026-08-07T21:58:59.152843+00:00] NO_PENDING_TASKS
[2026-08-07T21:59:59.153569+00:00] NO_PENDING_TASKS
[2026-08-07T22:00:59.154035+00:00] NO_PENDING_TASKS
[2026-08-07T22:01:59.155470+00:00] NO_PENDING_TASKS
[2026-08-07T22:02:59.156482+00:00] NO_PENDING_TASKS
[2026-08-07T22:03:59.157420+00:00] NO_PENDING_TASKS
[2026-08-07T22:04:59.158010+00:00] NO_PENDING_TASKS
[2026-08-07T22:05:59.159226+00:00] NO_PENDING_TASKS
[2026-08-07T22:06:59.159871+00:00] NO_PENDING_TASKS
[2026-08-07T22:07:59.160823+00:00] NO_PENDING_TASKS
[2026-08-07T22:08:59.161828+00:00] NO_PENDING_TASKS
[2026-08-07T22:09:59.162535+00:00] NO_PENDING_TASKS
[2026-08-07T22:10:59.163947+00:00] NO_PENDING_TASKS
[2026-08-07T22:11:59.165324+00:00] NO_PENDING_TASKS
[2026-08-07T22:12:59.166089+00:00] NO_PENDING_TASKS
[2026-08-07T22:13:59.167287+00:00] NO_PENDING_TASKS
[2026-08-07T22:14:59.168384+00:00] NO_PENDING_TASKS
[2026-08-07T22:15:59.169821+00:00] NO_PENDING_TASKS
[2026-08-07T22:16:59.170467+00:00] NO_PENDING_TASKS
[2026-08-07T22:17:59.171040+00:00] NO_PENDING_TASKS
[2026-08-07T22:18:59.171968+00:00] NO_PENDING_TASKS
[2026-08-07T22:19:59.173388+00:00] NO_PENDING_TASKS
[2026-08-07T22:20:59.174817+00:00] NO_PENDING_TASKS
[2026-08-07T22:21:59.176153+00:00] NO_PENDING_TASKS
[2026-08-07T22:22:59.177018+00:00] NO_PENDING_TASKS
[2026-08-07T22:23:59.177865+00:00] NO_PENDING_TASKS
[2026-08-07T22:24:59.179148+00:00] NO_PENDING_TASKS
[2026-08-07T22:25:59.180009+00:00] NO_PENDING_TASKS
[2026-08-07T22:26:59.180790+00:00] NO_PENDING_TASKS
[2026-08-07T22:27:59.181622+00:00] NO_PENDING_TASKS
[2026-08-07T22:28:59.182564+00:00] NO_PENDING_TASKS
[2026-08-07T22:29:59.183782+00:00] NO_PENDING_TASKS
[2026-08-07T22:30:59.184677+00:00] NO_PENDING_TASKS
[2026-08-07T22:31:59.185427+00:00] NO_PENDING_TASKS
[2026-08-07T22:32:59.186343+00:00] NO_PENDING_TASKS
[2026-08-07T22:33:59.187224+00:00] NO_PENDING_TASKS
[2026-08-07T22:34:59.188138+00:00] NO_PENDING_TASKS
[2026-08-07T22:35:59.189070+00:00] NO_PENDING_TASKS
[2026-08-07T22:36:59.189801+00:00] NO_PENDING_TASKS
[2026-08-07T22:37:59.190910+00:00] NO_PENDING_TASKS
[2026-08-07T22:38:59.192329+00:00] NO_PENDING_TASKS
[2026-08-07T22:39:59.192836+00:00] NO_PENDING_TASKS
[2026-08-07T22:40:59.194342+00:00] NO_PENDING_TASKS
[2026-08-07T22:41:59.194947+00:00] NO_PENDING_TASKS
[2026-08-07T22:42:59.195754+00:00] NO_PENDING_TASKS
[2026-08-07T22:43:59.197259+00:00] NO_PENDING_TASKS
[2026-08-07T22:44:59.198082+00:00] NO_PENDING_TASKS
[2026-08-07T22:45:59.198584+00:00] NO_PENDING_TASKS
[2026-08-07T22:46:59.199129+00:00] NO_PENDING_TASKS
[2026-08-07T22:47:59.200029+00:00] NO_PENDING_TASKS
[2026-08-07T22:48:59.200430+00:00] NO_PENDING_TASKS
[2026-08-07T22:49:59.201179+00:00] NO_PENDING_TASKS
[2026-08-07T22:50:59.202501+00:00] NO_PENDING_TASKS
[2026-08-07T22:51:59.203620+00:00] NO_PENDING_TASKS
[2026-08-07T22:52:59.204166+00:00] NO_PENDING_TASKS
[2026-08-07T22:53:59.205454+00:00] NO_PENDING_TASKS
[2026-08-07T22:54:59.206188+00:00] NO_PENDING_TASKS
[2026-08-07T22:55:59.207064+00:00] NO_PENDING_TASKS
[2026-08-07T22:56:59.207980+00:00] NO_PENDING_TASKS
[2026-08-07T22:57:59.208751+00:00] NO_PENDING_TASKS
[2026-08-07T22:58:59.209979+00:00] NO_PENDING_TASKS
[2026-08-07T22:59:59.210819+00:00] NO_PENDING_TASKS
[2026-08-07T23:00:59.211807+00:00] NO_PENDING_TASKS
[2026-08-07T23:01:59.213287+00:00] NO_PENDING_TASKS
[2026-08-07T23:02:59.213815+00:00] NO_PENDING_TASKS
[2026-08-07T23:03:59.214381+00:00] NO_PENDING_TASKS
[2026-08-07T23:04:59.215015+00:00] NO_PENDING_TASKS
[2026-08-07T23:05:59.215481+00:00] NO_PENDING_TASKS
[2026-08-07T23:06:59.216238+00:00] NO_PENDING_TASKS
[2026-08-07T23:07:59.217004+00:00] NO_PENDING_TASKS
[2026-08-07T23:08:59.217808+00:00] NO_PENDING_TASKS
[2026-08-07T23:09:59.219297+00:00] NO_PENDING_TASKS
[2026-08-07T23:10:59.220288+00:00] NO_PENDING_TASKS
[2026-08-07T23:11:59.221738+00:00] NO_PENDING_TASKS
[2026-08-07T23:12:59.223133+00:00] NO_PENDING_TASKS
[2026-08-07T23:13:59.223842+00:00] NO_PENDING_TASKS
[2026-08-07T23:14:59.225038+00:00] NO_PENDING_TASKS
[2026-08-07T23:15:59.226158+00:00] NO_PENDING_TASKS
[2026-08-07T23:16:59.227059+00:00] NO_PENDING_TASKS
[2026-08-07T23:17:59.227664+00:00] NO_PENDING_TASKS
[2026-08-07T23:18:59.228527+00:00] NO_PENDING_TASKS
[2026-08-07T23:19:59.229186+00:00] NO_PENDING_TASKS
[2026-08-07T23:20:59.229610+00:00] NO_PENDING_TASKS
[2026-08-07T23:21:59.230708+00:00] NO_PENDING_TASKS
[2026-08-07T23:22:59.231186+00:00] NO_PENDING_TASKS
[2026-08-07T23:23:59.232381+00:00] NO_PENDING_TASKS
[2026-08-07T23:24:59.233675+00:00] NO_PENDING_TASKS
[2026-08-07T23:25:59.234748+00:00] NO_PENDING_TASKS
[2026-08-07T23:26:59.236421+00:00] NO_PENDING_TASKS
[2026-08-07T23:27:59.237352+00:00] NO_PENDING_TASKS
[2026-08-07T23:28:59.238218+00:00] NO_PENDING_TASKS
[2026-08-07T23:29:59.239078+00:00] NO_PENDING_TASKS
[2026-08-07T23:30:59.239856+00:00] NO_PENDING_TASKS
[2026-08-07T23:31:59.240674+00:00] NO_PENDING_TASKS
[2026-08-07T23:32:59.241313+00:00] NO_PENDING_TASKS
[2026-08-07T23:33:59.242511+00:00] NO_PENDING_TASKS
[2026-08-07T23:34:59.243043+00:00] NO_PENDING_TASKS
[2026-08-07T23:35:59.243617+00:00] NO_PENDING_TASKS
[2026-08-07T23:36:59.244275+00:00] NO_PENDING_TASKS
[2026-08-07T23:37:59.245022+00:00] NO_PENDING_TASKS
[2026-08-07T23:38:59.245751+00:00] NO_PENDING_TASKS
[2026-08-07T23:39:59.246255+00:00] NO_PENDING_TASKS
[2026-08-07T23:40:59.247342+00:00] NO_PENDING_TASKS
[2026-08-07T23:41:59.248570+00:00] NO_PENDING_TASKS
[2026-08-07T23:42:59.249211+00:00] NO_PENDING_TASKS
[2026-08-07T23:43:59.249783+00:00] NO_PENDING_TASKS
[2026-08-07T23:44:59.250290+00:00] NO_PENDING_TASKS
[2026-08-07T23:45:59.251424+00:00] NO_PENDING_TASKS
[2026-08-07T23:46:59.252291+00:00] NO_PENDING_TASKS
[2026-08-07T23:47:59.252953+00:00] NO_PENDING_TASKS
[2026-08-07T23:48:59.253870+00:00] NO_PENDING_TASKS
[2026-08-07T23:49:59.255120+00:00] NO_PENDING_TASKS
[2026-08-07T23:50:59.255820+00:00] NO_PENDING_TASKS
[2026-08-07T23:51:59.256953+00:00] NO_PENDING_TASKS
[2026-08-07T23:52:59.257726+00:00] NO_PENDING_TASKS
[2026-08-07T23:53:59.258853+00:00] NO_PENDING_TASKS
[2026-08-07T23:54:59.259448+00:00] NO_PENDING_TASKS
[2026-08-07T23:55:59.260724+00:00] NO_PENDING_TASKS
[2026-08-07T23:56:59.261281+00:00] NO_PENDING_TASKS
[2026-08-07T23:57:59.262010+00:00] NO_PENDING_TASKS
[2026-08-07T23:58:59.262666+00:00] NO_PENDING_TASKS
[2026-08-07T23:59:59.263872+00:00] NO_PENDING_TASKS
[2026-08-08T00:00:59.264599+00:00] NO_PENDING_TASKS
[2026-08-08T00:01:59.265180+00:00] NO_PENDING_TASKS
[2026-08-08T00:02:59.265653+00:00] NO_PENDING_TASKS
[2026-08-08T00:03:59.266655+00:00] NO_PENDING_TASKS
[2026-08-08T00:04:59.267202+00:00] NO_PENDING_TASKS
[2026-08-08T00:05:59.267853+00:00] NO_PENDING_TASKS
[2026-08-08T00:06:59.268394+00:00] NO_PENDING_TASKS
[2026-08-08T00:07:59.269308+00:00] NO_PENDING_TASKS
[2026-08-08T00:08:59.269808+00:00] NO_PENDING_TASKS
[2026-08-08T00:09:59.270513+00:00] NO_PENDING_TASKS
[2026-08-08T00:10:59.271446+00:00] NO_PENDING_TASKS
[2026-08-08T00:11:59.272448+00:00] NO_PENDING_TASKS
[2026-08-08T00:12:59.273796+00:00] NO_PENDING_TASKS
[2026-08-08T00:13:59.274691+00:00] NO_PENDING_TASKS
[2026-08-08T00:14:59.275957+00:00] NO_PENDING_TASKS
[2026-08-08T00:15:59.277029+00:00] NO_PENDING_TASKS
[2026-08-08T00:16:59.277833+00:00] NO_PENDING_TASKS
[2026-08-08T00:17:59.278825+00:00] NO_PENDING_TASKS
[2026-08-08T00:18:59.279842+00:00] NO_PENDING_TASKS
[2026-08-08T00:19:59.281305+00:00] NO_PENDING_TASKS
[2026-08-08T00:20:59.282379+00:00] NO_PENDING_TASKS
[2026-08-08T00:21:59.283365+00:00] NO_PENDING_TASKS
[2026-08-08T00:22:59.284439+00:00] NO_PENDING_TASKS
[2026-08-08T00:23:59.285490+00:00] NO_PENDING_TASKS
[2026-08-08T00:24:59.286889+00:00] NO_PENDING_TASKS
[2026-08-08T00:25:59.288526+00:00] NO_PENDING_TASKS
[2026-08-08T00:26:59.289105+00:00] NO_PENDING_TASKS
[2026-08-08T00:27:59.289983+00:00] NO_PENDING_TASKS
[2026-08-08T00:28:59.291307+00:00] NO_PENDING_TASKS
[2026-08-08T00:29:59.292247+00:00] NO_PENDING_TASKS
[2026-08-08T00:30:59.292982+00:00] NO_PENDING_TASKS
[2026-08-08T00:31:59.293569+00:00] NO_PENDING_TASKS
[2026-08-08T00:32:59.294913+00:00] NO_PENDING_TASKS
[2026-08-08T00:33:59.296598+00:00] NO_PENDING_TASKS
[2026-08-08T00:34:59.297358+00:00] NO_PENDING_TASKS
[2026-08-08T00:35:59.298760+00:00] NO_PENDING_TASKS
[2026-08-08T00:36:59.300022+00:00] NO_PENDING_TASKS
[2026-08-08T00:37:59.301414+00:00] NO_PENDING_TASKS
[2026-08-08T00:38:59.302163+00:00] NO_PENDING_TASKS
[2026-08-08T00:39:59.302648+00:00] NO_PENDING_TASKS
[2026-08-08T00:40:59.304063+00:00] NO_PENDING_TASKS
[2026-08-08T00:41:59.304876+00:00] NO_PENDING_TASKS
[2026-08-08T00:42:59.305783+00:00] NO_PENDING_TASKS
[2026-08-08T00:43:59.306391+00:00] NO_PENDING_TASKS
[2026-08-08T00:44:59.307990+00:00] NO_PENDING_TASKS
[2026-08-08T00:45:59.309233+00:00] NO_PENDING_TASKS
[2026-08-08T00:46:59.310152+00:00] NO_PENDING_TASKS
[2026-08-08T00:47:59.310728+00:00] NO_PENDING_TASKS
[2026-08-08T00:48:59.311941+00:00] NO_PENDING_TASKS
[2026-08-08T00:49:59.313147+00:00] NO_PENDING_TASKS
[2026-08-08T00:50:59.314637+00:00] NO_PENDING_TASKS
[2026-08-08T00:51:59.315542+00:00] NO_PENDING_TASKS
[2026-08-08T00:52:59.316243+00:00] NO_PENDING_TASKS
[2026-08-08T00:53:59.317303+00:00] NO_PENDING_TASKS
[2026-08-08T00:54:59.318169+00:00] NO_PENDING_TASKS
[2026-08-08T00:55:59.318881+00:00] NO_PENDING_TASKS
[2026-08-08T00:56:59.319867+00:00] NO_PENDING_TASKS
[2026-08-08T00:57:59.321225+00:00] NO_PENDING_TASKS
[2026-08-08T00:58:59.324122+00:00] NO_PENDING_TASKS
[2026-08-08T00:59:59.326941+00:00] NO_PENDING_TASKS
[2026-08-08T01:00:59.327852+00:00] NO_PENDING_TASKS
[2026-08-08T01:01:59.328588+00:00] NO_PENDING_TASKS
[2026-08-08T01:02:59.329920+00:00] NO_PENDING_TASKS
[2026-08-08T01:03:59.331345+00:00] NO_PENDING_TASKS
[2026-08-08T01:04:59.332357+00:00] NO_PENDING_TASKS
[2026-08-08T01:05:59.333604+00:00] NO_PENDING_TASKS
[2026-08-08T01:06:59.334944+00:00] NO_PENDING_TASKS
[2026-08-08T01:07:59.337567+00:00] NO_PENDING_TASKS
[2026-08-08T01:08:59.338825+00:00] NO_PENDING_TASKS
[2026-08-08T01:09:59.340393+00:00] NO_PENDING_TASKS
[2026-08-08T01:10:59.341849+00:00] NO_PENDING_TASKS
[2026-08-08T01:11:59.343017+00:00] NO_PENDING_TASKS
[2026-08-08T01:12:59.344389+00:00] NO_PENDING_TASKS
[2026-08-08T01:13:59.345970+00:00] NO_PENDING_TASKS
[2026-08-08T01:14:59.347818+00:00] NO_PENDING_TASKS
[2026-08-08T01:15:59.348560+00:00] NO_PENDING_TASKS
[2026-08-08T01:16:59.349417+00:00] NO_PENDING_TASKS
[2026-08-08T01:17:59.350304+00:00] NO_PENDING_TASKS
[2026-08-08T01:18:59.351675+00:00] NO_PENDING_TASKS
[2026-08-08T01:19:59.353024+00:00] NO_PENDING_TASKS
[2026-08-08T01:20:59.354331+00:00] NO_PENDING_TASKS
[2026-08-08T01:21:59.355142+00:00] NO_PENDING_TASKS
[2026-08-08T01:22:59.356360+00:00] NO_PENDING_TASKS
[2026-08-08T01:23:59.357312+00:00] NO_PENDING_TASKS
[2026-08-08T01:24:59.359111+00:00] NO_PENDING_TASKS
[2026-08-08T01:25:59.361322+00:00] NO_PENDING_TASKS
[2026-08-08T01:26:59.362911+00:00] NO_PENDING_TASKS
[2026-08-08T01:27:59.364116+00:00] NO_PENDING_TASKS
[2026-08-08T01:28:59.364653+00:00] NO_PENDING_TASKS
[2026-08-08T01:29:59.366129+00:00] NO_PENDING_TASKS
[2026-08-08T01:30:59.367177+00:00] NO_PENDING_TASKS
[2026-08-08T01:31:59.368554+00:00] NO_PENDING_TASKS
[2026-08-08T01:32:59.369675+00:00] NO_PENDING_TASKS
[2026-08-08T01:33:59.371196+00:00] NO_PENDING_TASKS
[2026-08-08T01:34:59.372380+00:00] NO_PENDING_TASKS
[2026-08-08T01:35:59.373057+00:00] NO_PENDING_TASKS
[2026-08-08T01:36:59.373999+00:00] NO_PENDING_TASKS
[2026-08-08T01:37:59.375565+00:00] NO_PENDING_TASKS
[2026-08-08T01:38:59.376503+00:00] NO_PENDING_TASKS
[2026-08-08T01:39:59.378118+00:00] NO_PENDING_TASKS
[2026-08-08T01:40:59.379051+00:00] NO_PENDING_TASKS
[2026-08-08T01:41:59.380398+00:00] NO_PENDING_TASKS
[2026-08-08T01:42:59.381616+00:00] NO_PENDING_TASKS
[2026-08-08T01:43:59.383098+00:00] NO_PENDING_TASKS
[2026-08-08T01:44:59.384294+00:00] NO_PENDING_TASKS
[2026-08-08T01:45:59.385002+00:00] NO_PENDING_TASKS
[2026-08-08T01:46:59.385582+00:00] NO_PENDING_TASKS
[2026-08-08T01:47:59.386372+00:00] NO_PENDING_TASKS
[2026-08-08T01:48:59.387128+00:00] NO_PENDING_TASKS
[2026-08-08T01:49:59.387679+00:00] NO_PENDING_TASKS
[2026-08-08T01:50:59.388927+00:00] NO_PENDING_TASKS
[2026-08-08T01:51:59.389620+00:00] NO_PENDING_TASKS
[2026-08-08T01:52:59.390800+00:00] NO_PENDING_TASKS
[2026-08-08T01:53:59.391653+00:00] NO_PENDING_TASKS
[2026-08-08T01:54:59.392836+00:00] NO_PENDING_TASKS
[2026-08-08T01:55:59.394155+00:00] NO_PENDING_TASKS
[2026-08-08T01:56:59.394969+00:00] NO_PENDING_TASKS
[2026-08-08T01:57:59.396415+00:00] NO_PENDING_TASKS
[2026-08-08T01:58:59.397283+00:00] NO_PENDING_TASKS
[2026-08-08T01:59:59.398825+00:00] NO_PENDING_TASKS
[2026-08-08T02:00:59.399891+00:00] NO_PENDING_TASKS
[2026-08-08T02:01:59.400899+00:00] NO_PENDING_TASKS
[2026-08-08T02:02:59.402062+00:00] NO_PENDING_TASKS
[2026-08-08T02:03:59.405697+00:00] NO_PENDING_TASKS
[2026-08-08T02:04:59.406247+00:00] NO_PENDING_TASKS
[2026-08-08T02:05:59.407454+00:00] NO_PENDING_TASKS
[2026-08-08T02:06:59.408417+00:00] NO_PENDING_TASKS
[2026-08-08T02:07:59.409043+00:00] NO_PENDING_TASKS
[2026-08-08T02:08:59.410546+00:00] NO_PENDING_TASKS
[2026-08-08T02:09:59.411821+00:00] NO_PENDING_TASKS
[2026-08-08T02:10:59.412345+00:00] NO_PENDING_TASKS
[2026-08-08T02:11:59.412947+00:00] NO_PENDING_TASKS
[2026-08-08T02:12:59.414161+00:00] NO_PENDING_TASKS
[2026-08-08T02:13:59.414751+00:00] NO_PENDING_TASKS
[2026-08-08T02:14:59.415414+00:00] NO_PENDING_TASKS
[2026-08-08T02:15:59.416750+00:00] NO_PENDING_TASKS
[2026-08-08T02:16:59.417480+00:00] NO_PENDING_TASKS
[2026-08-08T02:17:59.418311+00:00] NO_PENDING_TASKS
[2026-08-08T02:18:59.419729+00:00] NO_PENDING_TASKS
[2026-08-08T02:19:59.420806+00:00] NO_PENDING_TASKS
[2026-08-08T02:20:59.421639+00:00] NO_PENDING_TASKS
[2026-08-08T02:21:59.422500+00:00] NO_PENDING_TASKS
[2026-08-08T02:22:59.423638+00:00] NO_PENDING_TASKS
[2026-08-08T02:23:59.425030+00:00] NO_PENDING_TASKS
[2026-08-08T02:24:59.426159+00:00] NO_PENDING_TASKS
[2026-08-08T02:25:59.427047+00:00] NO_PENDING_TASKS
[2026-08-08T02:26:59.427803+00:00] NO_PENDING_TASKS
[2026-08-08T02:27:59.428664+00:00] NO_PENDING_TASKS
[2026-08-08T02:28:59.429439+00:00] NO_PENDING_TASKS
[2026-08-08T02:29:59.430104+00:00] NO_PENDING_TASKS
[2026-08-08T02:30:59.430892+00:00] NO_PENDING_TASKS
[2026-08-08T02:31:59.431679+00:00] NO_PENDING_TASKS
[2026-08-08T02:32:59.432268+00:00] NO_PENDING_TASKS
[2026-08-08T02:33:59.433013+00:00] NO_PENDING_TASKS
[2026-08-08T02:34:59.433710+00:00] NO_PENDING_TASKS
[2026-08-08T02:35:59.438438+00:00] NO_PENDING_TASKS
[2026-08-08T02:36:59.439240+00:00] NO_PENDING_TASKS
[2026-08-08T02:37:59.440601+00:00] NO_PENDING_TASKS
[2026-08-08T02:38:59.441581+00:00] NO_PENDING_TASKS
[2026-08-08T02:39:59.442851+00:00] NO_PENDING_TASKS
[2026-08-08T02:40:59.444062+00:00] NO_PENDING_TASKS
[2026-08-08T02:41:59.444787+00:00] NO_PENDING_TASKS
[2026-08-08T02:42:59.446059+00:00] NO_PENDING_TASKS
[2026-08-08T02:43:59.446521+00:00] NO_PENDING_TASKS
[2026-08-08T02:44:59.447235+00:00] NO_PENDING_TASKS
[2026-08-08T02:45:59.447787+00:00] NO_PENDING_TASKS
[2026-08-08T02:46:59.448737+00:00] NO_PENDING_TASKS
[2026-08-08T02:47:59.449615+00:00] NO_PENDING_TASKS
[2026-08-08T02:48:59.450515+00:00] NO_PENDING_TASKS
[2026-08-08T02:49:59.451510+00:00] NO_PENDING_TASKS
[2026-08-08T02:50:59.452260+00:00] NO_PENDING_TASKS
[2026-08-08T02:51:59.452990+00:00] NO_PENDING_TASKS
[2026-08-08T02:52:59.454423+00:00] NO_PENDING_TASKS
[2026-08-08T02:53:59.455386+00:00] NO_PENDING_TASKS
[2026-08-08T02:54:59.455963+00:00] NO_PENDING_TASKS
[2026-08-08T02:55:59.457133+00:00] NO_PENDING_TASKS
[2026-08-08T02:56:59.457952+00:00] NO_PENDING_TASKS
[2026-08-08T02:57:59.459175+00:00] NO_PENDING_TASKS
[2026-08-08T02:58:59.460410+00:00] NO_PENDING_TASKS
[2026-08-08T02:59:59.461082+00:00] NO_PENDING_TASKS
[2026-08-08T03:00:59.462553+00:00] NO_PENDING_TASKS
[2026-08-08T03:01:59.463468+00:00] NO_PENDING_TASKS
[2026-08-08T03:02:59.464342+00:00] NO_PENDING_TASKS
[2026-08-08T03:03:59.465171+00:00] NO_PENDING_TASKS
[2026-08-08T03:04:59.466862+00:00] NO_PENDING_TASKS
[2026-08-08T03:05:59.468082+00:00] NO_PENDING_TASKS
[2026-08-08T03:06:59.468990+00:00] NO_PENDING_TASKS
[2026-08-08T03:07:59.469725+00:00] NO_PENDING_TASKS
