2026-08-03 18:59:08,026 | INFO | ============================================================
2026-08-03 18:59:08,027 | INFO | STARTING TORUS COFFEE AUTOMATION ORCHESTRATOR
2026-08-03 18:59:08,027 | INFO | ============================================================
2026-08-03 18:59:08,027 | INFO | 
--- Running buffer_automation ---
2026-08-03 18:59:08,620 | INFO | ✓ buffer_automation: success
2026-08-03 18:59:08,620 | INFO | ✓ buffer_automation completed successfully
2026-08-03 18:59:08,620 | INFO | 
--- Running zapier_automation ---
2026-08-03 18:59:08,691 | INFO | ✓ zapier_automation: success
2026-08-03 18:59:08,691 | INFO | ✓ zapier_automation completed successfully
2026-08-03 18:59:08,691 | INFO | 
--- Running hubspot_crm ---
2026-08-03 18:59:09,450 | INFO | ✓ hubspot_crm: success
2026-08-03 18:59:09,450 | INFO | ✓ hubspot_crm completed successfully
2026-08-03 18:59:09,450 | INFO | 
--- Running social_media_automation ---
2026-08-03 18:59:09,521 | INFO | ✓ social_media_automation: success
2026-08-03 18:59:09,521 | INFO | ✓ social_media_automation completed successfully
2026-08-03 18:59:09,521 | INFO | 
--- Running inventory_tracker ---
2026-08-03 18:59:09,612 | INFO | ✓ inventory_tracker: success
2026-08-03 18:59:09,612 | INFO | ✓ inventory_tracker completed successfully
2026-08-03 18:59:09,612 | INFO | 
--- Running daily_ops_automation ---
2026-08-03 18:59:09,743 | INFO | ✓ daily_ops_automation: success
2026-08-03 18:59:09,743 | INFO | ✓ daily_ops_automation completed successfully
2026-08-03 18:59:09,743 | INFO | 
--- Running weekly_review_automation ---
2026-08-03 18:59:09,817 | INFO | ✓ weekly_review_automation: success
2026-08-03 18:59:09,817 | INFO | ✓ weekly_review_automation completed successfully
2026-08-03 18:59:09,817 | INFO | 
--- Running monthly_review_automation ---
2026-08-03 18:59:09,891 | INFO | ✓ monthly_review_automation: success
2026-08-03 18:59:09,891 | INFO | ✓ monthly_review_automation completed successfully
2026-08-03 18:59:09,891 | INFO | 
============================================================
2026-08-03 18:59:09,891 | INFO | AUTOMATION ORCHESTRATOR REPORT
2026-08-03 18:59:09,891 | INFO | ============================================================
2026-08-03 18:59:09,892 | INFO | Total scripts: 8
2026-08-03 18:59:09,892 | INFO | Successful: 8
2026-08-03 18:59:09,892 | INFO | Failed/Warnings: 0
2026-08-03 18:59:09,892 | INFO | Success rate: 100.0%
2026-08-03 18:59:09,892 | INFO | 
Detailed Results:
2026-08-03 18:59:09,892 | INFO |   ✓ buffer_automation: success
2026-08-03 18:59:09,892 | INFO |   ✓ zapier_automation: success
2026-08-03 18:59:09,892 | INFO |   ✓ hubspot_crm: success
2026-08-03 18:59:09,892 | INFO |   ✓ social_media_automation: success
2026-08-03 18:59:09,892 | INFO |   ✓ inventory_tracker: success
2026-08-03 18:59:09,892 | INFO |   ✓ daily_ops_automation: success
2026-08-03 18:59:09,892 | INFO |   ✓ weekly_review_automation: success
2026-08-03 18:59:09,892 | INFO |   ✓ monthly_review_automation: success
2026-08-03 18:59:09,893 | INFO | 
✓ Report saved to: D:\Work\Torus Coffee Company LLC\10_Skills_Library\05_Operations\logs\orchestrator_report_20260803_185909.json
2026-08-03 18:59:09,893 | INFO | ============================================================
