2026-08-03 19:29:10,153 | INFO | ============================================================
2026-08-03 19:29:10,153 | INFO | STARTING TORUS COFFEE AUTOMATION ORCHESTRATOR
2026-08-03 19:29:10,153 | INFO | ============================================================
2026-08-03 19:29:10,153 | INFO | 
--- Running buffer_automation ---
2026-08-03 19:29:10,841 | INFO | ✓ buffer_automation: success
2026-08-03 19:29:10,841 | INFO | ✓ buffer_automation completed successfully
2026-08-03 19:29:10,841 | INFO | 
--- Running zapier_automation ---
2026-08-03 19:29:10,943 | INFO | ✓ zapier_automation: success
2026-08-03 19:29:10,943 | INFO | ✓ zapier_automation completed successfully
2026-08-03 19:29:10,944 | INFO | 
--- Running hubspot_crm ---
2026-08-03 19:29:11,775 | INFO | ✓ hubspot_crm: success
2026-08-03 19:29:11,775 | INFO | ✓ hubspot_crm completed successfully
2026-08-03 19:29:11,775 | INFO | 
--- Running social_media_automation ---
2026-08-03 19:29:11,843 | INFO | ✓ social_media_automation: success
2026-08-03 19:29:11,843 | INFO | ✓ social_media_automation completed successfully
2026-08-03 19:29:11,843 | INFO | 
--- Running inventory_tracker ---
2026-08-03 19:29:11,930 | INFO | ✓ inventory_tracker: success
2026-08-03 19:29:11,931 | INFO | ✓ inventory_tracker completed successfully
2026-08-03 19:29:11,931 | INFO | 
--- Running daily_ops_automation ---
2026-08-03 19:29:12,054 | INFO | ✓ daily_ops_automation: success
2026-08-03 19:29:12,054 | INFO | ✓ daily_ops_automation completed successfully
2026-08-03 19:29:12,054 | INFO | 
--- Running weekly_review_automation ---
2026-08-03 19:29:12,118 | INFO | ✓ weekly_review_automation: success
2026-08-03 19:29:12,118 | INFO | ✓ weekly_review_automation completed successfully
2026-08-03 19:29:12,118 | INFO | 
--- Running monthly_review_automation ---
2026-08-03 19:29:12,181 | INFO | ✓ monthly_review_automation: success
2026-08-03 19:29:12,181 | INFO | ✓ monthly_review_automation completed successfully
2026-08-03 19:29:12,181 | INFO | 
============================================================
2026-08-03 19:29:12,181 | INFO | AUTOMATION ORCHESTRATOR REPORT
2026-08-03 19:29:12,181 | INFO | ============================================================
2026-08-03 19:29:12,181 | INFO | Total scripts: 8
2026-08-03 19:29:12,181 | INFO | Successful: 8
2026-08-03 19:29:12,181 | INFO | Failed/Warnings: 0
2026-08-03 19:29:12,181 | INFO | Success rate: 100.0%
2026-08-03 19:29:12,181 | INFO | 
Detailed Results:
2026-08-03 19:29:12,181 | INFO |   ✓ buffer_automation: success
2026-08-03 19:29:12,181 | INFO |   ✓ zapier_automation: success
2026-08-03 19:29:12,181 | INFO |       Error: 2026-08-03 19:29:10,933 | INFO | === TORUS COFFEE ZAPIER INTEGRATION ===
2026-08-03 19:29:12,181 | INFO |   ✓ hubspot_crm: success
2026-08-03 19:29:12,181 | INFO |   ✓ social_media_automation: success
2026-08-03 19:29:12,181 | INFO |   ✓ inventory_tracker: success
2026-08-03 19:29:12,182 | INFO |   ✓ daily_ops_automation: success
2026-08-03 19:29:12,182 | INFO |   ✓ weekly_review_automation: success
2026-08-03 19:29:12,182 | INFO |   ✓ monthly_review_automation: success
2026-08-03 19:29:12,182 | INFO | 
✓ Report saved to: D:\Work\Torus Coffee Company LLC\10_Skills_Library\05_Operations\logs\orchestrator_report_20260803_192912.json
2026-08-03 19:29:12,182 | INFO | ============================================================
