2026-08-03 19:33:05,054 | INFO | ============================================================
2026-08-03 19:33:05,055 | INFO | STARTING TORUS COFFEE AUTOMATION ORCHESTRATOR
2026-08-03 19:33:05,055 | INFO | ============================================================
2026-08-03 19:33:05,055 | INFO | 
--- Running buffer_automation ---
2026-08-03 19:33:05,646 | INFO | ✓ buffer_automation: success
2026-08-03 19:33:05,646 | INFO | ✓ buffer_automation completed successfully
2026-08-03 19:33:05,646 | INFO | 
--- Running zapier_automation ---
2026-08-03 19:33:05,749 | INFO | ✓ zapier_automation: success
2026-08-03 19:33:05,749 | INFO | ✓ zapier_automation completed successfully
2026-08-03 19:33:05,750 | INFO | 
--- Running hubspot_crm ---
2026-08-03 19:33:06,577 | INFO | ✓ hubspot_crm: success
2026-08-03 19:33:06,577 | INFO | ✓ hubspot_crm completed successfully
2026-08-03 19:33:06,577 | INFO | 
--- Running social_media_automation ---
2026-08-03 19:33:06,648 | INFO | ✓ social_media_automation: success
2026-08-03 19:33:06,648 | INFO | ✓ social_media_automation completed successfully
2026-08-03 19:33:06,648 | INFO | 
--- Running inventory_tracker ---
2026-08-03 19:33:06,736 | INFO | ✓ inventory_tracker: success
2026-08-03 19:33:06,736 | INFO | ✓ inventory_tracker completed successfully
2026-08-03 19:33:06,736 | INFO | 
--- Running daily_ops_automation ---
2026-08-03 19:33:06,859 | INFO | ✓ daily_ops_automation: success
2026-08-03 19:33:06,859 | INFO | ✓ daily_ops_automation completed successfully
2026-08-03 19:33:06,859 | INFO | 
--- Running weekly_review_automation ---
2026-08-03 19:33:06,923 | INFO | ✓ weekly_review_automation: success
2026-08-03 19:33:06,923 | INFO | ✓ weekly_review_automation completed successfully
2026-08-03 19:33:06,923 | INFO | 
--- Running monthly_review_automation ---
2026-08-03 19:33:06,989 | INFO | ✓ monthly_review_automation: success
2026-08-03 19:33:06,989 | INFO | ✓ monthly_review_automation completed successfully
2026-08-03 19:33:06,989 | INFO | 
============================================================
2026-08-03 19:33:06,989 | INFO | AUTOMATION ORCHESTRATOR REPORT
2026-08-03 19:33:06,989 | INFO | ============================================================
2026-08-03 19:33:06,989 | INFO | Total scripts: 8
2026-08-03 19:33:06,989 | INFO | Successful: 8
2026-08-03 19:33:06,990 | INFO | Failed/Warnings: 0
2026-08-03 19:33:06,990 | INFO | Success rate: 100.0%
2026-08-03 19:33:06,990 | INFO | 
Detailed Results:
2026-08-03 19:33:06,990 | INFO |   ✓ buffer_automation: success
2026-08-03 19:33:06,990 | INFO |   ✓ zapier_automation: success
2026-08-03 19:33:06,990 | INFO |       Error: 2026-08-03 19:33:05,739 | INFO | === TORUS COFFEE ZAPIER INTEGRATION ===
2026-08-03 19:33:06,990 | INFO |   ✓ hubspot_crm: success
2026-08-03 19:33:06,990 | INFO |   ✓ social_media_automation: success
2026-08-03 19:33:06,990 | INFO |   ✓ inventory_tracker: success
2026-08-03 19:33:06,990 | INFO |   ✓ daily_ops_automation: success
2026-08-03 19:33:06,990 | INFO |   ✓ weekly_review_automation: success
2026-08-03 19:33:06,990 | INFO |   ✓ monthly_review_automation: success
2026-08-03 19:33:06,991 | INFO | 
✓ Report saved to: D:\Work\Torus Coffee Company LLC\10_Skills_Library\05_Operations\logs\orchestrator_report_20260803_193306.json
2026-08-03 19:33:06,991 | INFO | ============================================================
