2026-08-03 22:52:15,724 | INFO | ============================================================
2026-08-03 22:52:15,724 | INFO | STARTING TORUS COFFEE AUTOMATION ORCHESTRATOR
2026-08-03 22:52:15,724 | INFO | ============================================================
2026-08-03 22:52:15,724 | INFO | 
--- Running buffer_automation ---
2026-08-03 22:52:16,347 | INFO | ✓ buffer_automation: success
2026-08-03 22:52:16,347 | INFO | ✓ buffer_automation completed successfully
2026-08-03 22:52:16,347 | INFO | 
--- Running zapier_automation ---
2026-08-03 22:52:16,452 | INFO | ✓ zapier_automation: success
2026-08-03 22:52:16,452 | INFO | ✓ zapier_automation completed successfully
2026-08-03 22:52:16,453 | INFO | 
--- Running hubspot_crm ---
2026-08-03 22:52:17,163 | INFO | ✓ hubspot_crm: success
2026-08-03 22:52:17,164 | INFO | ✓ hubspot_crm completed successfully
2026-08-03 22:52:17,164 | INFO | 
--- Running social_media_automation ---
2026-08-03 22:52:17,234 | INFO | ✓ social_media_automation: success
2026-08-03 22:52:17,234 | INFO | ✓ social_media_automation completed successfully
2026-08-03 22:52:17,234 | INFO | 
--- Running inventory_tracker ---
2026-08-03 22:52:17,323 | INFO | ✓ inventory_tracker: success
2026-08-03 22:52:17,323 | INFO | ✓ inventory_tracker completed successfully
2026-08-03 22:52:17,323 | INFO | 
--- Running daily_ops_automation ---
2026-08-03 22:52:17,472 | INFO | ✓ daily_ops_automation: success
2026-08-03 22:52:17,472 | INFO | ✓ daily_ops_automation completed successfully
2026-08-03 22:52:17,472 | INFO | 
--- Running weekly_review_automation ---
2026-08-03 22:52:17,535 | INFO | ✓ weekly_review_automation: success
2026-08-03 22:52:17,535 | INFO | ✓ weekly_review_automation completed successfully
2026-08-03 22:52:17,535 | INFO | 
--- Running monthly_review_automation ---
2026-08-03 22:52:17,598 | INFO | ✓ monthly_review_automation: success
2026-08-03 22:52:17,598 | INFO | ✓ monthly_review_automation completed successfully
2026-08-03 22:52:17,598 | INFO | 
============================================================
2026-08-03 22:52:17,598 | INFO | AUTOMATION ORCHESTRATOR REPORT
2026-08-03 22:52:17,598 | INFO | ============================================================
2026-08-03 22:52:17,598 | INFO | Total scripts: 8
2026-08-03 22:52:17,599 | INFO | Successful: 8
2026-08-03 22:52:17,599 | INFO | Failed/Warnings: 0
2026-08-03 22:52:17,599 | INFO | Success rate: 100.0%
2026-08-03 22:52:17,599 | INFO | 
Detailed Results:
2026-08-03 22:52:17,599 | INFO |   ✓ buffer_automation: success
2026-08-03 22:52:17,599 | INFO |   ✓ zapier_automation: success
2026-08-03 22:52:17,599 | INFO |       Error: 2026-08-03 22:52:16,442 | INFO | === TORUS COFFEE ZAPIER INTEGRATION ===
2026-08-03 22:52:17,599 | INFO |   ✓ hubspot_crm: success
2026-08-03 22:52:17,599 | INFO |   ✓ social_media_automation: success
2026-08-03 22:52:17,599 | INFO |   ✓ inventory_tracker: success
2026-08-03 22:52:17,599 | INFO |   ✓ daily_ops_automation: success
2026-08-03 22:52:17,599 | INFO |   ✓ weekly_review_automation: success
2026-08-03 22:52:17,599 | INFO |   ✓ monthly_review_automation: success
2026-08-03 22:52:17,600 | INFO | 
✓ Report saved to: D:\Work\Torus Coffee Company LLC\10_Skills_Library\05_Operations\logs\orchestrator_report_20260803_225217.json
2026-08-03 22:52:17,600 | INFO | ============================================================
