2026-08-03 22:58:54,394 | INFO | ============================================================
2026-08-03 22:58:54,394 | INFO | STARTING TORUS COFFEE AUTOMATION ORCHESTRATOR
2026-08-03 22:58:54,394 | INFO | ============================================================
2026-08-03 22:58:54,394 | INFO | 
--- Running buffer_automation ---
2026-08-03 22:58:55,044 | INFO | ✓ buffer_automation: success
2026-08-03 22:58:55,044 | INFO | ✓ buffer_automation completed successfully
2026-08-03 22:58:55,045 | INFO | 
--- Running zapier_automation ---
2026-08-03 22:58:55,176 | INFO | ✓ zapier_automation: success
2026-08-03 22:58:55,176 | INFO | ✓ zapier_automation completed successfully
2026-08-03 22:58:55,176 | INFO | 
--- Running hubspot_crm ---
2026-08-03 22:58:55,954 | INFO | ✓ hubspot_crm: success
2026-08-03 22:58:55,955 | INFO | ✓ hubspot_crm completed successfully
2026-08-03 22:58:55,955 | INFO | 
--- Running social_media_automation ---
2026-08-03 22:58:56,042 | INFO | ✓ social_media_automation: success
2026-08-03 22:58:56,042 | INFO | ✓ social_media_automation completed successfully
2026-08-03 22:58:56,042 | INFO | 
--- Running inventory_tracker ---
2026-08-03 22:58:56,159 | INFO | ✓ inventory_tracker: success
2026-08-03 22:58:56,159 | INFO | ✓ inventory_tracker completed successfully
2026-08-03 22:58:56,159 | INFO | 
--- Running daily_ops_automation ---
2026-08-03 22:58:56,372 | INFO | ✓ daily_ops_automation: success
2026-08-03 22:58:56,372 | INFO | ✓ daily_ops_automation completed successfully
2026-08-03 22:58:56,372 | INFO | 
--- Running weekly_review_automation ---
2026-08-03 22:58:56,453 | INFO | ✓ weekly_review_automation: success
2026-08-03 22:58:56,454 | INFO | ✓ weekly_review_automation completed successfully
2026-08-03 22:58:56,454 | INFO | 
--- Running monthly_review_automation ---
2026-08-03 22:58:56,535 | INFO | ✓ monthly_review_automation: success
2026-08-03 22:58:56,535 | INFO | ✓ monthly_review_automation completed successfully
2026-08-03 22:58:56,535 | INFO | 
============================================================
2026-08-03 22:58:56,535 | INFO | AUTOMATION ORCHESTRATOR REPORT
2026-08-03 22:58:56,535 | INFO | ============================================================
2026-08-03 22:58:56,535 | INFO | Total scripts: 8
2026-08-03 22:58:56,535 | INFO | Successful: 8
2026-08-03 22:58:56,536 | INFO | Failed/Warnings: 0
2026-08-03 22:58:56,536 | INFO | Success rate: 100.0%
2026-08-03 22:58:56,536 | INFO | 
Detailed Results:
2026-08-03 22:58:56,536 | INFO |   ✓ buffer_automation: success
2026-08-03 22:58:56,536 | INFO |   ✓ zapier_automation: success
2026-08-03 22:58:56,536 | INFO |       Error: 2026-08-03 22:58:55,162 | INFO | === TORUS COFFEE ZAPIER INTEGRATION ===
2026-08-03 22:58:56,536 | INFO |   ✓ hubspot_crm: success
2026-08-03 22:58:56,536 | INFO |   ✓ social_media_automation: success
2026-08-03 22:58:56,536 | INFO |   ✓ inventory_tracker: success
2026-08-03 22:58:56,536 | INFO |   ✓ daily_ops_automation: success
2026-08-03 22:58:56,536 | INFO |   ✓ weekly_review_automation: success
2026-08-03 22:58:56,536 | INFO |   ✓ monthly_review_automation: success
2026-08-03 22:58:56,537 | INFO | 
✓ Report saved to: D:\Work\Torus Coffee Company LLC\10_Skills_Library\05_Operations\logs\orchestrator_report_20260803_225856.json
2026-08-03 22:58:56,537 | INFO | ============================================================
