2026-08-03 19:38:33,107 | INFO | ============================================================
2026-08-03 19:38:33,107 | INFO | STARTING TORUS COFFEE AUTOMATION ORCHESTRATOR
2026-08-03 19:38:33,107 | INFO | ============================================================
2026-08-03 19:38:33,108 | INFO | 
--- Running buffer_automation ---
2026-08-03 19:38:33,772 | INFO | ✓ buffer_automation: success
2026-08-03 19:38:33,772 | INFO | ✓ buffer_automation completed successfully
2026-08-03 19:38:33,772 | INFO | 
--- Running zapier_automation ---
2026-08-03 19:38:33,876 | INFO | ✓ zapier_automation: success
2026-08-03 19:38:33,876 | INFO | ✓ zapier_automation completed successfully
2026-08-03 19:38:33,877 | INFO | 
--- Running hubspot_crm ---
2026-08-03 19:38:34,602 | INFO | ✓ hubspot_crm: success
2026-08-03 19:38:34,602 | INFO | ✓ hubspot_crm completed successfully
2026-08-03 19:38:34,602 | INFO | 
--- Running social_media_automation ---
2026-08-03 19:38:34,674 | INFO | ✓ social_media_automation: success
2026-08-03 19:38:34,674 | INFO | ✓ social_media_automation completed successfully
2026-08-03 19:38:34,674 | INFO | 
--- Running inventory_tracker ---
2026-08-03 19:38:34,766 | INFO | ✓ inventory_tracker: success
2026-08-03 19:38:34,766 | INFO | ✓ inventory_tracker completed successfully
2026-08-03 19:38:34,766 | INFO | 
--- Running daily_ops_automation ---
2026-08-03 19:38:34,893 | INFO | ✓ daily_ops_automation: success
2026-08-03 19:38:34,893 | INFO | ✓ daily_ops_automation completed successfully
2026-08-03 19:38:34,893 | INFO | 
--- Running weekly_review_automation ---
2026-08-03 19:38:34,959 | INFO | ✓ weekly_review_automation: success
2026-08-03 19:38:34,959 | INFO | ✓ weekly_review_automation completed successfully
2026-08-03 19:38:34,959 | INFO | 
--- Running monthly_review_automation ---
2026-08-03 19:38:35,023 | INFO | ✓ monthly_review_automation: success
2026-08-03 19:38:35,023 | INFO | ✓ monthly_review_automation completed successfully
2026-08-03 19:38:35,023 | INFO | 
============================================================
2026-08-03 19:38:35,023 | INFO | AUTOMATION ORCHESTRATOR REPORT
2026-08-03 19:38:35,023 | INFO | ============================================================
2026-08-03 19:38:35,023 | INFO | Total scripts: 8
2026-08-03 19:38:35,023 | INFO | Successful: 8
2026-08-03 19:38:35,023 | INFO | Failed/Warnings: 0
2026-08-03 19:38:35,023 | INFO | Success rate: 100.0%
2026-08-03 19:38:35,023 | INFO | 
Detailed Results:
2026-08-03 19:38:35,023 | INFO |   ✓ buffer_automation: success
2026-08-03 19:38:35,023 | INFO |   ✓ zapier_automation: success
2026-08-03 19:38:35,023 | INFO |       Error: 2026-08-03 19:38:33,867 | INFO | === TORUS COFFEE ZAPIER INTEGRATION ===
2026-08-03 19:38:35,024 | INFO |   ✓ hubspot_crm: success
2026-08-03 19:38:35,024 | INFO |   ✓ social_media_automation: success
2026-08-03 19:38:35,024 | INFO |   ✓ inventory_tracker: success
2026-08-03 19:38:35,024 | INFO |   ✓ daily_ops_automation: success
2026-08-03 19:38:35,024 | INFO |   ✓ weekly_review_automation: success
2026-08-03 19:38:35,024 | INFO |   ✓ monthly_review_automation: success
2026-08-03 19:38:35,024 | INFO | 
✓ Report saved to: D:\Work\Torus Coffee Company LLC\10_Skills_Library\05_Operations\logs\orchestrator_report_20260803_193835.json
2026-08-03 19:38:35,024 | INFO | ============================================================
