2026-08-03 22:28:21,823 | INFO | ============================================================
2026-08-03 22:28:21,823 | INFO | STARTING TORUS COFFEE AUTOMATION ORCHESTRATOR
2026-08-03 22:28:21,823 | INFO | ============================================================
2026-08-03 22:28:21,823 | INFO | 
--- Running buffer_automation ---
2026-08-03 22:28:22,439 | INFO | ✓ buffer_automation: success
2026-08-03 22:28:22,439 | INFO | ✓ buffer_automation completed successfully
2026-08-03 22:28:22,439 | INFO | 
--- Running zapier_automation ---
2026-08-03 22:28:22,542 | INFO | ✓ zapier_automation: success
2026-08-03 22:28:22,542 | INFO | ✓ zapier_automation completed successfully
2026-08-03 22:28:22,543 | INFO | 
--- Running hubspot_crm ---
2026-08-03 22:28:23,276 | INFO | ✓ hubspot_crm: success
2026-08-03 22:28:23,276 | INFO | ✓ hubspot_crm completed successfully
2026-08-03 22:28:23,277 | INFO | 
--- Running social_media_automation ---
2026-08-03 22:28:23,345 | INFO | ✓ social_media_automation: success
2026-08-03 22:28:23,345 | INFO | ✓ social_media_automation completed successfully
2026-08-03 22:28:23,345 | INFO | 
--- Running inventory_tracker ---
2026-08-03 22:28:23,438 | INFO | ✓ inventory_tracker: success
2026-08-03 22:28:23,438 | INFO | ✓ inventory_tracker completed successfully
2026-08-03 22:28:23,438 | INFO | 
--- Running daily_ops_automation ---
2026-08-03 22:28:23,609 | INFO | ✓ daily_ops_automation: success
2026-08-03 22:28:23,609 | INFO | ✓ daily_ops_automation completed successfully
2026-08-03 22:28:23,609 | INFO | 
--- Running weekly_review_automation ---
2026-08-03 22:28:23,681 | INFO | ✓ weekly_review_automation: success
2026-08-03 22:28:23,681 | INFO | ✓ weekly_review_automation completed successfully
2026-08-03 22:28:23,681 | INFO | 
--- Running monthly_review_automation ---
2026-08-03 22:28:23,749 | INFO | ✓ monthly_review_automation: success
2026-08-03 22:28:23,750 | INFO | ✓ monthly_review_automation completed successfully
2026-08-03 22:28:23,750 | INFO | 
============================================================
2026-08-03 22:28:23,750 | INFO | AUTOMATION ORCHESTRATOR REPORT
2026-08-03 22:28:23,750 | INFO | ============================================================
2026-08-03 22:28:23,750 | INFO | Total scripts: 8
2026-08-03 22:28:23,750 | INFO | Successful: 8
2026-08-03 22:28:23,750 | INFO | Failed/Warnings: 0
2026-08-03 22:28:23,750 | INFO | Success rate: 100.0%
2026-08-03 22:28:23,750 | INFO | 
Detailed Results:
2026-08-03 22:28:23,750 | INFO |   ✓ buffer_automation: success
2026-08-03 22:28:23,750 | INFO |   ✓ zapier_automation: success
2026-08-03 22:28:23,750 | INFO |       Error: 2026-08-03 22:28:22,532 | INFO | === TORUS COFFEE ZAPIER INTEGRATION ===
2026-08-03 22:28:23,750 | INFO |   ✓ hubspot_crm: success
2026-08-03 22:28:23,750 | INFO |   ✓ social_media_automation: success
2026-08-03 22:28:23,750 | INFO |   ✓ inventory_tracker: success
2026-08-03 22:28:23,750 | INFO |   ✓ daily_ops_automation: success
2026-08-03 22:28:23,750 | INFO |   ✓ weekly_review_automation: success
2026-08-03 22:28:23,751 | INFO |   ✓ monthly_review_automation: success
2026-08-03 22:28:23,751 | INFO | 
✓ Report saved to: D:\Work\Torus Coffee Company LLC\10_Skills_Library\05_Operations\logs\orchestrator_report_20260803_222823.json
2026-08-03 22:28:23,751 | INFO | ============================================================
