2026-08-03 19:28:04,870 | INFO | ============================================================
2026-08-03 19:28:04,870 | INFO | STARTING TORUS COFFEE AUTOMATION ORCHESTRATOR
2026-08-03 19:28:04,870 | INFO | ============================================================
2026-08-03 19:28:04,870 | INFO | 
--- Running buffer_automation ---
2026-08-03 19:28:05,659 | INFO | ✓ buffer_automation: success
2026-08-03 19:28:05,659 | INFO | ✓ buffer_automation completed successfully
2026-08-03 19:28:05,659 | INFO | 
--- Running zapier_automation ---
2026-08-03 19:28:05,761 | INFO | ✓ zapier_automation: success
2026-08-03 19:28:05,761 | INFO | ✓ zapier_automation completed successfully
2026-08-03 19:28:05,762 | INFO | 
--- Running hubspot_crm ---
2026-08-03 19:28:06,713 | INFO | ✓ hubspot_crm: success
2026-08-03 19:28:06,713 | INFO | ✓ hubspot_crm completed successfully
2026-08-03 19:28:06,713 | INFO | 
--- Running social_media_automation ---
2026-08-03 19:28:06,780 | INFO | ✓ social_media_automation: success
2026-08-03 19:28:06,780 | INFO | ✓ social_media_automation completed successfully
2026-08-03 19:28:06,780 | INFO | 
--- Running inventory_tracker ---
2026-08-03 19:28:06,867 | INFO | ✓ inventory_tracker: success
2026-08-03 19:28:06,867 | INFO | ✓ inventory_tracker completed successfully
2026-08-03 19:28:06,867 | INFO | 
--- Running daily_ops_automation ---
2026-08-03 19:28:06,990 | INFO | ✓ daily_ops_automation: success
2026-08-03 19:28:06,990 | INFO | ✓ daily_ops_automation completed successfully
2026-08-03 19:28:06,991 | INFO | 
--- Running weekly_review_automation ---
2026-08-03 19:28:07,053 | INFO | ✓ weekly_review_automation: success
2026-08-03 19:28:07,053 | INFO | ✓ weekly_review_automation completed successfully
2026-08-03 19:28:07,053 | INFO | 
--- Running monthly_review_automation ---
2026-08-03 19:28:07,117 | INFO | ✓ monthly_review_automation: success
2026-08-03 19:28:07,117 | INFO | ✓ monthly_review_automation completed successfully
2026-08-03 19:28:07,117 | INFO | 
============================================================
2026-08-03 19:28:07,117 | INFO | AUTOMATION ORCHESTRATOR REPORT
2026-08-03 19:28:07,117 | INFO | ============================================================
2026-08-03 19:28:07,117 | INFO | Total scripts: 8
2026-08-03 19:28:07,117 | INFO | Successful: 8
2026-08-03 19:28:07,117 | INFO | Failed/Warnings: 0
2026-08-03 19:28:07,117 | INFO | Success rate: 100.0%
2026-08-03 19:28:07,117 | INFO | 
Detailed Results:
2026-08-03 19:28:07,117 | INFO |   ✓ buffer_automation: success
2026-08-03 19:28:07,117 | INFO |   ✓ zapier_automation: success
2026-08-03 19:28:07,117 | INFO |       Error: 2026-08-03 19:28:05,751 | INFO | === TORUS COFFEE ZAPIER INTEGRATION ===
2026-08-03 19:28:07,117 | INFO |   ✓ hubspot_crm: success
2026-08-03 19:28:07,117 | INFO |   ✓ social_media_automation: success
2026-08-03 19:28:07,117 | INFO |   ✓ inventory_tracker: success
2026-08-03 19:28:07,117 | INFO |   ✓ daily_ops_automation: success
2026-08-03 19:28:07,117 | INFO |   ✓ weekly_review_automation: success
2026-08-03 19:28:07,117 | INFO |   ✓ monthly_review_automation: success
2026-08-03 19:28:07,118 | INFO | 
✓ Report saved to: D:\Work\Torus Coffee Company LLC\10_Skills_Library\05_Operations\logs\orchestrator_report_20260803_192807.json
2026-08-03 19:28:07,118 | INFO | ============================================================
