2026-08-03 22:58:13,017 | INFO | ============================================================
2026-08-03 22:58:13,017 | INFO | STARTING TORUS COFFEE AUTOMATION ORCHESTRATOR
2026-08-03 22:58:13,017 | INFO | ============================================================
2026-08-03 22:58:13,017 | INFO | 
--- Running buffer_automation ---
2026-08-03 22:58:13,689 | INFO | ✓ buffer_automation: success
2026-08-03 22:58:13,689 | INFO | ✓ buffer_automation completed successfully
2026-08-03 22:58:13,689 | INFO | 
--- Running zapier_automation ---
2026-08-03 22:58:13,816 | INFO | ✓ zapier_automation: success
2026-08-03 22:58:13,816 | INFO | ✓ zapier_automation completed successfully
2026-08-03 22:58:13,817 | INFO | 
--- Running hubspot_crm ---
2026-08-03 22:58:14,578 | INFO | ✓ hubspot_crm: success
2026-08-03 22:58:14,579 | INFO | ✓ hubspot_crm completed successfully
2026-08-03 22:58:14,579 | INFO | 
--- Running social_media_automation ---
2026-08-03 22:58:14,653 | INFO | ✓ social_media_automation: success
2026-08-03 22:58:14,653 | INFO | ✓ social_media_automation completed successfully
2026-08-03 22:58:14,653 | INFO | 
--- Running inventory_tracker ---
2026-08-03 22:58:14,747 | INFO | ✓ inventory_tracker: success
2026-08-03 22:58:14,747 | INFO | ✓ inventory_tracker completed successfully
2026-08-03 22:58:14,747 | INFO | 
--- Running daily_ops_automation ---
2026-08-03 22:58:14,900 | INFO | ✓ daily_ops_automation: success
2026-08-03 22:58:14,900 | INFO | ✓ daily_ops_automation completed successfully
2026-08-03 22:58:14,900 | INFO | 
--- Running weekly_review_automation ---
2026-08-03 22:58:14,966 | INFO | ✓ weekly_review_automation: success
2026-08-03 22:58:14,966 | INFO | ✓ weekly_review_automation completed successfully
2026-08-03 22:58:14,966 | INFO | 
--- Running monthly_review_automation ---
2026-08-03 22:58:15,033 | INFO | ✓ monthly_review_automation: success
2026-08-03 22:58:15,033 | INFO | ✓ monthly_review_automation completed successfully
2026-08-03 22:58:15,033 | INFO | 
============================================================
2026-08-03 22:58:15,033 | INFO | AUTOMATION ORCHESTRATOR REPORT
2026-08-03 22:58:15,033 | INFO | ============================================================
2026-08-03 22:58:15,033 | INFO | Total scripts: 8
2026-08-03 22:58:15,033 | INFO | Successful: 8
2026-08-03 22:58:15,033 | INFO | Failed/Warnings: 0
2026-08-03 22:58:15,033 | INFO | Success rate: 100.0%
2026-08-03 22:58:15,033 | INFO | 
Detailed Results:
2026-08-03 22:58:15,033 | INFO |   ✓ buffer_automation: success
2026-08-03 22:58:15,033 | INFO |   ✓ zapier_automation: success
2026-08-03 22:58:15,033 | INFO |       Error: 2026-08-03 22:58:13,804 | INFO | === TORUS COFFEE ZAPIER INTEGRATION ===
2026-08-03 22:58:15,033 | INFO |   ✓ hubspot_crm: success
2026-08-03 22:58:15,033 | INFO |   ✓ social_media_automation: success
2026-08-03 22:58:15,034 | INFO |   ✓ inventory_tracker: success
2026-08-03 22:58:15,034 | INFO |   ✓ daily_ops_automation: success
2026-08-03 22:58:15,034 | INFO |   ✓ weekly_review_automation: success
2026-08-03 22:58:15,034 | INFO |   ✓ monthly_review_automation: success
2026-08-03 22:58:15,034 | INFO | 
✓ Report saved to: D:\Work\Torus Coffee Company LLC\10_Skills_Library\05_Operations\logs\orchestrator_report_20260803_225815.json
2026-08-03 22:58:15,034 | INFO | ============================================================
