2026-08-03 22:58:22,161 | INFO | ============================================================
2026-08-03 22:58:22,161 | INFO | STARTING TORUS COFFEE AUTOMATION ORCHESTRATOR
2026-08-03 22:58:22,161 | INFO | ============================================================
2026-08-03 22:58:22,161 | INFO | 
--- Running buffer_automation ---
2026-08-03 22:58:22,849 | INFO | ✓ buffer_automation: success
2026-08-03 22:58:22,849 | INFO | ✓ buffer_automation completed successfully
2026-08-03 22:58:22,849 | INFO | 
--- Running zapier_automation ---
2026-08-03 22:58:22,887 | INFO | ============================================================
2026-08-03 22:58:22,887 | INFO | STARTING TORUS COFFEE AUTOMATION ORCHESTRATOR
2026-08-03 22:58:22,888 | INFO | ============================================================
2026-08-03 22:58:22,888 | INFO | 
--- Running buffer_automation ---
2026-08-03 22:58:22,956 | INFO | ✓ zapier_automation: success
2026-08-03 22:58:22,956 | INFO | ✓ zapier_automation completed successfully
2026-08-03 22:58:22,956 | INFO | 
--- Running hubspot_crm ---
2026-08-03 22:58:23,548 | INFO | ✓ buffer_automation: success
2026-08-03 22:58:23,549 | INFO | ✓ buffer_automation completed successfully
2026-08-03 22:58:23,549 | INFO | 
--- Running zapier_automation ---
2026-08-03 22:58:23,666 | INFO | ✓ zapier_automation: success
2026-08-03 22:58:23,666 | INFO | ✓ zapier_automation completed successfully
2026-08-03 22:58:23,666 | INFO | 
--- Running hubspot_crm ---
2026-08-03 22:58:23,675 | INFO | ✓ hubspot_crm: success
2026-08-03 22:58:23,675 | INFO | ✓ hubspot_crm completed successfully
2026-08-03 22:58:23,675 | INFO | 
--- Running social_media_automation ---
2026-08-03 22:58:23,748 | INFO | ✓ social_media_automation: success
2026-08-03 22:58:23,748 | INFO | ✓ social_media_automation completed successfully
2026-08-03 22:58:23,748 | INFO | 
--- Running inventory_tracker ---
2026-08-03 22:58:23,843 | INFO | ✓ inventory_tracker: success
2026-08-03 22:58:23,843 | INFO | ✓ inventory_tracker completed successfully
2026-08-03 22:58:23,843 | INFO | 
--- Running daily_ops_automation ---
2026-08-03 22:58:23,996 | INFO | ✓ daily_ops_automation: success
2026-08-03 22:58:23,996 | INFO | ✓ daily_ops_automation completed successfully
2026-08-03 22:58:23,996 | INFO | 
--- Running weekly_review_automation ---
2026-08-03 22:58:24,059 | INFO | ✓ weekly_review_automation: success
2026-08-03 22:58:24,060 | INFO | ✓ weekly_review_automation completed successfully
2026-08-03 22:58:24,060 | INFO | 
--- Running monthly_review_automation ---
2026-08-03 22:58:24,127 | INFO | ✓ monthly_review_automation: success
2026-08-03 22:58:24,128 | INFO | ✓ monthly_review_automation completed successfully
2026-08-03 22:58:24,128 | INFO | 
============================================================
2026-08-03 22:58:24,128 | INFO | AUTOMATION ORCHESTRATOR REPORT
2026-08-03 22:58:24,128 | INFO | ============================================================
2026-08-03 22:58:24,128 | INFO | Total scripts: 8
2026-08-03 22:58:24,128 | INFO | Successful: 8
2026-08-03 22:58:24,128 | INFO | Failed/Warnings: 0
2026-08-03 22:58:24,128 | INFO | Success rate: 100.0%
2026-08-03 22:58:24,128 | INFO | 
Detailed Results:
2026-08-03 22:58:24,128 | INFO |   ✓ buffer_automation: success
2026-08-03 22:58:24,128 | INFO |   ✓ zapier_automation: success
2026-08-03 22:58:24,128 | INFO |       Error: 2026-08-03 22:58:22,945 | INFO | === TORUS COFFEE ZAPIER INTEGRATION ===
2026-08-03 22:58:24,128 | INFO |   ✓ hubspot_crm: success
2026-08-03 22:58:24,128 | INFO |   ✓ social_media_automation: success
2026-08-03 22:58:24,128 | INFO |   ✓ inventory_tracker: success
2026-08-03 22:58:24,128 | INFO |   ✓ daily_ops_automation: success
2026-08-03 22:58:24,128 | INFO |   ✓ weekly_review_automation: success
2026-08-03 22:58:24,128 | INFO |   ✓ monthly_review_automation: success
2026-08-03 22:58:24,129 | INFO | 
✓ Report saved to: D:\Work\Torus Coffee Company LLC\10_Skills_Library\05_Operations\logs\orchestrator_report_20260803_225824.json
2026-08-03 22:58:24,129 | INFO | ============================================================
2026-08-03 22:58:24,363 | INFO | ✓ hubspot_crm: success
2026-08-03 22:58:24,363 | INFO | ✓ hubspot_crm completed successfully
2026-08-03 22:58:24,363 | INFO | 
--- Running social_media_automation ---
2026-08-03 22:58:24,437 | INFO | ✓ social_media_automation: success
2026-08-03 22:58:24,437 | INFO | ✓ social_media_automation completed successfully
2026-08-03 22:58:24,437 | INFO | 
--- Running inventory_tracker ---
2026-08-03 22:58:24,536 | INFO | ✓ inventory_tracker: success
2026-08-03 22:58:24,536 | INFO | ✓ inventory_tracker completed successfully
2026-08-03 22:58:24,536 | INFO | 
--- Running daily_ops_automation ---
2026-08-03 22:58:24,710 | INFO | ✓ daily_ops_automation: success
2026-08-03 22:58:24,710 | INFO | ✓ daily_ops_automation completed successfully
2026-08-03 22:58:24,710 | INFO | 
--- Running weekly_review_automation ---
2026-08-03 22:58:24,782 | INFO | ✓ weekly_review_automation: success
2026-08-03 22:58:24,783 | INFO | ✓ weekly_review_automation completed successfully
2026-08-03 22:58:24,783 | INFO | 
--- Running monthly_review_automation ---
2026-08-03 22:58:24,855 | INFO | ✓ monthly_review_automation: success
2026-08-03 22:58:24,855 | INFO | ✓ monthly_review_automation completed successfully
2026-08-03 22:58:24,855 | INFO | 
============================================================
2026-08-03 22:58:24,855 | INFO | AUTOMATION ORCHESTRATOR REPORT
2026-08-03 22:58:24,856 | INFO | ============================================================
2026-08-03 22:58:24,856 | INFO | Total scripts: 8
2026-08-03 22:58:24,856 | INFO | Successful: 8
2026-08-03 22:58:24,856 | INFO | Failed/Warnings: 0
2026-08-03 22:58:24,856 | INFO | Success rate: 100.0%
2026-08-03 22:58:24,856 | INFO | 
Detailed Results:
2026-08-03 22:58:24,856 | INFO |   ✓ buffer_automation: success
2026-08-03 22:58:24,856 | INFO |   ✓ zapier_automation: success
2026-08-03 22:58:24,856 | INFO |       Error: 2026-08-03 22:58:23,654 | INFO | === TORUS COFFEE ZAPIER INTEGRATION ===
2026-08-03 22:58:24,856 | INFO |   ✓ hubspot_crm: success
2026-08-03 22:58:24,856 | INFO |   ✓ social_media_automation: success
2026-08-03 22:58:24,856 | INFO |   ✓ inventory_tracker: success
2026-08-03 22:58:24,856 | INFO |   ✓ daily_ops_automation: success
2026-08-03 22:58:24,856 | INFO |   ✓ weekly_review_automation: success
2026-08-03 22:58:24,856 | INFO |   ✓ monthly_review_automation: success
2026-08-03 22:58:24,857 | INFO | 
✓ Report saved to: D:\Work\Torus Coffee Company LLC\10_Skills_Library\05_Operations\logs\orchestrator_report_20260803_225824.json
2026-08-03 22:58:24,857 | INFO | ============================================================
