2026-08-03 22:55:59,681 | INFO | ============================================================
2026-08-03 22:55:59,681 | INFO | STARTING TORUS COFFEE AUTOMATION ORCHESTRATOR
2026-08-03 22:55:59,681 | INFO | ============================================================
2026-08-03 22:55:59,681 | INFO | 
--- Running buffer_automation ---
2026-08-03 22:56:00,410 | INFO | ✓ buffer_automation: success
2026-08-03 22:56:00,410 | INFO | ✓ buffer_automation completed successfully
2026-08-03 22:56:00,410 | INFO | 
--- Running zapier_automation ---
2026-08-03 22:56:00,510 | INFO | ✓ zapier_automation: success
2026-08-03 22:56:00,511 | INFO | ✓ zapier_automation completed successfully
2026-08-03 22:56:00,511 | INFO | 
--- Running hubspot_crm ---
2026-08-03 22:56:01,282 | INFO | ✓ hubspot_crm: success
2026-08-03 22:56:01,282 | INFO | ✓ hubspot_crm completed successfully
2026-08-03 22:56:01,282 | INFO | 
--- Running social_media_automation ---
2026-08-03 22:56:01,351 | INFO | ✓ social_media_automation: success
2026-08-03 22:56:01,351 | INFO | ✓ social_media_automation completed successfully
2026-08-03 22:56:01,351 | INFO | 
--- Running inventory_tracker ---
2026-08-03 22:56:01,448 | INFO | ✓ inventory_tracker: success
2026-08-03 22:56:01,448 | INFO | ✓ inventory_tracker completed successfully
2026-08-03 22:56:01,448 | INFO | 
--- Running daily_ops_automation ---
2026-08-03 22:56:01,600 | INFO | ✓ daily_ops_automation: success
2026-08-03 22:56:01,600 | INFO | ✓ daily_ops_automation completed successfully
2026-08-03 22:56:01,600 | INFO | 
--- Running weekly_review_automation ---
2026-08-03 22:56:01,663 | INFO | ✓ weekly_review_automation: success
2026-08-03 22:56:01,663 | INFO | ✓ weekly_review_automation completed successfully
2026-08-03 22:56:01,663 | INFO | 
--- Running monthly_review_automation ---
2026-08-03 22:56:01,725 | INFO | ✓ monthly_review_automation: success
2026-08-03 22:56:01,725 | INFO | ✓ monthly_review_automation completed successfully
2026-08-03 22:56:01,725 | INFO | 
============================================================
2026-08-03 22:56:01,725 | INFO | AUTOMATION ORCHESTRATOR REPORT
2026-08-03 22:56:01,725 | INFO | ============================================================
2026-08-03 22:56:01,725 | INFO | Total scripts: 8
2026-08-03 22:56:01,725 | INFO | Successful: 8
2026-08-03 22:56:01,725 | INFO | Failed/Warnings: 0
2026-08-03 22:56:01,725 | INFO | Success rate: 100.0%
2026-08-03 22:56:01,725 | INFO | 
Detailed Results:
2026-08-03 22:56:01,725 | INFO |   ✓ buffer_automation: success
2026-08-03 22:56:01,725 | INFO |   ✓ zapier_automation: success
2026-08-03 22:56:01,725 | INFO |       Error: 2026-08-03 22:56:00,501 | INFO | === TORUS COFFEE ZAPIER INTEGRATION ===
2026-08-03 22:56:01,725 | INFO |   ✓ hubspot_crm: success
2026-08-03 22:56:01,725 | INFO |   ✓ social_media_automation: success
2026-08-03 22:56:01,725 | INFO |   ✓ inventory_tracker: success
2026-08-03 22:56:01,725 | INFO |   ✓ daily_ops_automation: success
2026-08-03 22:56:01,725 | INFO |   ✓ weekly_review_automation: success
2026-08-03 22:56:01,725 | INFO |   ✓ monthly_review_automation: success
2026-08-03 22:56:01,726 | INFO | 
✓ Report saved to: D:\Work\Torus Coffee Company LLC\10_Skills_Library\05_Operations\logs\orchestrator_report_20260803_225601.json
2026-08-03 22:56:01,726 | INFO | ============================================================
