2026-08-03 23:06:55,429 | INFO | ============================================================
2026-08-03 23:06:55,429 | INFO | STARTING TORUS COFFEE AUTOMATION ORCHESTRATOR
2026-08-03 23:06:55,429 | INFO | ============================================================
2026-08-03 23:06:55,430 | INFO | 
--- Running buffer_automation ---
2026-08-03 23:06:56,046 | INFO | ✓ buffer_automation: success
2026-08-03 23:06:56,046 | INFO | ✓ buffer_automation completed successfully
2026-08-03 23:06:56,046 | INFO | 
--- Running zapier_automation ---
2026-08-03 23:06:56,154 | INFO | ✓ zapier_automation: success
2026-08-03 23:06:56,154 | INFO | ✓ zapier_automation completed successfully
2026-08-03 23:06:56,155 | INFO | 
--- Running hubspot_crm ---
2026-08-03 23:06:56,855 | INFO | ✓ hubspot_crm: success
2026-08-03 23:06:56,855 | INFO | ✓ hubspot_crm completed successfully
2026-08-03 23:06:56,855 | INFO | 
--- Running social_media_automation ---
2026-08-03 23:06:56,927 | INFO | ✓ social_media_automation: success
2026-08-03 23:06:56,927 | INFO | ✓ social_media_automation completed successfully
2026-08-03 23:06:56,927 | INFO | 
--- Running inventory_tracker ---
2026-08-03 23:06:57,019 | INFO | ✓ inventory_tracker: success
2026-08-03 23:06:57,019 | INFO | ✓ inventory_tracker completed successfully
2026-08-03 23:06:57,019 | INFO | 
--- Running daily_ops_automation ---
2026-08-03 23:06:57,189 | INFO | ✓ daily_ops_automation: success
2026-08-03 23:06:57,189 | INFO | ✓ daily_ops_automation completed successfully
2026-08-03 23:06:57,189 | INFO | 
--- Running weekly_review_automation ---
2026-08-03 23:06:57,260 | INFO | ✓ weekly_review_automation: success
2026-08-03 23:06:57,260 | INFO | ✓ weekly_review_automation completed successfully
2026-08-03 23:06:57,260 | INFO | 
--- Running monthly_review_automation ---
2026-08-03 23:06:57,324 | INFO | ✓ monthly_review_automation: success
2026-08-03 23:06:57,324 | INFO | ✓ monthly_review_automation completed successfully
2026-08-03 23:06:57,324 | INFO | 
============================================================
2026-08-03 23:06:57,324 | INFO | AUTOMATION ORCHESTRATOR REPORT
2026-08-03 23:06:57,324 | INFO | ============================================================
2026-08-03 23:06:57,324 | INFO | Total scripts: 8
2026-08-03 23:06:57,325 | INFO | Successful: 8
2026-08-03 23:06:57,325 | INFO | Failed/Warnings: 0
2026-08-03 23:06:57,325 | INFO | Success rate: 100.0%
2026-08-03 23:06:57,325 | INFO | 
Detailed Results:
2026-08-03 23:06:57,325 | INFO |   ✓ buffer_automation: success
2026-08-03 23:06:57,325 | INFO |   ✓ zapier_automation: success
2026-08-03 23:06:57,325 | INFO |       Error: 2026-08-03 23:06:56,144 | INFO | === TORUS COFFEE ZAPIER INTEGRATION ===
2026-08-03 23:06:57,325 | INFO |   ✓ hubspot_crm: success
2026-08-03 23:06:57,325 | INFO |   ✓ social_media_automation: success
2026-08-03 23:06:57,325 | INFO |   ✓ inventory_tracker: success
2026-08-03 23:06:57,325 | INFO |   ✓ daily_ops_automation: success
2026-08-03 23:06:57,325 | INFO |   ✓ weekly_review_automation: success
2026-08-03 23:06:57,325 | INFO |   ✓ monthly_review_automation: success
2026-08-03 23:06:57,327 | INFO | 
✓ Report saved to: D:\Work\Torus Coffee Company LLC\10_Skills_Library\05_Operations\logs\orchestrator_report_20260803_230657.json
2026-08-03 23:06:57,327 | INFO | ============================================================
