2026-08-03 21:25:27,338 | INFO | ============================================================
2026-08-03 21:25:27,339 | INFO | STARTING TORUS COFFEE AUTOMATION ORCHESTRATOR
2026-08-03 21:25:27,339 | INFO | ============================================================
2026-08-03 21:25:27,339 | INFO | 
--- Running buffer_automation ---
2026-08-03 21:25:28,055 | INFO | ✓ buffer_automation: success
2026-08-03 21:25:28,055 | INFO | ✓ buffer_automation completed successfully
2026-08-03 21:25:28,055 | INFO | 
--- Running zapier_automation ---
2026-08-03 21:25:28,155 | INFO | ✓ zapier_automation: success
2026-08-03 21:25:28,156 | INFO | ✓ zapier_automation completed successfully
2026-08-03 21:25:28,156 | INFO | 
--- Running hubspot_crm ---
2026-08-03 21:25:28,873 | INFO | ✓ hubspot_crm: success
2026-08-03 21:25:28,873 | INFO | ✓ hubspot_crm completed successfully
2026-08-03 21:25:28,873 | INFO | 
--- Running social_media_automation ---
2026-08-03 21:25:28,940 | INFO | ✓ social_media_automation: success
2026-08-03 21:25:28,940 | INFO | ✓ social_media_automation completed successfully
2026-08-03 21:25:28,940 | INFO | 
--- Running inventory_tracker ---
2026-08-03 21:25:29,035 | INFO | ✓ inventory_tracker: success
2026-08-03 21:25:29,035 | INFO | ✓ inventory_tracker completed successfully
2026-08-03 21:25:29,035 | INFO | 
--- Running daily_ops_automation ---
2026-08-03 21:25:29,181 | INFO | ✓ daily_ops_automation: success
2026-08-03 21:25:29,182 | INFO | ✓ daily_ops_automation completed successfully
2026-08-03 21:25:29,182 | INFO | 
--- Running weekly_review_automation ---
2026-08-03 21:25:29,246 | INFO | ✓ weekly_review_automation: success
2026-08-03 21:25:29,246 | INFO | ✓ weekly_review_automation completed successfully
2026-08-03 21:25:29,246 | INFO | 
--- Running monthly_review_automation ---
2026-08-03 21:25:29,309 | INFO | ✓ monthly_review_automation: success
2026-08-03 21:25:29,310 | INFO | ✓ monthly_review_automation completed successfully
2026-08-03 21:25:29,310 | INFO | 
============================================================
2026-08-03 21:25:29,310 | INFO | AUTOMATION ORCHESTRATOR REPORT
2026-08-03 21:25:29,310 | INFO | ============================================================
2026-08-03 21:25:29,310 | INFO | Total scripts: 8
2026-08-03 21:25:29,310 | INFO | Successful: 8
2026-08-03 21:25:29,310 | INFO | Failed/Warnings: 0
2026-08-03 21:25:29,310 | INFO | Success rate: 100.0%
2026-08-03 21:25:29,310 | INFO | 
Detailed Results:
2026-08-03 21:25:29,310 | INFO |   ✓ buffer_automation: success
2026-08-03 21:25:29,310 | INFO |   ✓ zapier_automation: success
2026-08-03 21:25:29,310 | INFO |       Error: 2026-08-03 21:25:28,146 | INFO | === TORUS COFFEE ZAPIER INTEGRATION ===
2026-08-03 21:25:29,310 | INFO |   ✓ hubspot_crm: success
2026-08-03 21:25:29,310 | INFO |   ✓ social_media_automation: success
2026-08-03 21:25:29,310 | INFO |   ✓ inventory_tracker: success
2026-08-03 21:25:29,310 | INFO |   ✓ daily_ops_automation: success
2026-08-03 21:25:29,310 | INFO |   ✓ weekly_review_automation: success
2026-08-03 21:25:29,310 | INFO |   ✓ monthly_review_automation: success
2026-08-03 21:25:29,311 | INFO | 
✓ Report saved to: D:\Work\Torus Coffee Company LLC\10_Skills_Library\05_Operations\logs\orchestrator_report_20260803_212529.json
2026-08-03 21:25:29,311 | INFO | ============================================================
