2026-08-03 23:01:26,011 | INFO | ============================================================
2026-08-03 23:01:26,011 | INFO | STARTING TORUS COFFEE AUTOMATION ORCHESTRATOR
2026-08-03 23:01:26,011 | INFO | ============================================================
2026-08-03 23:01:26,011 | INFO | 
--- Running buffer_automation ---
2026-08-03 23:01:26,795 | INFO | ✓ buffer_automation: success
2026-08-03 23:01:26,795 | INFO | ✓ buffer_automation completed successfully
2026-08-03 23:01:26,795 | INFO | 
--- Running zapier_automation ---
2026-08-03 23:01:26,907 | INFO | ✓ zapier_automation: success
2026-08-03 23:01:26,907 | INFO | ✓ zapier_automation completed successfully
2026-08-03 23:01:26,908 | INFO | 
--- Running hubspot_crm ---
2026-08-03 23:01:27,648 | INFO | ✓ hubspot_crm: success
2026-08-03 23:01:27,648 | INFO | ✓ hubspot_crm completed successfully
2026-08-03 23:01:27,648 | INFO | 
--- Running social_media_automation ---
2026-08-03 23:01:27,723 | INFO | ✓ social_media_automation: success
2026-08-03 23:01:27,723 | INFO | ✓ social_media_automation completed successfully
2026-08-03 23:01:27,723 | INFO | 
--- Running inventory_tracker ---
2026-08-03 23:01:27,815 | INFO | ✓ inventory_tracker: success
2026-08-03 23:01:27,815 | INFO | ✓ inventory_tracker completed successfully
2026-08-03 23:01:27,815 | INFO | 
--- Running daily_ops_automation ---
2026-08-03 23:01:27,983 | INFO | ✓ daily_ops_automation: success
2026-08-03 23:01:27,983 | INFO | ✓ daily_ops_automation completed successfully
2026-08-03 23:01:27,983 | INFO | 
--- Running weekly_review_automation ---
2026-08-03 23:01:28,049 | INFO | ✓ weekly_review_automation: success
2026-08-03 23:01:28,049 | INFO | ✓ weekly_review_automation completed successfully
2026-08-03 23:01:28,049 | INFO | 
--- Running monthly_review_automation ---
2026-08-03 23:01:28,116 | INFO | ✓ monthly_review_automation: success
2026-08-03 23:01:28,116 | INFO | ✓ monthly_review_automation completed successfully
2026-08-03 23:01:28,116 | INFO | 
============================================================
2026-08-03 23:01:28,116 | INFO | AUTOMATION ORCHESTRATOR REPORT
2026-08-03 23:01:28,116 | INFO | ============================================================
2026-08-03 23:01:28,116 | INFO | Total scripts: 8
2026-08-03 23:01:28,116 | INFO | Successful: 8
2026-08-03 23:01:28,116 | INFO | Failed/Warnings: 0
2026-08-03 23:01:28,117 | INFO | Success rate: 100.0%
2026-08-03 23:01:28,117 | INFO | 
Detailed Results:
2026-08-03 23:01:28,117 | INFO |   ✓ buffer_automation: success
2026-08-03 23:01:28,117 | INFO |   ✓ zapier_automation: success
2026-08-03 23:01:28,117 | INFO |       Error: 2026-08-03 23:01:26,896 | INFO | === TORUS COFFEE ZAPIER INTEGRATION ===
2026-08-03 23:01:28,117 | INFO |   ✓ hubspot_crm: success
2026-08-03 23:01:28,117 | INFO |   ✓ social_media_automation: success
2026-08-03 23:01:28,117 | INFO |   ✓ inventory_tracker: success
2026-08-03 23:01:28,117 | INFO |   ✓ daily_ops_automation: success
2026-08-03 23:01:28,117 | INFO |   ✓ weekly_review_automation: success
2026-08-03 23:01:28,117 | INFO |   ✓ monthly_review_automation: success
2026-08-03 23:01:28,118 | INFO | 
✓ Report saved to: D:\Work\Torus Coffee Company LLC\10_Skills_Library\05_Operations\logs\orchestrator_report_20260803_230128.json
2026-08-03 23:01:28,118 | INFO | ============================================================
