2026-08-03 19:22:50,777 | INFO | ============================================================
2026-08-03 19:22:50,777 | INFO | STARTING TORUS COFFEE AUTOMATION ORCHESTRATOR
2026-08-03 19:22:50,777 | INFO | ============================================================
2026-08-03 19:22:50,777 | INFO | 
--- Running buffer_automation ---
2026-08-03 19:22:51,684 | INFO | ✓ buffer_automation: success
2026-08-03 19:22:51,684 | INFO | ✓ buffer_automation completed successfully
2026-08-03 19:22:51,684 | INFO | 
--- Running zapier_automation ---
2026-08-03 19:22:51,789 | INFO | ✓ zapier_automation: success
2026-08-03 19:22:51,789 | INFO | ✓ zapier_automation completed successfully
2026-08-03 19:22:51,790 | INFO | 
--- Running hubspot_crm ---
2026-08-03 19:22:52,674 | INFO | ✓ hubspot_crm: success
2026-08-03 19:22:52,674 | INFO | ✓ hubspot_crm completed successfully
2026-08-03 19:22:52,674 | INFO | 
--- Running social_media_automation ---
2026-08-03 19:22:52,742 | INFO | ✓ social_media_automation: success
2026-08-03 19:22:52,742 | INFO | ✓ social_media_automation completed successfully
2026-08-03 19:22:52,742 | INFO | 
--- Running inventory_tracker ---
2026-08-03 19:22:52,833 | INFO | ✓ inventory_tracker: success
2026-08-03 19:22:52,833 | INFO | ✓ inventory_tracker completed successfully
2026-08-03 19:22:52,833 | INFO | 
--- Running daily_ops_automation ---
2026-08-03 19:22:52,960 | INFO | ✓ daily_ops_automation: success
2026-08-03 19:22:52,960 | INFO | ✓ daily_ops_automation completed successfully
2026-08-03 19:22:52,960 | INFO | 
--- Running weekly_review_automation ---
2026-08-03 19:22:53,024 | INFO | ✓ weekly_review_automation: success
2026-08-03 19:22:53,024 | INFO | ✓ weekly_review_automation completed successfully
2026-08-03 19:22:53,025 | INFO | 
--- Running monthly_review_automation ---
2026-08-03 19:22:53,106 | INFO | ✓ monthly_review_automation: success
2026-08-03 19:22:53,106 | INFO | ✓ monthly_review_automation completed successfully
2026-08-03 19:22:53,106 | INFO | 
============================================================
2026-08-03 19:22:53,106 | INFO | AUTOMATION ORCHESTRATOR REPORT
2026-08-03 19:22:53,106 | INFO | ============================================================
2026-08-03 19:22:53,107 | INFO | Total scripts: 8
2026-08-03 19:22:53,107 | INFO | Successful: 8
2026-08-03 19:22:53,107 | INFO | Failed/Warnings: 0
2026-08-03 19:22:53,107 | INFO | Success rate: 100.0%
2026-08-03 19:22:53,107 | INFO | 
Detailed Results:
2026-08-03 19:22:53,107 | INFO |   ✓ buffer_automation: success
2026-08-03 19:22:53,107 | INFO |   ✓ zapier_automation: success
2026-08-03 19:22:53,107 | INFO |       Error: 2026-08-03 19:22:51,779 | INFO | === TORUS COFFEE ZAPIER INTEGRATION ===
2026-08-03 19:22:53,107 | INFO |   ✓ hubspot_crm: success
2026-08-03 19:22:53,107 | INFO |   ✓ social_media_automation: success
2026-08-03 19:22:53,107 | INFO |   ✓ inventory_tracker: success
2026-08-03 19:22:53,107 | INFO |   ✓ daily_ops_automation: success
2026-08-03 19:22:53,107 | INFO |   ✓ weekly_review_automation: success
2026-08-03 19:22:53,107 | INFO |   ✓ monthly_review_automation: success
2026-08-03 19:22:53,108 | INFO | 
✓ Report saved to: D:\Work\Torus Coffee Company LLC\10_Skills_Library\05_Operations\logs\orchestrator_report_20260803_192253.json
2026-08-03 19:22:53,108 | INFO | ============================================================
