2026-08-03 19:29:49,803 | INFO | ============================================================
2026-08-03 19:29:49,804 | INFO | STARTING TORUS COFFEE AUTOMATION ORCHESTRATOR
2026-08-03 19:29:49,804 | INFO | ============================================================
2026-08-03 19:29:49,804 | INFO | 
--- Running buffer_automation ---
2026-08-03 19:29:50,536 | INFO | ✓ buffer_automation: success
2026-08-03 19:29:50,536 | INFO | ✓ buffer_automation completed successfully
2026-08-03 19:29:50,536 | INFO | 
--- Running zapier_automation ---
2026-08-03 19:29:50,638 | INFO | ✓ zapier_automation: success
2026-08-03 19:29:50,638 | INFO | ✓ zapier_automation completed successfully
2026-08-03 19:29:50,639 | INFO | 
--- Running hubspot_crm ---
2026-08-03 19:29:51,405 | INFO | ✓ hubspot_crm: success
2026-08-03 19:29:51,406 | INFO | ✓ hubspot_crm completed successfully
2026-08-03 19:29:51,406 | INFO | 
--- Running social_media_automation ---
2026-08-03 19:29:51,473 | INFO | ✓ social_media_automation: success
2026-08-03 19:29:51,474 | INFO | ✓ social_media_automation completed successfully
2026-08-03 19:29:51,474 | INFO | 
--- Running inventory_tracker ---
2026-08-03 19:29:51,563 | INFO | ✓ inventory_tracker: success
2026-08-03 19:29:51,563 | INFO | ✓ inventory_tracker completed successfully
2026-08-03 19:29:51,563 | INFO | 
--- Running daily_ops_automation ---
2026-08-03 19:29:51,686 | INFO | ✓ daily_ops_automation: success
2026-08-03 19:29:51,687 | INFO | ✓ daily_ops_automation completed successfully
2026-08-03 19:29:51,687 | INFO | 
--- Running weekly_review_automation ---
2026-08-03 19:29:51,750 | INFO | ✓ weekly_review_automation: success
2026-08-03 19:29:51,751 | INFO | ✓ weekly_review_automation completed successfully
2026-08-03 19:29:51,751 | INFO | 
--- Running monthly_review_automation ---
2026-08-03 19:29:51,815 | INFO | ✓ monthly_review_automation: success
2026-08-03 19:29:51,815 | INFO | ✓ monthly_review_automation completed successfully
2026-08-03 19:29:51,815 | INFO | 
============================================================
2026-08-03 19:29:51,815 | INFO | AUTOMATION ORCHESTRATOR REPORT
2026-08-03 19:29:51,815 | INFO | ============================================================
2026-08-03 19:29:51,815 | INFO | Total scripts: 8
2026-08-03 19:29:51,815 | INFO | Successful: 8
2026-08-03 19:29:51,815 | INFO | Failed/Warnings: 0
2026-08-03 19:29:51,815 | INFO | Success rate: 100.0%
2026-08-03 19:29:51,815 | INFO | 
Detailed Results:
2026-08-03 19:29:51,815 | INFO |   ✓ buffer_automation: success
2026-08-03 19:29:51,815 | INFO |   ✓ zapier_automation: success
2026-08-03 19:29:51,815 | INFO |       Error: 2026-08-03 19:29:50,628 | INFO | === TORUS COFFEE ZAPIER INTEGRATION ===
2026-08-03 19:29:51,815 | INFO |   ✓ hubspot_crm: success
2026-08-03 19:29:51,815 | INFO |   ✓ social_media_automation: success
2026-08-03 19:29:51,816 | INFO |   ✓ inventory_tracker: success
2026-08-03 19:29:51,816 | INFO |   ✓ daily_ops_automation: success
2026-08-03 19:29:51,816 | INFO |   ✓ weekly_review_automation: success
2026-08-03 19:29:51,816 | INFO |   ✓ monthly_review_automation: success
2026-08-03 19:29:51,816 | INFO | 
✓ Report saved to: D:\Work\Torus Coffee Company LLC\10_Skills_Library\05_Operations\logs\orchestrator_report_20260803_192951.json
2026-08-03 19:29:51,816 | INFO | ============================================================
