2026-08-03 19:31:41,768 | INFO | ============================================================
2026-08-03 19:31:41,769 | INFO | STARTING TORUS COFFEE AUTOMATION ORCHESTRATOR
2026-08-03 19:31:41,769 | INFO | ============================================================
2026-08-03 19:31:41,769 | INFO | 
--- Running buffer_automation ---
2026-08-03 19:31:42,348 | INFO | ✓ buffer_automation: success
2026-08-03 19:31:42,348 | INFO | ✓ buffer_automation completed successfully
2026-08-03 19:31:42,348 | INFO | 
--- Running zapier_automation ---
2026-08-03 19:31:42,450 | INFO | ✓ zapier_automation: success
2026-08-03 19:31:42,450 | INFO | ✓ zapier_automation completed successfully
2026-08-03 19:31:42,451 | INFO | 
--- Running hubspot_crm ---
2026-08-03 19:31:43,236 | INFO | ✓ hubspot_crm: success
2026-08-03 19:31:43,236 | INFO | ✓ hubspot_crm completed successfully
2026-08-03 19:31:43,236 | INFO | 
--- Running social_media_automation ---
2026-08-03 19:31:43,303 | INFO | ✓ social_media_automation: success
2026-08-03 19:31:43,303 | INFO | ✓ social_media_automation completed successfully
2026-08-03 19:31:43,303 | INFO | 
--- Running inventory_tracker ---
2026-08-03 19:31:43,390 | INFO | ✓ inventory_tracker: success
2026-08-03 19:31:43,390 | INFO | ✓ inventory_tracker completed successfully
2026-08-03 19:31:43,390 | INFO | 
--- Running daily_ops_automation ---
2026-08-03 19:31:43,512 | INFO | ✓ daily_ops_automation: success
2026-08-03 19:31:43,512 | INFO | ✓ daily_ops_automation completed successfully
2026-08-03 19:31:43,512 | INFO | 
--- Running weekly_review_automation ---
2026-08-03 19:31:43,574 | INFO | ✓ weekly_review_automation: success
2026-08-03 19:31:43,574 | INFO | ✓ weekly_review_automation completed successfully
2026-08-03 19:31:43,575 | INFO | 
--- Running monthly_review_automation ---
2026-08-03 19:31:43,637 | INFO | ✓ monthly_review_automation: success
2026-08-03 19:31:43,637 | INFO | ✓ monthly_review_automation completed successfully
2026-08-03 19:31:43,637 | INFO | 
============================================================
2026-08-03 19:31:43,637 | INFO | AUTOMATION ORCHESTRATOR REPORT
2026-08-03 19:31:43,638 | INFO | ============================================================
2026-08-03 19:31:43,638 | INFO | Total scripts: 8
2026-08-03 19:31:43,638 | INFO | Successful: 8
2026-08-03 19:31:43,638 | INFO | Failed/Warnings: 0
2026-08-03 19:31:43,638 | INFO | Success rate: 100.0%
2026-08-03 19:31:43,638 | INFO | 
Detailed Results:
2026-08-03 19:31:43,638 | INFO |   ✓ buffer_automation: success
2026-08-03 19:31:43,638 | INFO |   ✓ zapier_automation: success
2026-08-03 19:31:43,638 | INFO |       Error: 2026-08-03 19:31:42,440 | INFO | === TORUS COFFEE ZAPIER INTEGRATION ===
2026-08-03 19:31:43,638 | INFO |   ✓ hubspot_crm: success
2026-08-03 19:31:43,638 | INFO |   ✓ social_media_automation: success
2026-08-03 19:31:43,638 | INFO |   ✓ inventory_tracker: success
2026-08-03 19:31:43,638 | INFO |   ✓ daily_ops_automation: success
2026-08-03 19:31:43,638 | INFO |   ✓ weekly_review_automation: success
2026-08-03 19:31:43,638 | INFO |   ✓ monthly_review_automation: success
2026-08-03 19:31:43,639 | INFO | 
✓ Report saved to: D:\Work\Torus Coffee Company LLC\10_Skills_Library\05_Operations\logs\orchestrator_report_20260803_193143.json
2026-08-03 19:31:43,639 | INFO | ============================================================
