2026-08-03 23:10:55,001 | INFO | ============================================================
2026-08-03 23:10:55,001 | INFO | STARTING TORUS COFFEE AUTOMATION ORCHESTRATOR
2026-08-03 23:10:55,001 | INFO | ============================================================
2026-08-03 23:10:55,001 | INFO | 
--- Running buffer_automation ---
2026-08-03 23:10:55,650 | INFO | ✓ buffer_automation: success
2026-08-03 23:10:55,650 | INFO | ✓ buffer_automation completed successfully
2026-08-03 23:10:55,650 | INFO | 
--- Running zapier_automation ---
2026-08-03 23:10:55,759 | INFO | ✓ zapier_automation: success
2026-08-03 23:10:55,759 | INFO | ✓ zapier_automation completed successfully
2026-08-03 23:10:55,760 | INFO | 
--- Running hubspot_crm ---
2026-08-03 23:10:56,502 | INFO | ✓ hubspot_crm: success
2026-08-03 23:10:56,502 | INFO | ✓ hubspot_crm completed successfully
2026-08-03 23:10:56,502 | INFO | 
--- Running social_media_automation ---
2026-08-03 23:10:56,572 | INFO | ✓ social_media_automation: success
2026-08-03 23:10:56,572 | INFO | ✓ social_media_automation completed successfully
2026-08-03 23:10:56,572 | INFO | 
--- Running inventory_tracker ---
2026-08-03 23:10:56,665 | INFO | ✓ inventory_tracker: success
2026-08-03 23:10:56,665 | INFO | ✓ inventory_tracker completed successfully
2026-08-03 23:10:56,665 | INFO | 
--- Running daily_ops_automation ---
2026-08-03 23:10:56,820 | INFO | ✓ daily_ops_automation: success
2026-08-03 23:10:56,820 | INFO | ✓ daily_ops_automation completed successfully
2026-08-03 23:10:56,820 | INFO | 
--- Running weekly_review_automation ---
2026-08-03 23:10:56,883 | INFO | ✓ weekly_review_automation: success
2026-08-03 23:10:56,883 | INFO | ✓ weekly_review_automation completed successfully
2026-08-03 23:10:56,883 | INFO | 
--- Running monthly_review_automation ---
2026-08-03 23:10:56,950 | INFO | ✓ monthly_review_automation: success
2026-08-03 23:10:56,950 | INFO | ✓ monthly_review_automation completed successfully
2026-08-03 23:10:56,950 | INFO | 
============================================================
2026-08-03 23:10:56,950 | INFO | AUTOMATION ORCHESTRATOR REPORT
2026-08-03 23:10:56,950 | INFO | ============================================================
2026-08-03 23:10:56,950 | INFO | Total scripts: 8
2026-08-03 23:10:56,950 | INFO | Successful: 8
2026-08-03 23:10:56,950 | INFO | Failed/Warnings: 0
2026-08-03 23:10:56,950 | INFO | Success rate: 100.0%
2026-08-03 23:10:56,950 | INFO | 
Detailed Results:
2026-08-03 23:10:56,950 | INFO |   ✓ buffer_automation: success
2026-08-03 23:10:56,950 | INFO |   ✓ zapier_automation: success
2026-08-03 23:10:56,950 | INFO |       Error: 2026-08-03 23:10:55,749 | INFO | === TORUS COFFEE ZAPIER INTEGRATION ===
2026-08-03 23:10:56,950 | INFO |   ✓ hubspot_crm: success
2026-08-03 23:10:56,950 | INFO |   ✓ social_media_automation: success
2026-08-03 23:10:56,950 | INFO |   ✓ inventory_tracker: success
2026-08-03 23:10:56,950 | INFO |   ✓ daily_ops_automation: success
2026-08-03 23:10:56,950 | INFO |   ✓ weekly_review_automation: success
2026-08-03 23:10:56,950 | INFO |   ✓ monthly_review_automation: success
2026-08-03 23:10:56,951 | INFO | 
✓ Report saved to: D:\Work\Torus Coffee Company LLC\10_Skills_Library\05_Operations\logs\orchestrator_report_20260803_231056.json
2026-08-03 23:10:56,951 | INFO | ============================================================
