2026-08-03 22:47:25,565 | INFO | ============================================================
2026-08-03 22:47:25,565 | INFO | STARTING TORUS COFFEE AUTOMATION ORCHESTRATOR
2026-08-03 22:47:25,565 | INFO | ============================================================
2026-08-03 22:47:25,566 | INFO | 
--- Running buffer_automation ---
2026-08-03 22:47:26,194 | INFO | ✓ buffer_automation: success
2026-08-03 22:47:26,194 | INFO | ✓ buffer_automation completed successfully
2026-08-03 22:47:26,194 | INFO | 
--- Running zapier_automation ---
2026-08-03 22:47:26,304 | INFO | ✓ zapier_automation: success
2026-08-03 22:47:26,304 | INFO | ✓ zapier_automation completed successfully
2026-08-03 22:47:26,305 | INFO | 
--- Running hubspot_crm ---
2026-08-03 22:47:27,024 | INFO | ✓ hubspot_crm: success
2026-08-03 22:47:27,024 | INFO | ✓ hubspot_crm completed successfully
2026-08-03 22:47:27,024 | INFO | 
--- Running social_media_automation ---
2026-08-03 22:47:27,094 | INFO | ✓ social_media_automation: success
2026-08-03 22:47:27,094 | INFO | ✓ social_media_automation completed successfully
2026-08-03 22:47:27,094 | INFO | 
--- Running inventory_tracker ---
2026-08-03 22:47:27,185 | INFO | ✓ inventory_tracker: success
2026-08-03 22:47:27,186 | INFO | ✓ inventory_tracker completed successfully
2026-08-03 22:47:27,186 | INFO | 
--- Running daily_ops_automation ---
2026-08-03 22:47:27,343 | INFO | ✓ daily_ops_automation: success
2026-08-03 22:47:27,343 | INFO | ✓ daily_ops_automation completed successfully
2026-08-03 22:47:27,343 | INFO | 
--- Running weekly_review_automation ---
2026-08-03 22:47:27,409 | INFO | ✓ weekly_review_automation: success
2026-08-03 22:47:27,409 | INFO | ✓ weekly_review_automation completed successfully
2026-08-03 22:47:27,409 | INFO | 
--- Running monthly_review_automation ---
2026-08-03 22:47:27,475 | INFO | ✓ monthly_review_automation: success
2026-08-03 22:47:27,475 | INFO | ✓ monthly_review_automation completed successfully
2026-08-03 22:47:27,475 | INFO | 
============================================================
2026-08-03 22:47:27,475 | INFO | AUTOMATION ORCHESTRATOR REPORT
2026-08-03 22:47:27,475 | INFO | ============================================================
2026-08-03 22:47:27,475 | INFO | Total scripts: 8
2026-08-03 22:47:27,475 | INFO | Successful: 8
2026-08-03 22:47:27,475 | INFO | Failed/Warnings: 0
2026-08-03 22:47:27,475 | INFO | Success rate: 100.0%
2026-08-03 22:47:27,475 | INFO | 
Detailed Results:
2026-08-03 22:47:27,476 | INFO |   ✓ buffer_automation: success
2026-08-03 22:47:27,476 | INFO |   ✓ zapier_automation: success
2026-08-03 22:47:27,476 | INFO |       Error: 2026-08-03 22:47:26,293 | INFO | === TORUS COFFEE ZAPIER INTEGRATION ===
2026-08-03 22:47:27,476 | INFO |   ✓ hubspot_crm: success
2026-08-03 22:47:27,476 | INFO |   ✓ social_media_automation: success
2026-08-03 22:47:27,476 | INFO |   ✓ inventory_tracker: success
2026-08-03 22:47:27,476 | INFO |   ✓ daily_ops_automation: success
2026-08-03 22:47:27,476 | INFO |   ✓ weekly_review_automation: success
2026-08-03 22:47:27,476 | INFO |   ✓ monthly_review_automation: success
2026-08-03 22:47:27,477 | INFO | 
✓ Report saved to: D:\Work\Torus Coffee Company LLC\10_Skills_Library\05_Operations\logs\orchestrator_report_20260803_224727.json
2026-08-03 22:47:27,477 | INFO | ============================================================
