[2026-08-08T22:09:54.475478+00:00] SCHEDULED_TASKS_AUDIT_START
[2026-08-08T22:09:54.498041+00:00]   ⚠ Torus_Nightly_Calendar_Sync: not found
[2026-08-08T22:09:54.525973+00:00]   ✓ Torus_Automated_Verification: ready
[2026-08-08T22:09:54.578265+00:00]   ✅ Torus_Continuous_OODA: was Disabled → ENABLED
[2026-08-08T22:09:54.606611+00:00]   ✓ Torus_Daily_Ops_Check: ready
[2026-08-08T22:09:54.636298+00:00]   ✓ Torus_Inventory_Alert: ready
[2026-08-08T22:09:54.669796+00:00]   ✓ Torus_Inventory_Sync: ready
[2026-08-08T22:09:54.693917+00:00]   ✓ Torus_Miss_Pink_Self_Heal: ready
[2026-08-08T22:09:54.718027+00:00]   ✓ Torus_Order_Manager: ready
[2026-08-08T22:09:54.741965+00:00]   ✓ Torus_Silent_Smart_System_Trigger: ready
[2026-08-08T22:09:54.766633+00:00]   ✓ Torus_Smart_Ticket_Cycle: ready
[2026-08-08T22:09:54.790839+00:00]   ✓ Torus_Social_Media_Calendar: ready
[2026-08-08T22:09:54.815101+00:00]   ✓ Torus_Social_Media_Check: ready
[2026-08-08T22:09:54.838519+00:00]   ✓ Torus_Trello_Sync: ready
[2026-08-08T22:09:54.863509+00:00]   ✓ Torus_Vault_Audit: ready
[2026-08-08T22:09:54.896051+00:00]   ✓ Torus_Vault_Cleanup: ready
[2026-08-08T22:09:54.931502+00:00]   ✓ Torus_Vault_Sync_To_GitHub: ready
[2026-08-08T22:09:54.965125+00:00]   ✓ Torus_Weekly_Obsidian_Note: ready
[2026-08-08T22:09:54.998821+00:00]   ✓ Torus_Weekly_Ops_Review: ready
[2026-08-08T22:09:55.035007+00:00]   ✓ Torus_Monthly_Inventory_Count: ready
[2026-08-08T22:09:55.059219+00:00]   ✓ Torus_Monthly_Obsidian_Note: ready
[2026-08-08T22:09:55.087533+00:00]   ✓ Torus_Monthly_Ops_Review: ready
[2026-08-08T22:09:55.120855+00:00]   ✓ Torus_Asset_Validator: ready
[2026-08-08T22:09:55.148581+00:00]   ✓ PINKCADY_SQUIDSTATION_Backup: ready
[2026-08-08T22:09:55.150083+00:00] AUDIT_COMPLETE summary={'total': 23, 'ready': 21, 'disabled': 1, 'running': 0, 'not_found': 1}
[2026-08-08T22:10:05.812687+00:00] SCHEDULED_TASKS_AUDIT_START
[2026-08-08T22:10:05.837388+00:00]   ⚠ Torus_Nightly_Calendar_Sync: not found
[2026-08-08T22:10:05.879509+00:00]   ✓ Torus_Automated_Verification: ready
[2026-08-08T22:10:05.921968+00:00]   ✓ Torus_Continuous_OODA: ready
[2026-08-08T22:10:05.956876+00:00]   ✓ Torus_Daily_Ops_Check: ready
[2026-08-08T22:10:05.984654+00:00]   ✓ Torus_Inventory_Alert: ready
[2026-08-08T22:10:06.013951+00:00]   ✓ Torus_Inventory_Sync: ready
[2026-08-08T22:10:06.042048+00:00]   ✓ Torus_Miss_Pink_Self_Heal: ready
[2026-08-08T22:10:06.071123+00:00]   ✓ Torus_Order_Manager: ready
[2026-08-08T22:10:06.105811+00:00]   ✓ Torus_Silent_Smart_System_Trigger: ready
[2026-08-08T22:10:06.135723+00:00]   ✓ Torus_Smart_Ticket_Cycle: ready
[2026-08-08T22:10:06.165860+00:00]   ✓ Torus_Social_Media_Calendar: ready
[2026-08-08T22:10:06.192580+00:00]   ✓ Torus_Social_Media_Check: ready
[2026-08-08T22:10:06.220190+00:00]   ✓ Torus_Trello_Sync: ready
[2026-08-08T22:10:06.248614+00:00]   ✓ Torus_Vault_Audit: ready
[2026-08-08T22:10:06.275434+00:00]   ✓ Torus_Vault_Cleanup: ready
[2026-08-08T22:10:06.302344+00:00]   ✓ Torus_Vault_Sync_To_GitHub: ready
[2026-08-08T22:10:06.330271+00:00]   ✓ Torus_Weekly_Obsidian_Note: ready
[2026-08-08T22:10:06.357134+00:00]   ✓ Torus_Weekly_Ops_Review: ready
[2026-08-08T22:10:06.386170+00:00]   ✓ Torus_Monthly_Inventory_Count: ready
[2026-08-08T22:10:06.416873+00:00]   ✓ Torus_Monthly_Obsidian_Note: ready
[2026-08-08T22:10:06.454294+00:00]   ✓ Torus_Monthly_Ops_Review: ready
[2026-08-08T22:10:06.494790+00:00]   ✓ Torus_Asset_Validator: ready
[2026-08-08T22:10:06.532379+00:00]   ✓ PINKCADY_SQUIDSTATION_Backup: ready
[2026-08-08T22:10:06.533393+00:00] AUDIT_COMPLETE summary={'total': 23, 'ready': 22, 'disabled': 0, 'running': 0, 'not_found': 1}
