[2026-08-08T06:14:22.783014+00:00] === DISCOVERY START ===
[2026-08-08T06:14:22.784015+00:00] Fetching board lists...
[2026-08-08T06:14:23.011567+00:00] Found 13 lists on board
[2026-08-08T06:14:23.012090+00:00]   List: 'Top 10 — Focus Fleet' -> id=6a74cbd3aa052ed2b30c5644
[2026-08-08T06:14:23.012090+00:00]   List: 'Torus Coffee Future Ideas' -> id=6a74cbd56a538340582a8897
[2026-08-08T06:14:23.012090+00:00]   List: 'P0 - Alert / Critical / Do Now' -> id=6a74cbd440270147ff04bd5b
[2026-08-08T06:14:23.012090+00:00]   List: 'P1 - High / Doing Now' -> id=6a74cbd5e3d54d2d08be82e7
[2026-08-08T06:14:23.012622+00:00]   List: 'P2 - Med High / This Week' -> id=6a74cbd4148f814483a64589
[2026-08-08T06:14:23.012622+00:00]   List: 'P3 - Medium / Follow Up' -> id=6a70a32923622d3e00107d70
[2026-08-08T06:14:23.013160+00:00]   List: 'P4 - Medium Low / Backlog' -> id=6a74cbd573259cffe8a23cc0
[2026-08-08T06:14:23.013160+00:00]   List: 'P5 - Low / Review' -> id=6a70a3282e405a2460afc170
[2026-08-08T06:14:23.013160+00:00]   List: 'P6 - Very Low / Blocked / Waiting' -> id=6a74cbd67bbe3ef35a634495
[2026-08-08T06:14:23.013160+00:00]   List: 'Sir Azure's Queue' -> id=6a74cbd51b2662f6cdc37cce
[2026-08-08T06:14:23.013668+00:00]   List: 'Sir Green's Queue' -> id=6a74cbd679972be49ea46dae
[2026-08-08T06:14:23.013697+00:00]   List: 'Done' -> id=6a70a32a723c0312a3d5fbb4
[2026-08-08T06:14:23.013697+00:00]   List: 'Miss Pink's Inbox' -> id=6a75869a95f875e18db6c081
[2026-08-08T06:14:23.013697+00:00] P0 list id: 6a74cbd440270147ff04bd5b
[2026-08-08T06:14:23.014239+00:00] Top 10 list id: 6a74cbd3aa052ed2b30c5644
[2026-08-08T06:14:23.014239+00:00] Done list id: 6a70a32a723c0312a3d5fbb4
[2026-08-08T06:14:23.014239+00:00] Sir Azure's Queue id: 6a74cbd51b2662f6cdc37cce
[2026-08-08T06:14:23.014239+00:00] Sir Green's Queue id: 6a74cbd679972be49ea46dae
[2026-08-08T06:14:23.014239+00:00] 
Fetching cards in P0 list (6a74cbd440270147ff04bd5b)...
[2026-08-08T06:14:23.292507+00:00] P0 list has 18 cards
[2026-08-08T06:14:23.293033+00:00]   P0 Card: shortLink=TQkKBVsZ name='Recurring audit: Discord spam + ticket alerts + Sir Green bootstrap'
[2026-08-08T06:14:23.293033+00:00]   P0 Card: shortLink=w0gI4BuK name='P1: Archive Excalidraw/Scripts/Downloaded/ (172 files)'
[2026-08-08T06:14:23.293033+00:00]   P0 Card: shortLink=j78qCBv7 name='torus-inventory deployment blocked'
[2026-08-08T06:14:23.293555+00:00]   P0 Card: shortLink=AxIrRTvk name='📨 DOCKER HUB PUSH RESULTS 5 OF 6 IMAGES PUSHED ALERT ROUTER BLOCKED 20260806T042800Z sirgreen.msg'
[2026-08-08T06:14:23.293555+00:00]   P0 Card: shortLink=XHMIZE7Z name='📨 DOCKER HUB PUSH STATUS SQUIDSTATION IMAGES PUSH BLOCKED BY AUTH 20260806T042700Z sirgreen.msg'
[2026-08-08T06:14:23.293555+00:00]   P0 Card: shortLink=PA0cXfnz name='📨 ALERT ROUTER REPO EXISTS BUT SQUIDSTATION LACKS WRITE PERMISSION 20260806T042900Z sirgreen.msg'
[2026-08-08T06:14:23.293555+00:00]   P0 Card: shortLink=Y4ZukTiV name='📨 ONE ACTION GRANT WRITE ACCESS OR PROVIDE PAT FOR ALERT ROUTER 20260806T043000Z sirgreen.msg'
[2026-08-08T06:14:23.294079+00:00]   P0 Card: shortLink=ZKN2PLUL name='📨 CODING ORDER DOCKER HUB WRITE ACCESS FOR ALERT ROUTER 20260806T051400Z sirgreen.msg'
[2026-08-08T06:14:23.294079+00:00]   P0 Card: shortLink=BhiiSMda name='🚨 [P1] Dashboard image blocked — need Docker Hub auth'
[2026-08-08T06:14:23.294079+00:00]   P0 Card: shortLink=gKd15Upx name='Webhook Event'
[2026-08-08T06:14:23.294079+00:00]   P0 Card: shortLink=CFPorXQp name='Deploy website to free hosting'
[2026-08-08T06:14:23.294079+00:00]   P0 Card: shortLink=LOnD70oW name='[P2] Scan vault for broken wikilinks and duplicate names'
[2026-08-08T06:14:23.294602+00:00]   P0 Card: shortLink=Z1OSEfzz name='🔔 Alert automation: confirm Sir Green/Sir Azure read and act on inbox messages'
[2026-08-08T06:14:23.294602+00:00]   P0 Card: shortLink=x85Cz8vq name='📨 Auto-alert when new PINKCADY inbox messages arrive'
[2026-08-08T06:14:23.294602+00:00]   P0 Card: shortLink=el29Ekda name='🔔 Build inbox-to-Trello/GitHub alert automation'
[2026-08-08T06:14:23.294602+00:00]   P0 Card: shortLink=C62H03IE name='📨 [INBOX] sirazure security tools missing sirazure 20260806'
[2026-08-08T06:14:23.294602+00:00]   P0 Card: shortLink=NqP799aw name='📨 [INBOX] sirazure security deep dive summary sirazure 20260806'
[2026-08-08T06:14:23.295124+00:00]   P0 Card: shortLink=I1xncv58 name='Test Critical System Alert'
[2026-08-08T06:14:23.295124+00:00] 
Fetching cards in Top 10 list (6a74cbd3aa052ed2b30c5644)...
[2026-08-08T06:14:23.565384+00:00] Top 10 list has 10 cards
[2026-08-08T06:14:23.565909+00:00]   Top10 Card: shortLink=kMrvv8Qo name='Set revenue milestone: first dollar from any stream'
[2026-08-08T06:14:23.565909+00:00]   Top10 Card: shortLink=U1Q2lavA name='Set revenue milestone: first paid tool upgrade'
[2026-08-08T06:14:23.565909+00:00]   Top10 Card: shortLink=LfZ5gtCL name='🐳 Sir Azure: ComfyUI/Redis/MinIO/Postgres/Nginx on SQUIDSTATION'
[2026-08-08T06:14:23.566425+00:00]   Top10 Card: shortLink=DBt9Lo9F name='📨 [INBOX] miss gordon docker blockers sirgreen 20260806'
[2026-08-08T06:14:23.566425+00:00]   Top10 Card: shortLink=wBjiNiQX name='📨 [INBOX] trello api 401 invalid key blocker sirazure 20260806'
[2026-08-08T06:14:23.566425+00:00]   Top10 Card: shortLink=eki12c7i name='📨 [INBOX] trello api 401 invalid key blocker sirgreen 20260806'
[2026-08-08T06:14:23.566425+00:00]   Top10 Card: shortLink=da6AVCGc name='📨 [INBOX] sirgreen docker deep dive urgent sirgreen 20260806'
[2026-08-08T06:14:23.566967+00:00]   Top10 Card: shortLink=QOsSORTv name='📨 [INBOX] sirazure re docker urgent findings sirazure 20260806'
[2026-08-08T06:14:23.566967+00:00]   Top10 Card: shortLink=codVorST name='Sir Azure: discover SQUIDSTATION and PINKCADY network shares from STEALTHATTACK'
[2026-08-08T06:14:23.566967+00:00]   Top10 Card: shortLink=pRdpRKKE name='📨 [INBOX] sirazure squidstation deploy reply sirazure 20260806'
[2026-08-08T06:14:24.061351+00:00] 
Card TQkKBVsZ 'Recurring audit: Discord spam + ticket alerts + Sir Green bootstrap':
[2026-08-08T06:14:24.061351+00:00]   desc length: 378
[2026-08-08T06:14:24.062352+00:00]   dateLastActivity: 2026-08-08T06:01:29.433Z
[2026-08-08T06:14:24.062352+00:00]   labels: ['', 'P0']
[2026-08-08T06:14:24.062352+00:00]   members: []
[2026-08-08T06:14:24.062352+00:00]   comments: 4
[2026-08-08T06:14:24.538340+00:00] 
Card w0gI4BuK 'P1: Archive Excalidraw/Scripts/Downloaded/ (172 files)':
[2026-08-08T06:14:24.538340+00:00]   desc length: 361
[2026-08-08T06:14:24.538340+00:00]   dateLastActivity: 2026-08-08T05:47:07.783Z
[2026-08-08T06:14:24.538340+00:00]   labels: ['', 'P0']
[2026-08-08T06:14:24.539338+00:00]   members: []
[2026-08-08T06:14:24.539338+00:00]   comments: 2
[2026-08-08T06:14:25.089920+00:00] 
Card j78qCBv7 'torus-inventory deployment blocked':
[2026-08-08T06:14:25.090920+00:00]   desc length: 680
[2026-08-08T06:14:25.090920+00:00]   dateLastActivity: 2026-08-08T05:58:13.902Z
[2026-08-08T06:14:25.090920+00:00]   labels: ['P0', '']
[2026-08-08T06:14:25.090920+00:00]   members: []
[2026-08-08T06:14:25.090920+00:00]   comments: 14
[2026-08-08T06:14:25.644512+00:00] 
Card AxIrRTvk '📨 DOCKER HUB PUSH RESULTS 5 OF 6 IMAGES PUSHED ALERT ROUTER BLOCKED 20260806T042800Z sirgreen.msg':
[2026-08-08T06:14:25.645510+00:00]   desc length: 789
[2026-08-08T06:14:25.645510+00:00]   dateLastActivity: 2026-08-08T05:58:14.416Z
[2026-08-08T06:14:25.645510+00:00]   labels: ['P0', '']
[2026-08-08T06:14:25.645510+00:00]   members: []
[2026-08-08T06:14:25.645510+00:00]   comments: 12
[2026-08-08T06:14:26.227950+00:00] 
Card XHMIZE7Z '📨 DOCKER HUB PUSH STATUS SQUIDSTATION IMAGES PUSH BLOCKED BY AUTH 20260806T042700Z sirgreen.msg':
[2026-08-08T06:14:26.228468+00:00]   desc length: 787
[2026-08-08T06:14:26.228468+00:00]   dateLastActivity: 2026-08-08T05:58:14.991Z
[2026-08-08T06:14:26.228468+00:00]   labels: ['P0', '']
[2026-08-08T06:14:26.228468+00:00]   members: []
[2026-08-08T06:14:26.228982+00:00]   comments: 12
[2026-08-08T06:14:26.919531+00:00] 
Card PA0cXfnz '📨 ALERT ROUTER REPO EXISTS BUT SQUIDSTATION LACKS WRITE PERMISSION 20260806T042900Z sirgreen.msg':
[2026-08-08T06:14:26.920306+00:00]   desc length: 788
[2026-08-08T06:14:26.920306+00:00]   dateLastActivity: 2026-08-08T05:58:15.436Z
[2026-08-08T06:14:26.920306+00:00]   labels: ['P0', '']
[2026-08-08T06:14:26.920829+00:00]   members: []
[2026-08-08T06:14:26.920829+00:00]   comments: 12
[2026-08-08T06:14:27.463098+00:00] 
Card Y4ZukTiV '📨 ONE ACTION GRANT WRITE ACCESS OR PROVIDE PAT FOR ALERT ROUTER 20260806T043000Z sirgreen.msg':
[2026-08-08T06:14:27.464100+00:00]   desc length: 785
[2026-08-08T06:14:27.464100+00:00]   dateLastActivity: 2026-08-08T05:58:15.860Z
[2026-08-08T06:14:27.464100+00:00]   labels: ['P0', '']
[2026-08-08T06:14:27.464100+00:00]   members: []
[2026-08-08T06:14:27.464100+00:00]   comments: 12
[2026-08-08T06:14:27.960280+00:00] 
Card ZKN2PLUL '📨 CODING ORDER DOCKER HUB WRITE ACCESS FOR ALERT ROUTER 20260806T051400Z sirgreen.msg':
[2026-08-08T06:14:27.961280+00:00]   desc length: 777
[2026-08-08T06:14:27.961280+00:00]   dateLastActivity: 2026-08-08T05:58:16.324Z
[2026-08-08T06:14:27.961280+00:00]   labels: ['P0', '']
[2026-08-08T06:14:27.961280+00:00]   members: []
[2026-08-08T06:14:27.961280+00:00]   comments: 12
[2026-08-08T06:14:28.484530+00:00] 
Card BhiiSMda '🚨 [P1] Dashboard image blocked — need Docker Hub auth':
[2026-08-08T06:14:28.484530+00:00]   desc length: 712
[2026-08-08T06:14:28.484530+00:00]   dateLastActivity: 2026-08-08T05:58:16.769Z
[2026-08-08T06:14:28.484530+00:00]   labels: ['P0', '']
[2026-08-08T06:14:28.485529+00:00]   members: []
[2026-08-08T06:14:28.485529+00:00]   comments: 12
[2026-08-08T06:14:29.211433+00:00] 
Card gKd15Upx 'Webhook Event':
[2026-08-08T06:14:29.211433+00:00]   desc length: 329
[2026-08-08T06:14:29.211433+00:00]   dateLastActivity: 2026-08-08T05:59:35.944Z
[2026-08-08T06:14:29.211958+00:00]   labels: ['P0', "Sir Azure's Queue", "Sir Green's Queue"]
[2026-08-08T06:14:29.211958+00:00]   members: []
[2026-08-08T06:14:29.211958+00:00]   comments: 50
[2026-08-08T06:14:30.048600+00:00] 
Card CFPorXQp 'Deploy website to free hosting':
[2026-08-08T06:14:30.048600+00:00]   desc length: 420
[2026-08-08T06:14:30.048600+00:00]   dateLastActivity: 2026-08-08T06:00:13.271Z
[2026-08-08T06:14:30.049129+00:00]   labels: ["Sir Azure's Queue", "Sir Green's Queue", 'P0', '']
[2026-08-08T06:14:30.049129+00:00]   members: []
[2026-08-08T06:14:30.049129+00:00]   comments: 50
[2026-08-08T06:14:30.669480+00:00] 
Card LOnD70oW '[P2] Scan vault for broken wikilinks and duplicate names':
[2026-08-08T06:14:30.670012+00:00]   desc length: 365
[2026-08-08T06:14:30.670012+00:00]   dateLastActivity: 2026-08-08T06:02:09.861Z
[2026-08-08T06:14:30.670012+00:00]   labels: ['P0', '']
[2026-08-08T06:14:30.670545+00:00]   members: []
[2026-08-08T06:14:30.670545+00:00]   comments: 9
[2026-08-08T06:14:31.159449+00:00] 
Card Z1OSEfzz '🔔 Alert automation: confirm Sir Green/Sir Azure read and act on inbox messages':
[2026-08-08T06:14:31.159449+00:00]   desc length: 660
[2026-08-08T06:14:31.159449+00:00]   dateLastActivity: 2026-08-08T05:49:11.038Z
[2026-08-08T06:14:31.159449+00:00]   labels: ['sir-azure', '', 'P0']
[2026-08-08T06:14:31.159449+00:00]   members: []
[2026-08-08T06:14:31.160449+00:00]   comments: 8
[2026-08-08T06:14:31.727292+00:00] 
Card x85Cz8vq '📨 Auto-alert when new PINKCADY inbox messages arrive':
[2026-08-08T06:14:31.727292+00:00]   desc length: 609
[2026-08-08T06:14:31.727826+00:00]   dateLastActivity: 2026-08-08T05:49:11.392Z
[2026-08-08T06:14:31.727826+00:00]   labels: ['', 'P0']
[2026-08-08T06:14:31.727826+00:00]   members: []
[2026-08-08T06:14:31.728374+00:00]   comments: 10
[2026-08-08T06:14:32.479662+00:00] 
Card el29Ekda '🔔 Build inbox-to-Trello/GitHub alert automation':
[2026-08-08T06:14:32.480616+00:00]   desc length: 599
[2026-08-08T06:14:32.480616+00:00]   dateLastActivity: 2026-08-08T05:54:10.227Z
[2026-08-08T06:14:32.480616+00:00]   labels: ['P0', '']
[2026-08-08T06:14:32.480616+00:00]   members: []
[2026-08-08T06:14:32.480616+00:00]   comments: 10
[2026-08-08T06:14:32.978369+00:00] 
Card C62H03IE '📨 [INBOX] sirazure security tools missing sirazure 20260806':
[2026-08-08T06:14:32.978919+00:00]   desc length: 621
[2026-08-08T06:14:32.979448+00:00]   dateLastActivity: 2026-08-08T05:49:12.108Z
[2026-08-08T06:14:32.979448+00:00]   labels: ['sir-azure', '', 'P0']
[2026-08-08T06:14:32.979448+00:00]   members: []
[2026-08-08T06:14:32.980030+00:00]   comments: 8
[2026-08-08T06:14:33.756979+00:00] 
Card NqP799aw '📨 [INBOX] sirazure security deep dive summary sirazure 20260806':
[2026-08-08T06:14:33.756979+00:00]   desc length: 629
[2026-08-08T06:14:33.756979+00:00]   dateLastActivity: 2026-08-08T05:49:12.521Z
[2026-08-08T06:14:33.756979+00:00]   labels: ['sir-azure', 'miss-gordon', 'P0', '']
[2026-08-08T06:14:33.756979+00:00]   members: []
[2026-08-08T06:14:33.756979+00:00]   comments: 9
[2026-08-08T06:14:34.255426+00:00] 
Card I1xncv58 'Test Critical System Alert':
[2026-08-08T06:14:34.255965+00:00]   desc length: 332
[2026-08-08T06:14:34.255965+00:00]   dateLastActivity: 2026-08-08T05:49:12.901Z
[2026-08-08T06:14:34.255965+00:00]   labels: ['', 'P0']
[2026-08-08T06:14:34.255965+00:00]   members: []
[2026-08-08T06:14:34.256500+00:00]   comments: 10
[2026-08-08T06:14:35.080469+00:00] 
Card kMrvv8Qo 'Set revenue milestone: first dollar from any stream':
[2026-08-08T06:14:35.080469+00:00]   desc length: 578
[2026-08-08T06:14:35.081473+00:00]   dateLastActivity: 2026-08-08T05:59:10.719Z
[2026-08-08T06:14:35.081473+00:00]   labels: ['Top 10', '']
[2026-08-08T06:14:35.081473+00:00]   members: []
[2026-08-08T06:14:35.081473+00:00]   comments: 50
[2026-08-08T06:14:35.805293+00:00] 
Card U1Q2lavA 'Set revenue milestone: first paid tool upgrade':
[2026-08-08T06:14:35.805819+00:00]   desc length: 485
[2026-08-08T06:14:35.805819+00:00]   dateLastActivity: 2026-08-08T06:01:07.343Z
[2026-08-08T06:14:35.805819+00:00]   labels: ['Top 10', '']
[2026-08-08T06:14:35.805819+00:00]   members: []
[2026-08-08T06:14:35.806343+00:00]   comments: 50
[2026-08-08T06:14:36.572920+00:00] 
Card LfZ5gtCL '🐳 Sir Azure: ComfyUI/Redis/MinIO/Postgres/Nginx on SQUIDSTATION':
[2026-08-08T06:14:36.572920+00:00]   desc length: 701
[2026-08-08T06:14:36.572920+00:00]   dateLastActivity: 2026-08-08T06:05:19.262Z
[2026-08-08T06:14:36.572920+00:00]   labels: ['sir-azure', 'P1', 'Top 10', '']
[2026-08-08T06:14:36.573921+00:00]   members: []
[2026-08-08T06:14:36.573921+00:00]   comments: 38
[2026-08-08T06:14:37.282737+00:00] 
Card DBt9Lo9F '📨 [INBOX] miss gordon docker blockers sirgreen 20260806':
[2026-08-08T06:14:37.283070+00:00]   desc length: 689
[2026-08-08T06:14:37.283592+00:00]   dateLastActivity: 2026-08-08T05:53:08.245Z
[2026-08-08T06:14:37.284292+00:00]   labels: ['miss-gordon', 'Top 10', '']
[2026-08-08T06:14:37.284292+00:00]   members: []
[2026-08-08T06:14:37.284292+00:00]   comments: 20
[2026-08-08T06:14:37.959846+00:00] 
Card wBjiNiQX '📨 [INBOX] trello api 401 invalid key blocker sirazure 20260806':
[2026-08-08T06:14:37.960372+00:00]   desc length: 703
[2026-08-08T06:14:37.960372+00:00]   dateLastActivity: 2026-08-08T05:49:09.222Z
[2026-08-08T06:14:37.960887+00:00]   labels: ['sir-azure', 'Top 10', '']
[2026-08-08T06:14:37.960887+00:00]   members: []
[2026-08-08T06:14:37.960887+00:00]   comments: 21
[2026-08-08T06:14:38.574124+00:00] 
Card eki12c7i '📨 [INBOX] trello api 401 invalid key blocker sirgreen 20260806':
[2026-08-08T06:14:38.574124+00:00]   desc length: 703
[2026-08-08T06:14:38.574124+00:00]   dateLastActivity: 2026-08-08T05:49:09.742Z
[2026-08-08T06:14:38.574124+00:00]   labels: ['Top 10', '']
[2026-08-08T06:14:38.574124+00:00]   members: []
[2026-08-08T06:14:38.575123+00:00]   comments: 22
[2026-08-08T06:14:39.125961+00:00] 
Card da6AVCGc '📨 [INBOX] sirgreen docker deep dive urgent sirgreen 20260806':
[2026-08-08T06:14:39.125961+00:00]   desc length: 699
[2026-08-08T06:14:39.125961+00:00]   dateLastActivity: 2026-08-08T05:49:10.008Z
[2026-08-08T06:14:39.125961+00:00]   labels: ['miss-gordon', 'Top 10', '']
[2026-08-08T06:14:39.126962+00:00]   members: []
[2026-08-08T06:14:39.126962+00:00]   comments: 19
[2026-08-08T06:14:39.675962+00:00] 
Card QOsSORTv '📨 [INBOX] sirazure re docker urgent findings sirazure 20260806':
[2026-08-08T06:14:39.675962+00:00]   desc length: 703
[2026-08-08T06:14:39.675962+00:00]   dateLastActivity: 2026-08-08T05:49:10.261Z
[2026-08-08T06:14:39.675962+00:00]   labels: ['sir-azure', 'Top 10', '']
[2026-08-08T06:14:39.676966+00:00]   members: []
[2026-08-08T06:14:39.676966+00:00]   comments: 21
[2026-08-08T06:14:40.218163+00:00] 
Card codVorST 'Sir Azure: discover SQUIDSTATION and PINKCADY network shares from STEALTHATTACK':
[2026-08-08T06:14:40.219164+00:00]   desc length: 497
[2026-08-08T06:14:40.219164+00:00]   dateLastActivity: 2026-08-08T06:10:04.416Z
[2026-08-08T06:14:40.219164+00:00]   labels: ['sir-azure', 'P1', '', 'Top 10']
[2026-08-08T06:14:40.219164+00:00]   members: []
[2026-08-08T06:14:40.220163+00:00]   comments: 8
[2026-08-08T06:14:40.807531+00:00] 
Card pRdpRKKE '📨 [INBOX] sirazure squidstation deploy reply sirazure 20260806':
[2026-08-08T06:14:40.808534+00:00]   desc length: 485
[2026-08-08T06:14:40.808534+00:00]   dateLastActivity: 2026-08-08T05:58:08.436Z
[2026-08-08T06:14:40.809533+00:00]   labels: ['sir-azure', 'Top 10', '']
[2026-08-08T06:14:40.809533+00:00]   members: []
[2026-08-08T06:14:40.809533+00:00]   comments: 9
[2026-08-08T06:14:40.817532+00:00] 
Discovery data saved to D:\Work\Torus Coffee Company LLC\10_Skills_Library\05_Operations\logs\subagent_blocker_discovery.json
[2026-08-08T06:14:40.818536+00:00] Total cards discovered: P0=18, Top10=10
[2026-08-08T06:14:40.818536+00:00] === DISCOVERY END ===
