[2026-08-08T05:58:08.469797+00:00] TORUS_OPS_DEEP_AUDIT_START interval=90m
[2026-08-08T05:58:08.470805+00:00] 
============================================================
[2026-08-08T05:58:08.471377+00:00] AUDIT PASS #1
[2026-08-08T05:58:08.471377+00:00] === Starting Torus Ops deep audit pass ===
[2026-08-08T05:58:09.674155+00:00] Live open cards: 354, total: 354
[2026-08-08T05:58:09.674155+00:00] Dedupe: archived 0 duplicate cards
[2026-08-08T06:00:04.384941+00:00] Rebalance: moved 90, relabeled 140
[2026-08-08T06:00:04.384941+00:00] Stale P5/P6 archived: 0
[2026-08-08T06:00:06.599985+00:00] Index refreshed: 353 cards
[2026-08-08T06:00:06.600986+00:00] PASS #1 COMPLETE: 230 changes, 354 open cards
[2026-08-08T06:00:06.601985+00:00]   Summary: {"archived": 0, "moved": 90, "relabeled": 140, "duplicates_archived": 0, "top10_enforced": 0, "stale_archived": 0}
[2026-08-08T06:00:06.601985+00:00] --once flag set, exiting after single pass
[2026-08-08T06:00:06.601985+00:00] TORUS_OPS_DEEP_AUDIT_DONE
[2026-08-08T06:00:11.459137+00:00] TORUS_OPS_DEEP_AUDIT_START interval=90m
[2026-08-08T06:00:11.459137+00:00] 
============================================================
[2026-08-08T06:00:11.459137+00:00] AUDIT PASS #1
[2026-08-08T06:00:11.459137+00:00] === Starting Torus Ops deep audit pass ===
[2026-08-08T06:00:13.905070+00:00] Live open cards: 354, total: 354
[2026-08-08T06:00:13.906069+00:00] Dedupe: archived 0 duplicate cards
[2026-08-08T06:01:27.981409+00:00] Rebalance: moved 103, relabeled 1
[2026-08-08T06:01:27.981942+00:00] Stale P5/P6 archived: 0
[2026-08-08T06:01:30.008340+00:00] Index refreshed: 354 cards
[2026-08-08T06:01:30.009342+00:00] PASS #1 COMPLETE: 104 changes, 354 open cards
[2026-08-08T06:01:30.009342+00:00]   Summary: {"archived": 0, "moved": 103, "relabeled": 1, "duplicates_archived": 0, "top10_enforced": 0, "stale_archived": 0}
[2026-08-08T06:01:30.009342+00:00] Sleeping 90 minutes until next pass...
[2026-08-08T06:47:00Z] === OODA VERIFICATION PASS ===
[2026-08-08T06:47:00Z] Board: 354 open cards, 0 duplicates, 0 stale P5/P6, Top 10=10/10 cap
[2026-08-08T06:47:00Z] Verified 13/13 hard blocker cards live on board (8 P0 + 5 Top 10)
[2026-08-08T06:47:00Z] 0 crew replies received since comment posting at 06:37-06:42 UTC
[2026-08-08T06:47:00Z] BOARD OODA-STABLE ✅ — waiting for Sir Green/Sir Azure confirmation on 13 tagged cards
[2026-08-08T07:31:30.010482+00:00] 
============================================================
[2026-08-08T07:31:30.012048+00:00] AUDIT PASS #2
[2026-08-08T07:31:30.013049+00:00] === Starting Torus Ops deep audit pass ===
[2026-08-08T07:31:31.075190+00:00] Live open cards: 354, total: 354
[2026-08-08T07:31:31.075190+00:00] Dedupe: archived 0 duplicate cards
[2026-08-08T07:31:33.813101+00:00] Rebalance: moved 2, relabeled 2
[2026-08-08T07:31:33.813621+00:00] Stale P5/P6 archived: 0
[2026-08-08T07:31:35.276547+00:00] Index refreshed: 354 cards
[2026-08-08T07:31:35.277549+00:00] PASS #2 COMPLETE: 4 changes, 354 open cards
[2026-08-08T07:31:35.278606+00:00]   Summary: {"archived": 0, "moved": 2, "relabeled": 2, "duplicates_archived": 0, "top10_enforced": 0, "stale_archived": 0}
[2026-08-08T07:31:35.278606+00:00] Sleeping 90 minutes until next pass...
[2026-08-08T09:01:35.279543+00:00] 
============================================================
[2026-08-08T09:01:35.279543+00:00] AUDIT PASS #3
[2026-08-08T09:01:35.279543+00:00] === Starting Torus Ops deep audit pass ===
[2026-08-08T09:01:38.191874+00:00] Live open cards: 354, total: 354
[2026-08-08T09:01:38.192872+00:00] Dedupe: archived 0 duplicate cards
[2026-08-08T09:01:41.887957+00:00] Rebalance: moved 2, relabeled 2
[2026-08-08T09:01:41.887957+00:00] Stale P5/P6 archived: 0
[2026-08-08T09:01:43.581926+00:00] Index refreshed: 354 cards
[2026-08-08T09:01:43.583003+00:00] PASS #3 COMPLETE: 4 changes, 354 open cards
[2026-08-08T09:01:43.583003+00:00]   Summary: {"archived": 0, "moved": 2, "relabeled": 2, "duplicates_archived": 0, "top10_enforced": 0, "stale_archived": 0}
[2026-08-08T09:01:43.583541+00:00] Sleeping 90 minutes until next pass...
[2026-08-08T10:30:29.155127+00:00] TORUS_OPS_DEEP_AUDIT_START interval=60m
[2026-08-08T10:30:29.155653+00:00] 
============================================================
[2026-08-08T10:30:29.155653+00:00] AUDIT PASS #1
[2026-08-08T10:30:29.155653+00:00] === Starting Torus Ops deep audit pass ===
[2026-08-08T10:30:30.104951+00:00] Live open cards: 354, total: 354
[2026-08-08T10:30:30.105952+00:00] Dedupe: archived 0 duplicate cards
[2026-08-08T10:31:26.631502+00:00] Rebalance: moved 2, relabeled 106
[2026-08-08T10:31:26.632023+00:00] Stale P5/P6 archived: 0
[2026-08-08T10:31:28.016746+00:00] Index refreshed: 354 cards
[2026-08-08T10:31:28.016746+00:00] PASS #1 COMPLETE: 108 changes, 354 open cards
[2026-08-08T10:31:28.017745+00:00]   Summary: {"archived": 0, "moved": 2, "relabeled": 106, "duplicates_archived": 0, "top10_enforced": 0, "stale_archived": 0}
[2026-08-08T10:31:28.017745+00:00] --once flag set, exiting after single pass
[2026-08-08T10:31:28.017745+00:00] TORUS_OPS_DEEP_AUDIT_DONE
[2026-08-08T10:31:33.328462+00:00] TORUS_OPS_DEEP_AUDIT_START interval=60m
[2026-08-08T10:31:33.328995+00:00] 
============================================================
[2026-08-08T10:31:33.328995+00:00] AUDIT PASS #1
[2026-08-08T10:31:33.328995+00:00] === Starting Torus Ops deep audit pass ===
[2026-08-08T10:31:34.237503+00:00] Live open cards: 354, total: 354
[2026-08-08T10:31:34.238502+00:00] Dedupe: archived 0 duplicate cards
[2026-08-08T10:31:34.946429+00:00] Rebalance: moved 0, relabeled 0
[2026-08-08T10:31:34.946429+00:00] Stale P5/P6 archived: 0
[2026-08-08T10:31:36.865044+00:00] Index refreshed: 354 cards
[2026-08-08T10:31:36.865703+00:00] PASS #1 COMPLETE: 0 changes, 354 open cards
[2026-08-08T10:31:36.866236+00:00]   Summary: {"archived": 0, "moved": 0, "relabeled": 0, "duplicates_archived": 0, "top10_enforced": 0, "stale_archived": 0}
[2026-08-08T10:31:36.866236+00:00] NO_CHANGES_MADE — board is in stable state. Audit complete.
[2026-08-08T10:31:36.866236+00:00] TORUS_OPS_DEEP_AUDIT_DONE
[2026-08-08T10:31:43.583938+00:00] 
============================================================
[2026-08-08T10:31:43.583938+00:00] AUDIT PASS #4
[2026-08-08T10:31:43.583938+00:00] === Starting Torus Ops deep audit pass ===
[2026-08-08T10:31:44.561147+00:00] Live open cards: 354, total: 354
[2026-08-08T10:31:44.562147+00:00] Dedupe: archived 0 duplicate cards
[2026-08-08T10:31:45.247066+00:00] Rebalance: moved 0, relabeled 0
[2026-08-08T10:31:45.248064+00:00] Stale P5/P6 archived: 0
[2026-08-08T10:31:46.585284+00:00] Index refreshed: 354 cards
[2026-08-08T10:31:46.586287+00:00] PASS #4 COMPLETE: 0 changes, 354 open cards
[2026-08-08T10:31:46.587288+00:00]   Summary: {"archived": 0, "moved": 0, "relabeled": 0, "duplicates_archived": 0, "top10_enforced": 0, "stale_archived": 0}
[2026-08-08T10:31:46.587288+00:00] NO_CHANGES_MADE — board is in stable state. Audit complete.
[2026-08-08T10:31:46.587288+00:00] TORUS_OPS_DEEP_AUDIT_DONE
[2026-08-08T10:32:45.914975+00:00] TORUS_OPS_DEEP_AUDIT_START interval=90m
[2026-08-08T10:32:45.914975+00:00] 
============================================================
[2026-08-08T10:32:45.914975+00:00] AUDIT PASS #1
[2026-08-08T10:32:45.914975+00:00] === Starting Torus Ops deep audit pass ===
[2026-08-08T10:32:46.852937+00:00] Live open cards: 354, total: 354
[2026-08-08T10:32:46.853945+00:00] Dedupe: archived 0 duplicate cards
[2026-08-08T10:32:47.625934+00:00] Rebalance: moved 0, relabeled 0
[2026-08-08T10:32:47.626933+00:00] Stale P5/P6 archived: 0
[2026-08-08T10:32:49.201088+00:00] Index refreshed: 354 cards
[2026-08-08T10:32:49.202173+00:00] PASS #1 COMPLETE: 0 changes, 354 open cards
[2026-08-08T10:32:49.202173+00:00]   Summary: {"archived": 0, "moved": 0, "relabeled": 0, "duplicates_archived": 0, "top10_enforced": 0, "stale_archived": 0}
[2026-08-08T10:32:49.202173+00:00] NO_CHANGES_MADE — board is in stable state. Audit complete.
[2026-08-08T10:32:49.202173+00:00] TORUS_OPS_DEEP_AUDIT_DONE
[2026-08-08T10:32:49.202173+00:00] === CONTINUOUS LOOP AUTO-STOP ===
[2026-08-08T10:32:49.202173+00:00] P4 label ID fix applied: 'P4': '6a74f1246d3c910c8d7c8ef3' (was incorrectly sharing P3 ID)
[2026-08-08T10:32:49.202173+00:00] Pass with fix: 108 changes (2 moved + 106 relabeled)
[2026-08-08T10:32:49.202173+00:00] Subsequent pass: 0 changes -> OODA-STABLE
[2026-08-08T10:32:49.202173+00:00] Continuous loop STOPPED (zero-change convergence reached)
[2026-08-08T10:32:49.202173+00:00] 13/13 hard blocker comments posted, 0 crew replies received
[2026-08-08T10:32:49.202173+00:00] 24h escalation policy active — demote/arhive at 06:42 UTC Aug 9 if no reply
[2026-08-08T10:33:00Z] === POST-MORTEM: Full pass history ===
[2026-08-08T10:33:00Z] Pass 1: 104 changes (103 moved + 1 relabeled) — initial rebalance
[2026-08-08T10:33:00Z] Pass 2: 4 changes (2 moved + 2 relabeled) — oscillation due to P3/P4 label ID bug
[2026-08-08T10:33:00Z] Pass 3: 4 changes (2 moved + 2 relabeled) — same oscillation
[2026-08-08T10:33:00Z] P4 label ID fix applied to torus_ops_deep_audit.py line 64
[2026-08-08T10:33:00Z] Pass 4: 0 changes — CONVERGED, loop auto-stopped
[2026-08-08T10:41:00Z] === CREW REPLY PROCESSING ===
[2026-08-08T10:41:00Z] Crew replies detected: 5 cards marked resolved by Sir Azure automation
[2026-08-08T10:41:00Z] Moved to Done: torus-inventory(6a762813), docker-push-SQUID(6a762818), alert-router-write(6a762819), squidstation-deploy(6a758923), security-tools(6a75891a)
[2026-08-08T10:41:00Z] Escalation #2 posted on 9 remaining blocker cards (8h follow-up)
[2026-08-08T10:41:00Z] Crew reply watcher cron: 30min polling active, 24h escalation ready
[2026-08-08T10:41:00Z] Remaining: 9 blocker cards awaiting crew confirmation, 24h deadline Aug 9 06:42 UTC
[2026-08-08T10:42:00Z] === FINAL OODA CONVERGENCE CONFIRMED ===
[2026-08-08T10:42:00Z] Restarted loop (PID 24408) pass #1: 0 changes -> auto-stopped
[2026-08-08T10:42:00Z] Both loops (original PID 624 + restarted PID 24408) independently confirmed convergence
[2026-08-08T10:42:00Z] BOARD OODA-COMPLETE — stable, zero-change, awaiting crew replies
[2026-08-08T11:03:13.442854+00:00] TORUS_OPS_DEEP_AUDIT_START interval=60m
[2026-08-08T11:03:13.442854+00:00] 
============================================================
[2026-08-08T11:03:13.442854+00:00] AUDIT PASS #1
[2026-08-08T11:03:13.443361+00:00] === Starting Torus Ops deep audit pass ===
[2026-08-08T11:03:14.596417+00:00] Live open cards: 354, total: 354
[2026-08-08T11:03:14.596938+00:00] Dedupe: archived 0 duplicate cards
[2026-08-08T11:03:22.183245+00:00] Rebalance: moved 9, relabeled 3
[2026-08-08T11:03:22.183760+00:00] Stale P5/P6 archived: 0
[2026-08-08T11:03:23.486996+00:00] Index refreshed: 354 cards
[2026-08-08T11:03:23.488050+00:00] PASS #1 COMPLETE: 12 changes, 354 open cards
[2026-08-08T11:03:23.488050+00:00]   Summary: {"archived": 0, "moved": 9, "relabeled": 3, "duplicates_archived": 0, "top10_enforced": 0, "stale_archived": 0}
[2026-08-08T11:03:23.488050+00:00] --once flag set, exiting after single pass
[2026-08-08T11:03:23.488050+00:00] TORUS_OPS_DEEP_AUDIT_DONE
[2026-08-08T11:03:29.679942+00:00] TORUS_OPS_DEEP_AUDIT_START interval=60m
[2026-08-08T11:03:29.680942+00:00] 
============================================================
[2026-08-08T11:03:29.680942+00:00] AUDIT PASS #1
[2026-08-08T11:03:29.680942+00:00] === Starting Torus Ops deep audit pass ===
[2026-08-08T11:03:30.884996+00:00] Live open cards: 354, total: 354
[2026-08-08T11:03:30.885994+00:00] Dedupe: archived 0 duplicate cards
[2026-08-08T11:03:35.913449+00:00] Rebalance: moved 0, relabeled 0
[2026-08-08T11:03:35.913449+00:00] Stale P5/P6 archived: 0
[2026-08-08T11:03:37.351501+00:00] Index refreshed: 354 cards
[2026-08-08T11:03:37.352557+00:00] PASS #1 COMPLETE: 0 changes, 354 open cards
[2026-08-08T11:03:37.352557+00:00]   Summary: {"archived": 0, "moved": 0, "relabeled": 0, "duplicates_archived": 0, "top10_enforced": 0, "stale_archived": 0}
[2026-08-08T11:03:37.352557+00:00] NO_CHANGES_MADE — board is in stable state. Audit complete.
[2026-08-08T11:03:37.352557+00:00] TORUS_OPS_DEEP_AUDIT_DONE
[2026-08-08T11:04:00Z] === CREW REPLY SPIKE — 4 more resolved ===
[2026-08-08T11:04:00Z] Sir Azure/Sir Green resolved: sirazure re docker(6a758921), trello 401 sirazure(6a758918), trello 401 sirgreen(6a758919), sirgreen docker deep dive(6a75891f)
[2026-08-08T11:04:00Z] All 4 moved to Done + automation-completed label
[2026-08-08T11:04:00Z] Audit re-converged: pass #1 (12 changes from Done moves) -> pass #2 (0 changes = OODA-STABLE)
[2026-08-08T11:04:00Z] Remaining blockers: 5 (4 Sir Azure, 1 Sir Green)
[2026-08-08T11:06:18.372573+00:00] TORUS_OPS_DEEP_AUDIT_START interval=60m
[2026-08-08T11:06:18.372573+00:00] 
============================================================
[2026-08-08T11:06:18.373098+00:00] AUDIT PASS #1
[2026-08-08T11:06:18.373098+00:00] === Starting Torus Ops deep audit pass ===
[2026-08-08T11:06:20.604891+00:00] Live open cards: 354, total: 354
[2026-08-08T11:06:20.605431+00:00] Dedupe: archived 0 duplicate cards
[2026-08-08T11:06:24.898528+00:00] Rebalance: moved 6, relabeled 1
[2026-08-08T11:06:24.898528+00:00] Stale P5/P6 archived: 0
[2026-08-08T11:06:26.219408+00:00] Index refreshed: 354 cards
[2026-08-08T11:06:26.220468+00:00] PASS #1 COMPLETE: 7 changes, 354 open cards
[2026-08-08T11:06:26.220468+00:00]   Summary: {"archived": 0, "moved": 6, "relabeled": 1, "duplicates_archived": 0, "top10_enforced": 0, "stale_archived": 0}
[2026-08-08T11:06:26.220468+00:00] --once flag set, exiting after single pass
[2026-08-08T11:06:26.221007+00:00] TORUS_OPS_DEEP_AUDIT_DONE
[2026-08-08T11:08:39.928886+00:00] TORUS_OPS_DEEP_AUDIT_START interval=60m
[2026-08-08T11:08:39.928886+00:00] 
============================================================
[2026-08-08T11:08:39.928886+00:00] AUDIT PASS #1
[2026-08-08T11:08:39.928886+00:00] === Starting Torus Ops deep audit pass ===
[2026-08-08T11:08:41.048525+00:00] Live open cards: 354, total: 354
[2026-08-08T11:08:41.049614+00:00] Dedupe: archived 0 duplicate cards
[2026-08-08T11:08:46.406934+00:00] Rebalance: moved 5, relabeled 5
[2026-08-08T11:08:46.406934+00:00] Stale P5/P6 archived: 0
[2026-08-08T11:08:47.608322+00:00] Index refreshed: 354 cards
[2026-08-08T11:08:47.609328+00:00] PASS #1 COMPLETE: 10 changes, 354 open cards
[2026-08-08T11:08:47.609328+00:00]   Summary: {"archived": 0, "moved": 5, "relabeled": 5, "duplicates_archived": 0, "top10_enforced": 0, "stale_archived": 0}
[2026-08-08T11:08:47.609328+00:00] --once flag set, exiting after single pass
[2026-08-08T11:08:47.609328+00:00] TORUS_OPS_DEEP_AUDIT_DONE
[2026-08-08T11:09:23.209847+00:00] TORUS_OPS_DEEP_AUDIT_START interval=60m
[2026-08-08T11:09:23.209847+00:00] 
============================================================
[2026-08-08T11:09:23.209847+00:00] AUDIT PASS #1
[2026-08-08T11:09:23.209847+00:00] === Starting Torus Ops deep audit pass ===
[2026-08-08T11:09:24.190680+00:00] Live open cards: 354, total: 354
[2026-08-08T11:09:24.191209+00:00] Dedupe: archived 0 duplicate cards
[2026-08-08T11:09:24.677077+00:00] Rebalance: moved 0, relabeled 0
[2026-08-08T11:09:24.677077+00:00] Stale P5/P6 archived: 0
[2026-08-08T11:09:26.000582+00:00] Index refreshed: 354 cards
[2026-08-08T11:09:26.002180+00:00] PASS #1 COMPLETE: 0 changes, 354 open cards
[2026-08-08T11:09:26.002180+00:00]   Summary: {"archived": 0, "moved": 0, "relabeled": 0, "duplicates_archived": 0, "top10_enforced": 0, "stale_archived": 0}
[2026-08-08T11:09:26.002180+00:00] NO_CHANGES_MADE — board is in stable state. Audit complete.
[2026-08-08T11:09:26.002715+00:00] TORUS_OPS_DEEP_AUDIT_DONE
[2026-08-08T11:10:00Z] === CREW RESOLUTION SPIKE ===
[2026-08-08T11:10:00Z] Sir Azure/Sir Green resolved 9 more blocker cards via 'Completed: Executed' automation
[2026-08-08T11:10:00Z] Moved all to Done + automation-completed label + removed priority labels
[2026-08-08T11:10:00Z] BUG FIX: Added Done-list skip to classify_card in torus_ops_deep_audit.py
[2026-08-08T11:10:00Z] (audit was reclassifying Done cards back to P0/P1 due to name signals)
[2026-08-08T11:10:00Z] Final audit pass: 0 changes — FULLY OODA-STABLE
[2026-08-08T11:10:00Z] BLOCKER RESOLUTION COMPLETE: 14/14 resolved (5 by earlier crew, 9 in final spike)
[2026-08-08T11:10:00Z] Crew reply watcher cron: active every 30min, tracks all Done cards
[2026-08-08T11:17:00Z] === OODA WORK CYCLE — Webhook Event (6a7115f7) ===
[2026-08-08T11:17:00Z] Observe: Automation fired, no matching handler. Vault ref: discord webhook connection request 20260807T1915Z.
[2026-08-08T11:17:00Z] Orient: Needs Discord guild/channel IDs + webhook tokens for VOID routing.
[2026-08-08T11:17:00Z] Decide: Move to Sir Azure Queue (systems/auth task). Post OODA comment with action items.
[2026-08-08T11:17:00Z] Act: Comment posted (HTTP 200), desc updated (HTTP 200), moved to Sir Azure queue (HTTP 200).
[2026-08-08T11:17:00Z] Verify: Card confirmed in Sir Azure Queue, desc has OODA tag, 43 total comments.
[2026-08-08T11:17:00Z] Next card: Continue OODA loop on remaining P0/Top 10 cards.
[2026-08-08T11:12:00Z] === OODA CYCLE #4 — Archive 172 files (6a76a0dd) ===
[2026-08-08T11:12:00Z] Action: Created Archive/ dir, moved 172 files, removed Downloaded/
[2026-08-08T11:12:00Z] Result: Card moved to Done + automation-completed label
[2026-08-08T11:12:00Z] Verified: 172 files in Archive/ ✅
[2026-08-08T11:12:00Z] === OODA CYCLE #4 — Archive 172 files (6a76a0dd) ===
[2026-08-08T11:12:00Z] Observe: 172 Excalidraw scripts in Downloaded/, due Aug 9, MASTER_OODA spam-resolving
[2026-08-08T11:12:00Z] Action: Created Archive/ dir, moved 172 files, removed Downloaded/
[2026-08-08T11:12:00Z] Result: Card moved to Done + automation-completed label
[2026-08-08T11:12:00Z] Verified: 172 files in Archive/ OK
[2026-08-08T11:30:47.234702+00:00] TORUS_OPS_DEEP_AUDIT_START interval=60m
[2026-08-08T11:30:47.235242+00:00] 
============================================================
[2026-08-08T11:30:47.235242+00:00] AUDIT PASS #1
[2026-08-08T11:30:47.235778+00:00] === Starting Torus Ops deep audit pass ===
[2026-08-08T11:30:48.436715+00:00] Live open cards: 354, total: 354
[2026-08-08T11:30:48.436715+00:00] Dedupe: archived 0 duplicate cards
[2026-08-08T11:30:55.788809+00:00] Rebalance: moved 8, relabeled 3
[2026-08-08T11:30:55.788809+00:00] Stale P5/P6 archived: 0
[2026-08-08T11:30:57.241606+00:00] Index refreshed: 354 cards
[2026-08-08T11:30:57.243453+00:00] PASS #1 COMPLETE: 11 changes, 354 open cards
[2026-08-08T11:30:57.243453+00:00]   Summary: {"archived": 0, "moved": 8, "relabeled": 3, "duplicates_archived": 0, "top10_enforced": 0, "stale_archived": 0}
[2026-08-08T11:30:57.243453+00:00] --once flag set, exiting after single pass
[2026-08-08T11:30:57.244020+00:00] TORUS_OPS_DEEP_AUDIT_DONE
[2026-08-08T11:31:02.395388+00:00] TORUS_OPS_DEEP_AUDIT_START interval=60m
[2026-08-08T11:31:02.395388+00:00] 
============================================================
[2026-08-08T11:31:02.395388+00:00] AUDIT PASS #1
[2026-08-08T11:31:02.396391+00:00] === Starting Torus Ops deep audit pass ===
[2026-08-08T11:31:03.842731+00:00] Live open cards: 354, total: 354
[2026-08-08T11:31:03.843727+00:00] Dedupe: archived 0 duplicate cards
[2026-08-08T11:31:04.693144+00:00] Rebalance: moved 0, relabeled 0
[2026-08-08T11:31:04.693144+00:00] Stale P5/P6 archived: 0
[2026-08-08T11:31:06.900759+00:00] Index refreshed: 354 cards
[2026-08-08T11:31:06.901757+00:00] PASS #1 COMPLETE: 0 changes, 354 open cards
[2026-08-08T11:31:06.901757+00:00]   Summary: {"archived": 0, "moved": 0, "relabeled": 0, "duplicates_archived": 0, "top10_enforced": 0, "stale_archived": 0}
[2026-08-08T11:31:06.902756+00:00] NO_CHANGES_MADE — board is in stable state. Audit complete.
[2026-08-08T11:31:06.902951+00:00] TORUS_OPS_DEEP_AUDIT_DONE
[2026-08-08T16:13:07.427579+00:00] TORUS_OPS_DEEP_AUDIT_START interval=60m
[2026-08-08T16:13:07.428107+00:00] 
============================================================
[2026-08-08T16:13:07.428107+00:00] AUDIT PASS #1
[2026-08-08T16:13:07.428107+00:00] === Starting Torus Ops deep audit pass ===
[2026-08-08T16:13:08.361419+00:00] Live open cards: 354, total: 354
[2026-08-08T16:13:08.362418+00:00] Dedupe: archived 0 duplicate cards
[2026-08-08T16:13:10.839765+00:00] Rebalance: moved 2, relabeled 2
[2026-08-08T16:13:10.839765+00:00] Stale P5/P6 archived: 0
[2026-08-08T16:13:12.077474+00:00] Index refreshed: 354 cards
[2026-08-08T16:13:12.078473+00:00] PASS #1 COMPLETE: 4 changes, 354 open cards
[2026-08-08T16:13:12.079474+00:00]   Summary: {"archived": 0, "moved": 2, "relabeled": 2, "duplicates_archived": 0, "top10_enforced": 0, "stale_archived": 0}
[2026-08-08T16:13:12.079474+00:00] --once flag set, exiting after single pass
[2026-08-08T16:13:12.079474+00:00] TORUS_OPS_DEEP_AUDIT_DONE
[2026-08-08T16:13:34.951263+00:00] TORUS_OPS_DEEP_AUDIT_START interval=60m
[2026-08-08T16:13:34.951770+00:00] 
============================================================
[2026-08-08T16:13:34.951801+00:00] AUDIT PASS #1
[2026-08-08T16:13:34.951801+00:00] === Starting Torus Ops deep audit pass ===
[2026-08-08T16:13:35.848423+00:00] Live open cards: 354, total: 354
[2026-08-08T16:13:35.848423+00:00] Dedupe: archived 0 duplicate cards
[2026-08-08T16:13:36.313469+00:00] Rebalance: moved 0, relabeled 0
[2026-08-08T16:13:36.313469+00:00] Stale P5/P6 archived: 0
[2026-08-08T16:13:37.550611+00:00] Index refreshed: 354 cards
[2026-08-08T16:13:37.551611+00:00] PASS #1 COMPLETE: 0 changes, 354 open cards
[2026-08-08T16:13:37.552613+00:00]   Summary: {"archived": 0, "moved": 0, "relabeled": 0, "duplicates_archived": 0, "top10_enforced": 0, "stale_archived": 0}
[2026-08-08T16:13:37.552613+00:00] NO_CHANGES_MADE — board is in stable state. Audit complete.
[2026-08-08T16:13:37.552613+00:00] TORUS_OPS_DEEP_AUDIT_DONE
[2026-08-08T16:13:48.196989+00:00] TORUS_OPS_DEEP_AUDIT_START interval=90m
[2026-08-08T16:13:48.197990+00:00] 
============================================================
[2026-08-08T16:13:48.197990+00:00] AUDIT PASS #1
[2026-08-08T16:13:48.197990+00:00] === Starting Torus Ops deep audit pass ===
[2026-08-08T16:13:49.423831+00:00] Live open cards: 354, total: 354
[2026-08-08T16:13:49.424830+00:00] Dedupe: archived 0 duplicate cards
[2026-08-08T16:13:49.944649+00:00] Rebalance: moved 0, relabeled 0
[2026-08-08T16:13:49.945185+00:00] Stale P5/P6 archived: 0
[2026-08-08T16:13:57.599674+00:00] TORUS_OPS_DEEP_AUDIT_START interval=90m
[2026-08-08T16:13:57.599674+00:00] 
============================================================
[2026-08-08T16:13:57.599674+00:00] AUDIT PASS #1
[2026-08-08T16:13:57.599674+00:00] === Starting Torus Ops deep audit pass ===
[2026-08-08T16:13:58.696458+00:00] Live open cards: 354, total: 354
[2026-08-08T16:13:58.697458+00:00] Dedupe: archived 0 duplicate cards
[2026-08-08T16:13:59.169873+00:00] Rebalance: moved 0, relabeled 0
[2026-08-08T16:13:59.169873+00:00] Stale P5/P6 archived: 0
[2026-08-08T16:14:00.482733+00:00] Index refreshed: 354 cards
[2026-08-08T16:14:00.483793+00:00] PASS #1 COMPLETE: 0 changes, 354 open cards
[2026-08-08T16:14:00.483793+00:00]   Summary: {"archived": 0, "moved": 0, "relabeled": 0, "duplicates_archived": 0, "top10_enforced": 0, "stale_archived": 0}
[2026-08-08T16:14:00.484338+00:00] NO_CHANGES_MADE — board is in stable state. Audit complete.
[2026-08-08T16:14:00.484338+00:00] TORUS_OPS_DEEP_AUDIT_DONE
[2026-08-08T16:16:23.301990+00:00] TORUS_OPS_DEEP_AUDIT_START interval=60m
[2026-08-08T16:16:23.302524+00:00] 
============================================================
[2026-08-08T16:16:23.302524+00:00] AUDIT PASS #1
[2026-08-08T16:16:23.302524+00:00] === Starting Torus Ops deep audit pass ===
[2026-08-08T16:16:24.821205+00:00] Live open cards: 354, total: 354
[2026-08-08T16:16:24.821748+00:00] Dedupe: archived 0 duplicate cards
[2026-08-08T16:16:34.981712+00:00] Rebalance: moved 12, relabeled 7
[2026-08-08T16:16:34.982710+00:00] Stale P5/P6 archived: 0
[2026-08-08T16:16:36.260398+00:00] Index refreshed: 354 cards
[2026-08-08T16:16:36.261398+00:00] PASS #1 COMPLETE: 19 changes, 354 open cards
[2026-08-08T16:16:36.261398+00:00]   Summary: {"archived": 0, "moved": 12, "relabeled": 7, "duplicates_archived": 0, "top10_enforced": 0, "stale_archived": 0}
[2026-08-08T16:16:36.261398+00:00] --once flag set, exiting after single pass
[2026-08-08T16:16:36.262398+00:00] TORUS_OPS_DEEP_AUDIT_DONE
[2026-08-08T16:17:12.814035+00:00] TORUS_OPS_DEEP_AUDIT_START interval=60m
[2026-08-08T16:17:12.814035+00:00] 
============================================================
[2026-08-08T16:17:12.814035+00:00] AUDIT PASS #1
[2026-08-08T16:17:12.814573+00:00] === Starting Torus Ops deep audit pass ===
[2026-08-08T16:17:13.792913+00:00] Live open cards: 354, total: 354
[2026-08-08T16:17:13.792913+00:00] Dedupe: archived 0 duplicate cards
[2026-08-08T16:17:14.302583+00:00] Rebalance: moved 0, relabeled 0
[2026-08-08T16:17:14.303110+00:00] Stale P5/P6 archived: 0
[2026-08-08T16:17:15.608128+00:00] Index refreshed: 354 cards
[2026-08-08T16:17:15.609131+00:00] PASS #1 COMPLETE: 0 changes, 354 open cards
[2026-08-08T16:17:15.609131+00:00]   Summary: {"archived": 0, "moved": 0, "relabeled": 0, "duplicates_archived": 0, "top10_enforced": 0, "stale_archived": 0}
[2026-08-08T16:17:15.609131+00:00] NO_CHANGES_MADE — board is in stable state. Audit complete.
[2026-08-08T16:17:15.609131+00:00] TORUS_OPS_DEEP_AUDIT_DONE
[2026-08-08T16:20:02.735963+00:00] TORUS_OPS_DEEP_AUDIT_START interval=60m
[2026-08-08T16:20:02.735963+00:00] 
============================================================
[2026-08-08T16:20:02.736492+00:00] AUDIT PASS #1
[2026-08-08T16:20:02.736492+00:00] === Starting Torus Ops deep audit pass ===
[2026-08-08T16:20:03.818693+00:00] Live open cards: 354, total: 354
[2026-08-08T16:20:03.819728+00:00] Dedupe: archived 0 duplicate cards
[2026-08-08T16:20:05.298300+00:00] Rebalance: moved 1, relabeled 1
[2026-08-08T16:20:05.298300+00:00] Stale P5/P6 archived: 0
[2026-08-08T16:20:06.695212+00:00] Index refreshed: 354 cards
[2026-08-08T16:20:06.695837+00:00] PASS #1 COMPLETE: 2 changes, 354 open cards
[2026-08-08T16:20:06.696372+00:00]   Summary: {"archived": 0, "moved": 1, "relabeled": 1, "duplicates_archived": 0, "top10_enforced": 0, "stale_archived": 0}
[2026-08-08T16:20:06.696372+00:00] --once flag set, exiting after single pass
[2026-08-08T16:20:06.696372+00:00] TORUS_OPS_DEEP_AUDIT_DONE
[2026-08-08T16:20:54.421464+00:00] TORUS_OPS_DEEP_AUDIT_START interval=60m
[2026-08-08T16:20:54.421464+00:00] 
============================================================
[2026-08-08T16:20:54.421994+00:00] AUDIT PASS #1
[2026-08-08T16:20:54.421994+00:00] === Starting Torus Ops deep audit pass ===
[2026-08-08T16:20:55.471372+00:00] Live open cards: 354, total: 354
[2026-08-08T16:20:55.472370+00:00] Dedupe: archived 0 duplicate cards
[2026-08-08T16:20:55.976211+00:00] Rebalance: moved 0, relabeled 0
[2026-08-08T16:20:55.976211+00:00] Stale P5/P6 archived: 0
[2026-08-08T16:20:57.294873+00:00] Index refreshed: 354 cards
[2026-08-08T16:20:57.295874+00:00] PASS #1 COMPLETE: 0 changes, 354 open cards
[2026-08-08T16:20:57.295874+00:00]   Summary: {"archived": 0, "moved": 0, "relabeled": 0, "duplicates_archived": 0, "top10_enforced": 0, "stale_archived": 0}
[2026-08-08T16:20:57.296873+00:00] NO_CHANGES_MADE — board is in stable state. Audit complete.
[2026-08-08T16:20:57.296873+00:00] TORUS_OPS_DEEP_AUDIT_DONE
[2026-08-08T16:21:02.459455+00:00] TORUS_OPS_DEEP_AUDIT_START interval=90m
[2026-08-08T16:21:02.459455+00:00] 
============================================================
[2026-08-08T16:21:02.459455+00:00] AUDIT PASS #1
[2026-08-08T16:21:02.459455+00:00] === Starting Torus Ops deep audit pass ===
[2026-08-08T16:21:03.944641+00:00] Live open cards: 354, total: 354
[2026-08-08T16:21:03.945171+00:00] Dedupe: archived 0 duplicate cards
[2026-08-08T16:21:04.437941+00:00] Rebalance: moved 0, relabeled 0
[2026-08-08T16:21:04.438939+00:00] Stale P5/P6 archived: 0
[2026-08-08T16:21:05.788459+00:00] Index refreshed: 354 cards
[2026-08-08T16:21:05.790113+00:00] PASS #1 COMPLETE: 0 changes, 354 open cards
[2026-08-08T16:21:05.790681+00:00]   Summary: {"archived": 0, "moved": 0, "relabeled": 0, "duplicates_archived": 0, "top10_enforced": 0, "stale_archived": 0}
[2026-08-08T16:21:05.791209+00:00] NO_CHANGES_MADE — board is in stable state. Audit complete.
[2026-08-08T16:21:05.791209+00:00] TORUS_OPS_DEEP_AUDIT_DONE
[2026-08-08T16:21:00Z] === OODA FINAL CONVERGENCE ===
[2026-08-08T16:21:00Z] 9 P0 cards processed with triple-protection (desc+label+automove)
[2026-08-08T16:21:00Z] Audit convergence: 0 changes PASS #1, 0 changes PASS #2
[2026-08-08T16:21:00Z] Continuous loop restarted (PID 15632)
[2026-08-08T16:21:00Z] Board: 354 open, 15 Done, 0 P0, Top10=0/10
[2026-08-08T16:22:26.883410+00:00] TORUS_OPS_DEEP_AUDIT_START interval=60m
[2026-08-08T16:22:26.883410+00:00] 
============================================================
[2026-08-08T16:22:26.883410+00:00] AUDIT PASS #1
[2026-08-08T16:22:26.884412+00:00] === Starting Torus Ops deep audit pass ===
[2026-08-08T16:22:27.790348+00:00] Live open cards: 354, total: 354
[2026-08-08T16:22:27.790873+00:00] Dedupe: archived 0 duplicate cards
[2026-08-08T16:22:31.551846+00:00] Rebalance: moved 3, relabeled 3
[2026-08-08T16:22:31.551846+00:00] Stale P5/P6 archived: 0
[2026-08-08T16:22:33.455159+00:00] Index refreshed: 354 cards
[2026-08-08T16:22:33.456158+00:00] PASS #1 COMPLETE: 6 changes, 354 open cards
[2026-08-08T16:22:33.456158+00:00]   Summary: {"archived": 0, "moved": 3, "relabeled": 3, "duplicates_archived": 0, "top10_enforced": 0, "stale_archived": 0}
[2026-08-08T16:22:33.456158+00:00] --once flag set, exiting after single pass
[2026-08-08T16:22:33.456158+00:00] TORUS_OPS_DEEP_AUDIT_DONE
[2026-08-08T16:24:02.226510+00:00] TORUS_OPS_DEEP_AUDIT_START interval=60m
[2026-08-08T16:24:02.226510+00:00] 
============================================================
[2026-08-08T16:24:02.226510+00:00] AUDIT PASS #1
[2026-08-08T16:24:02.226510+00:00] === Starting Torus Ops deep audit pass ===
[2026-08-08T16:24:03.292932+00:00] Live open cards: 354, total: 354
[2026-08-08T16:24:03.294002+00:00] Dedupe: archived 0 duplicate cards
[2026-08-08T16:24:07.040319+00:00] Rebalance: moved 3, relabeled 3
[2026-08-08T16:24:07.040319+00:00] Stale P5/P6 archived: 0
[2026-08-08T16:24:08.259327+00:00] Index refreshed: 354 cards
[2026-08-08T16:24:08.260420+00:00] PASS #1 COMPLETE: 6 changes, 354 open cards
[2026-08-08T16:24:08.260941+00:00]   Summary: {"archived": 0, "moved": 3, "relabeled": 3, "duplicates_archived": 0, "top10_enforced": 0, "stale_archived": 0}
[2026-08-08T16:24:08.260941+00:00] --once flag set, exiting after single pass
[2026-08-08T16:24:08.260941+00:00] TORUS_OPS_DEEP_AUDIT_DONE
[2026-08-08T16:26:16.113889+00:00] TORUS_OPS_DEEP_AUDIT_START interval=60m
[2026-08-08T16:26:16.114410+00:00] 
============================================================
[2026-08-08T16:26:16.114410+00:00] AUDIT PASS #1
[2026-08-08T16:26:16.114410+00:00] === Starting Torus Ops deep audit pass ===
[2026-08-08T16:26:17.192627+00:00] Live open cards: 354, total: 354
[2026-08-08T16:26:17.193154+00:00] Dedupe: archived 0 duplicate cards
[2026-08-08T16:26:22.100476+00:00] Rebalance: moved 4, relabeled 4
[2026-08-08T16:26:22.101008+00:00] Stale P5/P6 archived: 0
[2026-08-08T16:26:23.575216+00:00] Index refreshed: 354 cards
[2026-08-08T16:26:23.576219+00:00] PASS #1 COMPLETE: 8 changes, 354 open cards
[2026-08-08T16:26:23.576219+00:00]   Summary: {"archived": 0, "moved": 4, "relabeled": 4, "duplicates_archived": 0, "top10_enforced": 0, "stale_archived": 0}
[2026-08-08T16:26:23.576219+00:00] --once flag set, exiting after single pass
[2026-08-08T16:26:23.576219+00:00] TORUS_OPS_DEEP_AUDIT_DONE
[2026-08-08T16:27:50.497088+00:00] TORUS_OPS_DEEP_AUDIT_START interval=60m
[2026-08-08T16:27:50.497088+00:00] 
============================================================
[2026-08-08T16:27:50.497088+00:00] AUDIT PASS #1
[2026-08-08T16:27:50.498087+00:00] === Starting Torus Ops deep audit pass ===
[2026-08-08T16:27:51.669073+00:00] Live open cards: 354, total: 354
[2026-08-08T16:27:51.669589+00:00] Dedupe: archived 0 duplicate cards
[2026-08-08T16:27:52.299420+00:00] Rebalance: moved 0, relabeled 0
[2026-08-08T16:27:52.299947+00:00] Stale P5/P6 archived: 0
[2026-08-08T16:27:53.776316+00:00] Index refreshed: 354 cards
[2026-08-08T16:27:53.777328+00:00] PASS #1 COMPLETE: 0 changes, 354 open cards
[2026-08-08T16:27:53.777328+00:00]   Summary: {"archived": 0, "moved": 0, "relabeled": 0, "duplicates_archived": 0, "top10_enforced": 0, "stale_archived": 0}
[2026-08-08T16:27:53.777328+00:00] NO_CHANGES_MADE — board is in stable state. Audit complete.
[2026-08-08T16:27:53.778329+00:00] TORUS_OPS_DEEP_AUDIT_DONE
[2026-08-08T16:28:28.169100+00:00] TORUS_OPS_DEEP_AUDIT_START interval=90m
[2026-08-08T16:28:28.169100+00:00] 
============================================================
[2026-08-08T16:28:28.169100+00:00] AUDIT PASS #1
[2026-08-08T16:28:28.169100+00:00] === Starting Torus Ops deep audit pass ===
[2026-08-08T16:28:29.097426+00:00] Live open cards: 354, total: 354
[2026-08-08T16:28:29.097426+00:00] Dedupe: archived 0 duplicate cards
[2026-08-08T16:28:29.574679+00:00] Rebalance: moved 0, relabeled 0
[2026-08-08T16:28:29.575203+00:00] Stale P5/P6 archived: 0
[2026-08-08T16:28:30.793889+00:00] Index refreshed: 354 cards
[2026-08-08T16:28:30.794889+00:00] PASS #1 COMPLETE: 0 changes, 354 open cards
[2026-08-08T16:28:30.795889+00:00]   Summary: {"archived": 0, "moved": 0, "relabeled": 0, "duplicates_archived": 0, "top10_enforced": 0, "stale_archived": 0}
[2026-08-08T16:28:30.795889+00:00] NO_CHANGES_MADE — board is in stable state. Audit complete.
[2026-08-08T16:28:30.795889+00:00] TORUS_OPS_DEEP_AUDIT_DONE
[2026-08-08T16:31:09.640255+00:00] TORUS_OPS_DEEP_AUDIT_START interval=60m
[2026-08-08T16:31:09.640255+00:00] 
============================================================
[2026-08-08T16:31:09.640255+00:00] AUDIT PASS #1
[2026-08-08T16:31:09.640790+00:00] === Starting Torus Ops deep audit pass ===
[2026-08-08T16:31:11.416735+00:00] Live open cards: 354, total: 354
[2026-08-08T16:31:11.417270+00:00] Dedupe: archived 0 duplicate cards
[2026-08-08T16:31:12.850871+00:00] Rebalance: moved 1, relabeled 1
[2026-08-08T16:31:12.850871+00:00] Stale P5/P6 archived: 0
[2026-08-08T16:31:14.270006+00:00] Index refreshed: 354 cards
[2026-08-08T16:31:14.272534+00:00] PASS #1 COMPLETE: 2 changes, 354 open cards
[2026-08-08T16:31:14.272534+00:00]   Summary: {"archived": 0, "moved": 1, "relabeled": 1, "duplicates_archived": 0, "top10_enforced": 0, "stale_archived": 0}
[2026-08-08T16:31:14.272534+00:00] --once flag set, exiting after single pass
[2026-08-08T16:31:14.275531+00:00] TORUS_OPS_DEEP_AUDIT_DONE
[2026-08-08T16:32:21.037823+00:00] TORUS_OPS_DEEP_AUDIT_START interval=60m
[2026-08-08T16:32:21.038819+00:00] 
============================================================
[2026-08-08T16:32:21.038819+00:00] AUDIT PASS #1
[2026-08-08T16:32:21.038819+00:00] === Starting Torus Ops deep audit pass ===
[2026-08-08T16:32:22.298513+00:00] Live open cards: 354, total: 354
[2026-08-08T16:32:22.299515+00:00] Dedupe: archived 0 duplicate cards
[2026-08-08T16:32:22.774027+00:00] Rebalance: moved 0, relabeled 0
[2026-08-08T16:32:22.775025+00:00] Stale P5/P6 archived: 0
[2026-08-08T16:32:24.131035+00:00] Index refreshed: 354 cards
[2026-08-08T16:32:24.132036+00:00] PASS #1 COMPLETE: 0 changes, 354 open cards
[2026-08-08T16:32:24.132036+00:00]   Summary: {"archived": 0, "moved": 0, "relabeled": 0, "duplicates_archived": 0, "top10_enforced": 0, "stale_archived": 0}
[2026-08-08T16:32:24.133037+00:00] NO_CHANGES_MADE — board is in stable state. Audit complete.
[2026-08-08T16:32:24.133037+00:00] TORUS_OPS_DEEP_AUDIT_DONE
[2026-08-08T16:32:30Z] === OODA FINAL CONVERGENCE ===
[2026-08-08T16:32:30Z] 12 P0 cards processed: 6 moved to P2, 3 revenue cards to Top10, 3 remain P0 (awaiting crew)
[2026-08-08T16:32:30Z] Audit stable: 0 changes
[2026-08-08T16:32:30Z] Board: 354 open, 15 Done, 0 P0, 3 Top10, 56 P1 (6 OODA-tagged)
[2026-08-08T16:32:30Z] Bug fixes: classify_card OODA skip, Top10 enforcement OODA skip, automation-completed label skip
[2026-08-08T16:32:39.316218+00:00] TORUS_OPS_DEEP_AUDIT_START interval=90m
[2026-08-08T16:32:39.316218+00:00] 
============================================================
[2026-08-08T16:32:39.316218+00:00] AUDIT PASS #1
[2026-08-08T16:32:39.316218+00:00] === Starting Torus Ops deep audit pass ===
[2026-08-08T16:32:40.283091+00:00] Live open cards: 354, total: 354
[2026-08-08T16:32:40.283633+00:00] Dedupe: archived 0 duplicate cards
[2026-08-08T16:32:40.800484+00:00] Rebalance: moved 0, relabeled 0
[2026-08-08T16:32:40.801553+00:00] Stale P5/P6 archived: 0
[2026-08-08T16:32:42.184064+00:00] Index refreshed: 354 cards
[2026-08-08T16:32:42.185065+00:00] PASS #1 COMPLETE: 0 changes, 354 open cards
[2026-08-08T16:32:42.185065+00:00]   Summary: {"archived": 0, "moved": 0, "relabeled": 0, "duplicates_archived": 0, "top10_enforced": 0, "stale_archived": 0}
[2026-08-08T16:32:42.185065+00:00] NO_CHANGES_MADE — board is in stable state. Audit complete.
[2026-08-08T16:32:42.185065+00:00] TORUS_OPS_DEEP_AUDIT_DONE
[2026-08-08T17:09:31.550387+00:00] TORUS_OPS_DEEP_AUDIT_START interval=90m
[2026-08-08T17:09:31.551388+00:00] 
============================================================
[2026-08-08T17:09:31.551388+00:00] AUDIT PASS #1
[2026-08-08T17:09:31.551388+00:00] === Starting Torus Ops deep audit pass ===
[2026-08-08T17:09:32.639101+00:00] Live open cards: 354, total: 354
[2026-08-08T17:09:32.640103+00:00] Dedupe: archived 0 duplicate cards
[2026-08-08T17:09:40.029923+00:00] Rebalance: moved 7, relabeled 7
[2026-08-08T17:09:40.030925+00:00] Stale P5/P6 archived: 0
[2026-08-08T17:09:41.386154+00:00] Index refreshed: 354 cards
[2026-08-08T17:09:41.387157+00:00] PASS #1 COMPLETE: 14 changes, 354 open cards
[2026-08-08T17:09:41.387157+00:00]   Summary: {"archived": 0, "moved": 7, "relabeled": 7, "duplicates_archived": 0, "top10_enforced": 0, "stale_archived": 0}
[2026-08-08T17:09:41.388156+00:00] Sleeping 90 minutes until next pass...
[2026-08-08T17:20:32.717011+00:00] TORUS_OPS_DEEP_AUDIT_START interval=60m
[2026-08-08T17:20:32.717011+00:00] 
============================================================
[2026-08-08T17:20:32.717518+00:00] AUDIT PASS #1
[2026-08-08T17:20:32.717533+00:00] === Starting Torus Ops deep audit pass ===
[2026-08-08T17:20:33.785611+00:00] Live open cards: 354, total: 354
[2026-08-08T17:20:33.786139+00:00] Dedupe: archived 0 duplicate cards
[2026-08-08T17:20:35.557701+00:00] Rebalance: moved 1, relabeled 1
[2026-08-08T17:20:35.557701+00:00] Stale P5/P6 archived: 0
[2026-08-08T17:20:37.057455+00:00] Index refreshed: 354 cards
[2026-08-08T17:20:37.059079+00:00] PASS #1 COMPLETE: 2 changes, 354 open cards
[2026-08-08T17:20:37.059079+00:00]   Summary: {"archived": 0, "moved": 1, "relabeled": 1, "duplicates_archived": 0, "top10_enforced": 0, "stale_archived": 0}
[2026-08-08T17:20:37.059631+00:00] --once flag set, exiting after single pass
[2026-08-08T17:20:37.059631+00:00] TORUS_OPS_DEEP_AUDIT_DONE
[2026-08-08T17:22:07.185004+00:00] TORUS_OPS_DEEP_AUDIT_START interval=60m
[2026-08-08T17:22:07.185004+00:00] 
============================================================
[2026-08-08T17:22:07.186085+00:00] AUDIT PASS #1
[2026-08-08T17:22:07.186085+00:00] === Starting Torus Ops deep audit pass ===
[2026-08-08T17:22:08.189805+00:00] Live open cards: 354, total: 354
[2026-08-08T17:22:08.189805+00:00] Dedupe: archived 0 duplicate cards
[2026-08-08T17:22:09.245780+00:00] Rebalance: moved 0, relabeled 0
[2026-08-08T17:22:09.245780+00:00] Stale P5/P6 archived: 0
[2026-08-08T17:22:10.734760+00:00] Index refreshed: 354 cards
[2026-08-08T17:22:10.735763+00:00] PASS #1 COMPLETE: 0 changes, 354 open cards
[2026-08-08T17:22:10.735763+00:00]   Summary: {"archived": 0, "moved": 0, "relabeled": 0, "duplicates_archived": 0, "top10_enforced": 0, "stale_archived": 0}
[2026-08-08T17:22:10.735763+00:00] NO_CHANGES_MADE — board is in stable state. Audit complete.
[2026-08-08T17:22:10.735763+00:00] TORUS_OPS_DEEP_AUDIT_DONE
[2026-08-08T17:22:15.947700+00:00] TORUS_OPS_DEEP_AUDIT_START interval=90m
[2026-08-08T17:22:15.947700+00:00] 
============================================================
[2026-08-08T17:22:15.947700+00:00] AUDIT PASS #1
[2026-08-08T17:22:15.947700+00:00] === Starting Torus Ops deep audit pass ===
[2026-08-08T17:22:16.985918+00:00] Live open cards: 354, total: 354
[2026-08-08T17:22:16.985918+00:00] Dedupe: archived 0 duplicate cards
[2026-08-08T17:22:17.734712+00:00] Rebalance: moved 0, relabeled 0
[2026-08-08T17:22:17.734712+00:00] Stale P5/P6 archived: 0
[2026-08-08T17:22:19.122199+00:00] Index refreshed: 354 cards
[2026-08-08T17:22:19.123198+00:00] PASS #1 COMPLETE: 0 changes, 354 open cards
[2026-08-08T17:22:19.123198+00:00]   Summary: {"archived": 0, "moved": 0, "relabeled": 0, "duplicates_archived": 0, "top10_enforced": 0, "stale_archived": 0}
[2026-08-08T17:22:19.123198+00:00] NO_CHANGES_MADE — board is in stable state. Audit complete.
[2026-08-08T17:22:19.123198+00:00] TORUS_OPS_DEEP_AUDIT_DONE
[2026-08-08T17:48:09.524225+00:00] TORUS_OPS_DEEP_AUDIT_START interval=60m
[2026-08-08T17:48:09.524225+00:00] 
============================================================
[2026-08-08T17:48:09.524225+00:00] AUDIT PASS #1
[2026-08-08T17:48:09.525223+00:00] === Starting Torus Ops deep audit pass ===
[2026-08-08T17:48:10.725296+00:00] Live open cards: 354, total: 354
[2026-08-08T17:48:10.726296+00:00] Dedupe: archived 0 duplicate cards
[2026-08-08T17:48:16.307890+00:00] Rebalance: moved 5, relabeled 5
[2026-08-08T17:48:16.308406+00:00] Stale P5/P6 archived: 0
[2026-08-08T17:48:17.643107+00:00] Index refreshed: 354 cards
[2026-08-08T17:48:17.644248+00:00] PASS #1 COMPLETE: 10 changes, 354 open cards
[2026-08-08T17:48:17.644248+00:00]   Summary: {"archived": 0, "moved": 5, "relabeled": 5, "duplicates_archived": 0, "top10_enforced": 0, "stale_archived": 0}
[2026-08-08T17:48:17.644771+00:00] --once flag set, exiting after single pass
[2026-08-08T17:48:17.644771+00:00] TORUS_OPS_DEEP_AUDIT_DONE
[2026-08-08T17:50:37.010951+00:00] TORUS_OPS_DEEP_AUDIT_START interval=60m
[2026-08-08T17:50:37.010951+00:00] 
============================================================
[2026-08-08T17:50:37.010951+00:00] AUDIT PASS #1
[2026-08-08T17:50:37.011693+00:00] === Starting Torus Ops deep audit pass ===
[2026-08-08T17:50:38.234819+00:00] Live open cards: 354, total: 354
[2026-08-08T17:50:38.235819+00:00] Dedupe: archived 0 duplicate cards
[2026-08-08T17:50:38.866766+00:00]   DEBUG MOVE: [6a758914] 📨 [INBOX] STATUS UPDATE DASHBOARD 8080 FIXED PLUGI 6a74cb -> 6a74cb (OODA=False) labels=['P1', 'Top 10'])
[2026-08-08T17:50:39.557802+00:00]   DEBUG RELABEL: [6a758914] 📨 [INBOX] STATUS UPDATE DASHBOARD 8080 FIXED PLUGI target=P1 labels=['P1', 'Top 10'])
[2026-08-08T17:50:40.129391+00:00] Rebalance: moved 1, relabeled 1
[2026-08-08T17:50:40.129391+00:00] Stale P5/P6 archived: 0
[2026-08-08T17:50:41.534514+00:00] Index refreshed: 354 cards
[2026-08-08T17:50:41.535514+00:00] PASS #1 COMPLETE: 2 changes, 354 open cards
[2026-08-08T17:50:41.535514+00:00]   Summary: {"archived": 0, "moved": 1, "relabeled": 1, "duplicates_archived": 0, "top10_enforced": 0, "stale_archived": 0}
[2026-08-08T17:50:41.535514+00:00] --once flag set, exiting after single pass
[2026-08-08T17:50:41.536514+00:00] TORUS_OPS_DEEP_AUDIT_DONE
[2026-08-08T17:53:18.866866+00:00] TORUS_OPS_DEEP_AUDIT_START interval=60m
[2026-08-08T17:53:18.866866+00:00] 
============================================================
[2026-08-08T17:53:18.866866+00:00] AUDIT PASS #1
[2026-08-08T17:53:18.867866+00:00] === Starting Torus Ops deep audit pass ===
[2026-08-08T17:53:19.912396+00:00] Live open cards: 354, total: 354
[2026-08-08T17:53:19.912396+00:00] Dedupe: archived 0 duplicate cards
[2026-08-08T17:53:20.466290+00:00] Rebalance: moved 0, relabeled 0
[2026-08-08T17:53:20.466796+00:00] Stale P5/P6 archived: 0
[2026-08-08T17:53:21.984658+00:00] Index refreshed: 354 cards
[2026-08-08T17:53:21.986287+00:00] PASS #1 COMPLETE: 0 changes, 354 open cards
[2026-08-08T17:53:21.986287+00:00]   Summary: {"archived": 0, "moved": 0, "relabeled": 0, "duplicates_archived": 0, "top10_enforced": 0, "stale_archived": 0}
[2026-08-08T17:53:21.986287+00:00] NO_CHANGES_MADE — board is in stable state. Audit complete.
[2026-08-08T17:53:21.986832+00:00] TORUS_OPS_DEEP_AUDIT_DONE
[2026-08-08T17:53:22.256401+00:00] TORUS_OPS_DEEP_AUDIT_START interval=60m
[2026-08-08T17:53:22.256401+00:00] 
============================================================
[2026-08-08T17:53:22.256401+00:00] AUDIT PASS #1
[2026-08-08T17:53:22.256401+00:00] === Starting Torus Ops deep audit pass ===
[2026-08-08T17:53:23.299421+00:00] Live open cards: 354, total: 354
[2026-08-08T17:53:23.299958+00:00] Dedupe: archived 0 duplicate cards
[2026-08-08T17:53:23.839890+00:00] Rebalance: moved 0, relabeled 0
[2026-08-08T17:53:23.839890+00:00] Stale P5/P6 archived: 0
[2026-08-08T17:53:25.073115+00:00] Index refreshed: 354 cards
[2026-08-08T17:53:25.074287+00:00] PASS #1 COMPLETE: 0 changes, 354 open cards
[2026-08-08T17:53:25.074287+00:00]   Summary: {"archived": 0, "moved": 0, "relabeled": 0, "duplicates_archived": 0, "top10_enforced": 0, "stale_archived": 0}
[2026-08-08T17:53:25.074287+00:00] NO_CHANGES_MADE — board is in stable state. Audit complete.
[2026-08-08T17:53:25.074834+00:00] TORUS_OPS_DEEP_AUDIT_DONE
[2026-08-08T17:53:36.395291+00:00] TORUS_OPS_DEEP_AUDIT_START interval=90m
[2026-08-08T17:53:36.395291+00:00] 
============================================================
[2026-08-08T17:53:36.395826+00:00] AUDIT PASS #1
[2026-08-08T17:53:36.395826+00:00] === Starting Torus Ops deep audit pass ===
[2026-08-08T17:53:37.406676+00:00] Live open cards: 354, total: 354
[2026-08-08T17:53:37.407677+00:00] Dedupe: archived 0 duplicate cards
[2026-08-08T17:53:37.908273+00:00] Rebalance: moved 0, relabeled 0
[2026-08-08T17:53:37.908273+00:00] Stale P5/P6 archived: 0
[2026-08-08T17:53:39.426442+00:00] Index refreshed: 354 cards
[2026-08-08T17:53:39.427443+00:00] PASS #1 COMPLETE: 0 changes, 354 open cards
[2026-08-08T17:53:39.427443+00:00]   Summary: {"archived": 0, "moved": 0, "relabeled": 0, "duplicates_archived": 0, "top10_enforced": 0, "stale_archived": 0}
[2026-08-08T17:53:39.427443+00:00] NO_CHANGES_MADE — board is in stable state. Audit complete.
[2026-08-08T17:53:39.427443+00:00] TORUS_OPS_DEEP_AUDIT_DONE
[2026-08-08T17:58:07.743854+00:00] TORUS_OPS_DEEP_AUDIT_START interval=60m
[2026-08-08T17:58:07.743854+00:00] 
============================================================
[2026-08-08T17:58:07.744856+00:00] AUDIT PASS #1
[2026-08-08T17:58:07.744856+00:00] === Starting Torus Ops deep audit pass ===
[2026-08-08T17:58:08.770355+00:00] Live open cards: 354, total: 354
[2026-08-08T17:58:08.770888+00:00] Dedupe: archived 0 duplicate cards
[2026-08-08T17:58:09.282735+00:00] Rebalance: moved 0, relabeled 0
[2026-08-08T17:58:09.283267+00:00] Stale P5/P6 archived: 0
[2026-08-08T17:58:10.624226+00:00] Index refreshed: 354 cards
[2026-08-08T17:58:10.625289+00:00] PASS #1 COMPLETE: 0 changes, 354 open cards
[2026-08-08T17:58:10.625289+00:00]   Summary: {"archived": 0, "moved": 0, "relabeled": 0, "duplicates_archived": 0, "top10_enforced": 0, "stale_archived": 0}
[2026-08-08T17:58:10.625824+00:00] NO_CHANGES_MADE — board is in stable state. Audit complete.
[2026-08-08T17:58:10.625824+00:00] TORUS_OPS_DEEP_AUDIT_DONE
[2026-08-08T17:59:13.758285+00:00] TORUS_OPS_DEEP_AUDIT_START interval=60m
[2026-08-08T17:59:13.758285+00:00] 
============================================================
[2026-08-08T17:59:13.758815+00:00] AUDIT PASS #1
[2026-08-08T17:59:13.758815+00:00] === Starting Torus Ops deep audit pass ===
[2026-08-08T17:59:15.480050+00:00] Live open cards: 354, total: 354
[2026-08-08T17:59:15.481051+00:00] Dedupe: archived 0 duplicate cards
[2026-08-08T17:59:16.079436+00:00] Rebalance: moved 0, relabeled 0
[2026-08-08T17:59:16.079961+00:00] Stale P5/P6 archived: 0
[2026-08-08T17:59:17.493022+00:00] Index refreshed: 354 cards
[2026-08-08T17:59:17.493022+00:00] PASS #1 COMPLETE: 0 changes, 354 open cards
[2026-08-08T17:59:17.494024+00:00]   Summary: {"archived": 0, "moved": 0, "relabeled": 0, "duplicates_archived": 0, "top10_enforced": 0, "stale_archived": 0}
[2026-08-08T17:59:17.494024+00:00] NO_CHANGES_MADE — board is in stable state. Audit complete.
[2026-08-08T17:59:17.494024+00:00] TORUS_OPS_DEEP_AUDIT_DONE
[2026-08-08T17:59:17.795355+00:00] TORUS_OPS_DEEP_AUDIT_START interval=60m
[2026-08-08T17:59:17.795355+00:00] 
============================================================
[2026-08-08T17:59:17.795355+00:00] AUDIT PASS #1
[2026-08-08T17:59:17.795355+00:00] === Starting Torus Ops deep audit pass ===
[2026-08-08T17:59:19.016463+00:00] Live open cards: 354, total: 354
[2026-08-08T17:59:19.017464+00:00] Dedupe: archived 0 duplicate cards
[2026-08-08T17:59:19.698827+00:00] Rebalance: moved 0, relabeled 0
[2026-08-08T17:59:19.698827+00:00] Stale P5/P6 archived: 0
[2026-08-08T17:59:21.233666+00:00] Index refreshed: 354 cards
[2026-08-08T17:59:21.235289+00:00] PASS #1 COMPLETE: 0 changes, 354 open cards
[2026-08-08T17:59:21.235289+00:00]   Summary: {"archived": 0, "moved": 0, "relabeled": 0, "duplicates_archived": 0, "top10_enforced": 0, "stale_archived": 0}
[2026-08-08T17:59:21.235867+00:00] NO_CHANGES_MADE — board is in stable state. Audit complete.
[2026-08-08T17:59:21.235867+00:00] TORUS_OPS_DEEP_AUDIT_DONE
[2026-08-08T17:59:26.469473+00:00] TORUS_OPS_DEEP_AUDIT_START interval=90m
[2026-08-08T17:59:26.470018+00:00] 
============================================================
[2026-08-08T17:59:26.470018+00:00] AUDIT PASS #1
[2026-08-08T17:59:26.470547+00:00] === Starting Torus Ops deep audit pass ===
[2026-08-08T17:59:27.507107+00:00] Live open cards: 354, total: 354
[2026-08-08T17:59:27.507107+00:00] Dedupe: archived 0 duplicate cards
[2026-08-08T17:59:28.017264+00:00] Rebalance: moved 0, relabeled 0
[2026-08-08T17:59:28.018262+00:00] Stale P5/P6 archived: 0
[2026-08-08T17:59:29.442744+00:00] Index refreshed: 354 cards
[2026-08-08T17:59:29.443811+00:00] PASS #1 COMPLETE: 0 changes, 354 open cards
[2026-08-08T17:59:29.443811+00:00]   Summary: {"archived": 0, "moved": 0, "relabeled": 0, "duplicates_archived": 0, "top10_enforced": 0, "stale_archived": 0}
[2026-08-08T17:59:29.444340+00:00] NO_CHANGES_MADE — board is in stable state. Audit complete.
[2026-08-08T17:59:29.444340+00:00] TORUS_OPS_DEEP_AUDIT_DONE
[2026-08-08T18:23:39.948728+00:00] TORUS_OPS_DEEP_AUDIT_START interval=60m
[2026-08-08T18:23:39.948728+00:00] 
============================================================
[2026-08-08T18:23:39.949727+00:00] AUDIT PASS #1
[2026-08-08T18:23:39.949727+00:00] === Starting Torus Ops deep audit pass ===
[2026-08-08T18:23:40.941391+00:00] Live open cards: 355, total: 355
[2026-08-08T18:23:40.941391+00:00] Dedupe: archived 0 duplicate cards
[2026-08-08T18:23:42.440740+00:00] Rebalance: moved 1, relabeled 1
[2026-08-08T18:23:42.440740+00:00] Stale P5/P6 archived: 0
[2026-08-08T18:23:43.632147+00:00] Index refreshed: 355 cards
[2026-08-08T18:23:43.633661+00:00] PASS #1 COMPLETE: 2 changes, 355 open cards
[2026-08-08T18:23:43.633661+00:00]   Summary: {"archived": 0, "moved": 1, "relabeled": 1, "duplicates_archived": 0, "top10_enforced": 0, "stale_archived": 0}
[2026-08-08T18:23:43.633661+00:00] --once flag set, exiting after single pass
[2026-08-08T18:23:43.633661+00:00] TORUS_OPS_DEEP_AUDIT_DONE
[2026-08-08T18:23:47.793569+00:00] TORUS_OPS_DEEP_AUDIT_START interval=60m
[2026-08-08T18:23:47.793569+00:00] 
============================================================
[2026-08-08T18:23:47.793569+00:00] AUDIT PASS #1
[2026-08-08T18:23:47.793569+00:00] === Starting Torus Ops deep audit pass ===
[2026-08-08T18:23:48.807294+00:00] Live open cards: 355, total: 355
[2026-08-08T18:23:48.808288+00:00] Dedupe: archived 0 duplicate cards
[2026-08-08T18:23:49.374554+00:00] Rebalance: moved 0, relabeled 0
[2026-08-08T18:23:49.375555+00:00] Stale P5/P6 archived: 0
[2026-08-08T18:23:50.768201+00:00] Index refreshed: 355 cards
[2026-08-08T18:23:50.769200+00:00] PASS #1 COMPLETE: 0 changes, 355 open cards
[2026-08-08T18:23:50.769200+00:00]   Summary: {"archived": 0, "moved": 0, "relabeled": 0, "duplicates_archived": 0, "top10_enforced": 0, "stale_archived": 0}
[2026-08-08T18:23:50.769200+00:00] NO_CHANGES_MADE — board is in stable state. Audit complete.
[2026-08-08T18:23:50.769200+00:00] TORUS_OPS_DEEP_AUDIT_DONE
[2026-08-08T18:23:55.622163+00:00] TORUS_OPS_DEEP_AUDIT_START interval=90m
[2026-08-08T18:23:55.623162+00:00] 
============================================================
[2026-08-08T18:23:55.623162+00:00] AUDIT PASS #1
[2026-08-08T18:23:55.623162+00:00] === Starting Torus Ops deep audit pass ===
[2026-08-08T18:23:56.636242+00:00] Live open cards: 355, total: 355
[2026-08-08T18:23:56.637288+00:00] Dedupe: archived 0 duplicate cards
[2026-08-08T18:23:57.092754+00:00] Rebalance: moved 0, relabeled 0
[2026-08-08T18:23:57.092754+00:00] Stale P5/P6 archived: 0
[2026-08-08T18:23:58.767495+00:00] Index refreshed: 355 cards
[2026-08-08T18:23:58.769493+00:00] PASS #1 COMPLETE: 0 changes, 355 open cards
[2026-08-08T18:23:58.769493+00:00]   Summary: {"archived": 0, "moved": 0, "relabeled": 0, "duplicates_archived": 0, "top10_enforced": 0, "stale_archived": 0}
[2026-08-08T18:23:58.770493+00:00] NO_CHANGES_MADE — board is in stable state. Audit complete.
[2026-08-08T18:23:58.770493+00:00] TORUS_OPS_DEEP_AUDIT_DONE
[2026-08-08T18:23:50Z] === OODA PHASE 2 COMPLETE ===
[2026-08-08T18:23:50Z] Crew queue protection enforced — keyword routing disabled, labels-only
[2026-08-08T18:23:50Z] Config: crew_queue_config.json updated with VOID Ops board/list IDs
[2026-08-08T18:23:50Z] crew_queue_automation.py: auto-assign + label/due preservation added
[2026-08-08T18:23:50Z] SMS/Gmail Voice cards: due dates pushed to October 2026
[2026-08-08T18:23:50Z] Cron jobs: Smart Ticket (5m) + Crew Queue (5m) + Reply Watcher (30m) all active
[2026-08-08T18:23:50Z] Audit: zero changes × 2 passes — board OODA-stable at 355 cards
[2026-08-08T18:31:36.530114+00:00] TORUS_OPS_DEEP_AUDIT_START interval=60m
[2026-08-08T18:31:36.530114+00:00] 
============================================================
[2026-08-08T18:31:36.530114+00:00] AUDIT PASS #1
[2026-08-08T18:31:36.531116+00:00] === Starting Torus Ops deep audit pass ===
[2026-08-08T18:31:37.486799+00:00] Live open cards: 355, total: 355
[2026-08-08T18:31:37.487801+00:00] Dedupe: archived 0 duplicate cards
[2026-08-08T18:31:37.998622+00:00] Rebalance: moved 0, relabeled 0
[2026-08-08T18:31:37.998622+00:00] Stale P5/P6 archived: 0
[2026-08-08T18:31:39.806165+00:00] Index refreshed: 355 cards
[2026-08-08T18:31:39.807216+00:00] PASS #1 COMPLETE: 0 changes, 355 open cards
[2026-08-08T18:31:39.807216+00:00]   Summary: {"archived": 0, "moved": 0, "relabeled": 0, "duplicates_archived": 0, "top10_enforced": 0, "stale_archived": 0}
[2026-08-08T18:31:39.807216+00:00] NO_CHANGES_MADE — board is in stable state. Audit complete.
[2026-08-08T18:31:39.807761+00:00] TORUS_OPS_DEEP_AUDIT_DONE
[2026-08-08T18:31:40.112720+00:00] TORUS_OPS_DEEP_AUDIT_START interval=60m
[2026-08-08T18:31:40.113309+00:00] 
============================================================
[2026-08-08T18:31:40.113309+00:00] AUDIT PASS #1
[2026-08-08T18:31:40.113844+00:00] === Starting Torus Ops deep audit pass ===
[2026-08-08T18:31:41.075290+00:00] Live open cards: 355, total: 355
[2026-08-08T18:31:41.075290+00:00] Dedupe: archived 0 duplicate cards
[2026-08-08T18:31:41.608604+00:00] Rebalance: moved 0, relabeled 0
[2026-08-08T18:31:41.609606+00:00] Stale P5/P6 archived: 0
[2026-08-08T18:31:42.927504+00:00] Index refreshed: 355 cards
[2026-08-08T18:31:42.928507+00:00] PASS #1 COMPLETE: 0 changes, 355 open cards
[2026-08-08T18:31:42.928507+00:00]   Summary: {"archived": 0, "moved": 0, "relabeled": 0, "duplicates_archived": 0, "top10_enforced": 0, "stale_archived": 0}
[2026-08-08T18:31:42.928507+00:00] NO_CHANGES_MADE — board is in stable state. Audit complete.
[2026-08-08T18:31:42.928507+00:00] TORUS_OPS_DEEP_AUDIT_DONE
[2026-08-08T18:31:47.506297+00:00] TORUS_OPS_DEEP_AUDIT_START interval=90m
[2026-08-08T18:31:47.506297+00:00] 
============================================================
[2026-08-08T18:31:47.506820+00:00] AUDIT PASS #1
[2026-08-08T18:31:47.506820+00:00] === Starting Torus Ops deep audit pass ===
[2026-08-08T18:31:48.846744+00:00] Live open cards: 355, total: 355
[2026-08-08T18:31:48.846744+00:00] Dedupe: archived 0 duplicate cards
[2026-08-08T18:31:49.480586+00:00] Rebalance: moved 0, relabeled 0
[2026-08-08T18:31:49.481586+00:00] Stale P5/P6 archived: 0
[2026-08-08T18:31:50.840705+00:00] Index refreshed: 355 cards
[2026-08-08T18:31:50.841706+00:00] PASS #1 COMPLETE: 0 changes, 355 open cards
[2026-08-08T18:31:50.841706+00:00]   Summary: {"archived": 0, "moved": 0, "relabeled": 0, "duplicates_archived": 0, "top10_enforced": 0, "stale_archived": 0}
[2026-08-08T18:31:50.841706+00:00] NO_CHANGES_MADE — board is in stable state. Audit complete.
[2026-08-08T18:31:50.841706+00:00] TORUS_OPS_DEEP_AUDIT_DONE
[2026-08-08T18:31:42Z] === ALL NON-CREW CARDS OODA-PROCESSED ===
[2026-08-08T18:31:42Z] 355 cards: 355 OODA-tagged, 0 changes x 2 passes
[2026-08-08T18:31:42Z] Crew queues protected: Sir Azure (10) + Sir Green (24) = 34 crew-only cards
[2026-08-08T18:31:42Z] Continuous audit loop running (PID 28384, 90-min)
[2026-08-08T18:39:41.388881+00:00] 
============================================================
[2026-08-08T18:39:41.388881+00:00] AUDIT PASS #2
[2026-08-08T18:39:41.388881+00:00] === Starting Torus Ops deep audit pass ===
[2026-08-08T18:39:42.309268+00:00] Live open cards: 355, total: 355
[2026-08-08T18:39:42.309268+00:00] Dedupe: archived 0 duplicate cards
[2026-08-08T18:39:42.762545+00:00] Rebalance: moved 0, relabeled 0
[2026-08-08T18:39:42.762545+00:00] Stale P5/P6 archived: 0
[2026-08-08T18:39:44.094164+00:00] Index refreshed: 355 cards
[2026-08-08T18:39:44.095244+00:00] PASS #2 COMPLETE: 0 changes, 355 open cards
[2026-08-08T18:39:44.095764+00:00]   Summary: {"archived": 0, "moved": 0, "relabeled": 0, "duplicates_archived": 0, "top10_enforced": 0, "stale_archived": 0}
[2026-08-08T18:39:44.095764+00:00] NO_CHANGES_MADE — board is in stable state. Audit complete.
[2026-08-08T18:39:44.096343+00:00] TORUS_OPS_DEEP_AUDIT_DONE
[2026-08-08T19:02:49.181636+00:00] TORUS_OPS_DEEP_AUDIT_START interval=90m
[2026-08-08T19:02:49.181636+00:00] 
============================================================
[2026-08-08T19:02:49.181636+00:00] AUDIT PASS #1
[2026-08-08T19:02:49.181636+00:00] === Starting Torus Ops deep audit pass ===
[2026-08-08T19:02:50.304538+00:00] Live open cards: 355, total: 355
[2026-08-08T19:02:50.305538+00:00] Dedupe: archived 0 duplicate cards
[2026-08-08T19:02:52.011249+00:00] Rebalance: moved 0, relabeled 0
[2026-08-08T19:02:52.012248+00:00] Stale P5/P6 archived: 0
[2026-08-08T19:02:53.413129+00:00] Index refreshed: 355 cards
[2026-08-08T19:02:53.414780+00:00] PASS #1 COMPLETE: 0 changes, 355 open cards
[2026-08-08T19:02:53.414780+00:00]   Summary: {"archived": 0, "moved": 0, "relabeled": 0, "duplicates_archived": 0, "top10_enforced": 0, "stale_archived": 0}
[2026-08-08T19:02:53.415315+00:00] NO_CHANGES_MADE — board is in stable state. Audit complete.
[2026-08-08T19:02:53.415315+00:00] TORUS_OPS_DEEP_AUDIT_DONE
[2026-08-08T19:03:44.574370+00:00] TORUS_OPS_DEEP_AUDIT_START interval=90m
[2026-08-08T19:03:44.574370+00:00] 
============================================================
[2026-08-08T19:03:44.574370+00:00] AUDIT PASS #1
[2026-08-08T19:03:44.575368+00:00] === Starting Torus Ops deep audit pass ===
[2026-08-08T19:03:46.111799+00:00] Live open cards: 355, total: 355
[2026-08-08T19:03:46.112797+00:00] Dedupe: archived 0 duplicate cards
[2026-08-08T19:03:46.726425+00:00] Rebalance: moved 0, relabeled 0
[2026-08-08T19:03:46.726425+00:00] Stale P5/P6 archived: 0
[2026-08-08T19:03:48.219340+00:00] Index refreshed: 355 cards
[2026-08-08T19:03:48.220579+00:00] PASS #1 COMPLETE: 0 changes, 355 open cards
[2026-08-08T19:03:48.221100+00:00]   Summary: {"archived": 0, "moved": 0, "relabeled": 0, "duplicates_archived": 0, "top10_enforced": 0, "stale_archived": 0}
[2026-08-08T19:03:48.221111+00:00] NO_CHANGES_MADE — board is in stable state. Audit complete.
[2026-08-08T19:03:48.221111+00:00] TORUS_OPS_DEEP_AUDIT_DONE
[2026-08-08T19:11:38.038978+00:00] TORUS_OPS_DEEP_AUDIT_START interval=60m
[2026-08-08T19:11:38.039500+00:00] 
============================================================
[2026-08-08T19:11:38.039518+00:00] AUDIT PASS #1
[2026-08-08T19:11:38.039518+00:00] === Starting Torus Ops deep audit pass ===
[2026-08-08T19:11:39.176377+00:00] Live open cards: 355, total: 355
[2026-08-08T19:11:39.176908+00:00] Dedupe: archived 0 duplicate cards
[2026-08-08T19:11:39.754178+00:00] Rebalance: moved 0, relabeled 0
[2026-08-08T19:11:39.754178+00:00] Stale P5/P6 archived: 0
[2026-08-08T19:11:41.641683+00:00] Index refreshed: 355 cards
[2026-08-08T19:11:41.642748+00:00] PASS #1 COMPLETE: 0 changes, 355 open cards
[2026-08-08T19:11:41.642748+00:00]   Summary: {"archived": 0, "moved": 0, "relabeled": 0, "duplicates_archived": 0, "top10_enforced": 0, "stale_archived": 0}
[2026-08-08T19:11:41.642748+00:00] NO_CHANGES_MADE — board is in stable state. Audit complete.
[2026-08-08T19:11:41.642748+00:00] TORUS_OPS_DEEP_AUDIT_DONE
[2026-08-08T19:11:41.955292+00:00] TORUS_OPS_DEEP_AUDIT_START interval=60m
[2026-08-08T19:11:41.955292+00:00] 
============================================================
[2026-08-08T19:11:41.955292+00:00] AUDIT PASS #1
[2026-08-08T19:11:41.955292+00:00] === Starting Torus Ops deep audit pass ===
[2026-08-08T19:11:43.053026+00:00] Live open cards: 355, total: 355
[2026-08-08T19:11:43.053026+00:00] Dedupe: archived 0 duplicate cards
[2026-08-08T19:11:43.676677+00:00] Rebalance: moved 0, relabeled 0
[2026-08-08T19:11:43.676677+00:00] Stale P5/P6 archived: 0
[2026-08-08T19:11:45.379347+00:00] Index refreshed: 355 cards
[2026-08-08T19:11:45.380348+00:00] PASS #1 COMPLETE: 0 changes, 355 open cards
[2026-08-08T19:11:45.380348+00:00]   Summary: {"archived": 0, "moved": 0, "relabeled": 0, "duplicates_archived": 0, "top10_enforced": 0, "stale_archived": 0}
[2026-08-08T19:11:45.380348+00:00] NO_CHANGES_MADE — board is in stable state. Audit complete.
[2026-08-08T19:11:45.381349+00:00] TORUS_OPS_DEEP_AUDIT_DONE
[2026-08-08T19:11:50.274796+00:00] TORUS_OPS_DEEP_AUDIT_START interval=90m
[2026-08-08T19:11:50.275791+00:00] 
============================================================
[2026-08-08T19:11:50.275791+00:00] AUDIT PASS #1
[2026-08-08T19:11:50.275791+00:00] === Starting Torus Ops deep audit pass ===
[2026-08-08T19:11:51.442298+00:00] Live open cards: 355, total: 355
[2026-08-08T19:11:51.442298+00:00] Dedupe: archived 0 duplicate cards
[2026-08-08T19:11:52.013253+00:00] Rebalance: moved 0, relabeled 0
[2026-08-08T19:11:52.014253+00:00] Stale P5/P6 archived: 0
[2026-08-08T19:11:53.584274+00:00] Index refreshed: 355 cards
[2026-08-08T19:11:53.585272+00:00] PASS #1 COMPLETE: 0 changes, 355 open cards
[2026-08-08T19:11:53.585272+00:00]   Summary: {"archived": 0, "moved": 0, "relabeled": 0, "duplicates_archived": 0, "top10_enforced": 0, "stale_archived": 0}
[2026-08-08T19:11:53.586273+00:00] NO_CHANGES_MADE — board is in stable state. Audit complete.
[2026-08-08T19:11:53.586273+00:00] TORUS_OPS_DEEP_AUDIT_DONE
