[HERMES] Bridge processor starting...
[HERMES] Inbox: D:\Work\Torus Coffee Company LLC\Obsidian_Vault\02_Business_Operations\Communications\Discord\miss_pink_bot\data\inbox
[HERMES] Outbox: D:\Work\Torus Coffee Company LLC\Obsidian_Vault\02_Business_Operations\Communications\Discord\miss_pink_bot\data\outbox
[HERMES] Entering watch loop (poll every 2 seconds)
[2026-08-22T00:47:41.943869+00:00] MSG from kidsmakeyacrazy (id=1540522818901516401): <@1535389301834260540> test.  tell me the name of 1 trello card
[HERMES] Bridge processor starting...
[HERMES] Inbox: D:\Work\Torus Coffee Company LLC\Obsidian_Vault\02_Business_Operations\Communications\Discord\miss_pink_bot\data\inbox
[HERMES] Outbox: D:\Work\Torus Coffee Company LLC\Obsidian_Vault\02_Business_Operations\Communications\Discord\miss_pink_bot\data\outbox
[2026-08-22T00:49:41.160543+00:00] MSG from kidsmakeyacrazy (id=1540522818901516401): <@1535389301834260540> test.  tell me the name of 1 trello card
[HERMES] CLI call timed out — message will be retried
[HERMES] Response written: resp_1540522818901516401_1787359961.json
[HERMES] Entering watch loop (poll every 2 seconds)
[HERMES] Bridge processor starting...
[HERMES] Inbox: D:\Work\Torus Coffee Company LLC\Obsidian_Vault\02_Business_Operations\Communications\Discord\miss_pink_bot\data\inbox
[HERMES] Outbox: D:\Work\Torus Coffee Company LLC\Obsidian_Vault\02_Business_Operations\Communications\Discord\miss_pink_bot\data\outbox
[HERMES] Entering watch loop (poll every 2 seconds)
[2026-08-22T01:13:57.813870+00:00] MSG from MissPinkAudit (id=pinkaudit_1787361237): audit test: reply with exactly PINK AUDIT OK
[HERMES] Response written: resp_pinkaudit_1787361237_1787361253.json
[HERMES] Bridge processor starting...
[HERMES] Inbox: D:\Work\Torus Coffee Company LLC\Obsidian_Vault\02_Business_Operations\Communications\Discord\miss_pink_bot\data\inbox
[HERMES] Outbox: D:\Work\Torus Coffee Company LLC\Obsidian_Vault\02_Business_Operations\Communications\Discord\miss_pink_bot\data\outbox
[HERMES] Entering watch loop (poll every 2 seconds)
[2026-08-22T01:17:41.875195+00:00] MSG from MissPinkAudit (id=pinkaudit_1787361461): audit test: reply with exactly PINK AUDIT OK
[HERMES] Response written: resp_pinkaudit_1787361461_1787361473.json
[2026-08-22T02:51:02.293650+00:00] MSG from kidsmakeyacrazy (id=1540553857271074918): <@1535389301834260540> what is the desktop hermes app working on?
[HERMES] Response written: resp_1540553857271074918_1787367094.json
