[2026-08-21T15:39:41.487610+00:00] MSG from Captain Bryon (id=test_full_bridge_001): Test: Hello Miss Pink!
[2026-08-21T15:39:47.493031+00:00] MSG from Captain (id=test_bridge_bbb): Hello Miss Pink, this is a bridge test
[2026-08-21T16:06:51.879713+00:00] MSG from Captain (id=final_bridge_test): Hello Miss Pink!
[2026-08-21T16:06:51.881046+00:00] MSG from Captain (id=vbs_test_001): Test via VBS launcher
[2026-08-21T16:08:18.919722+00:00] MSG from kidsmakeyacrazy (id=1540392051840131162): awesome!  let's see if you can make a test trello card on the void ops board.
[2026-08-21T16:08:22.774216+00:00] MSG from Captain (id=e2e_verify_001): Hello Miss Pink!
[2026-08-21T16:08:34.520695+00:00] MSG from kidsmakeyacrazy (id=1540392175206924400): <@&1534077300801409066> awesome!  let's see if you can make a test trello card on the void ops board.
[2026-08-21T16:08:48.756460+00:00] MSG from Captain (id=live_test_001): Live test: @miss pink hello!
[2026-08-21T16:09:00.763088+00:00] MSG from kidsmakeyacrazy (id=1540392282224857199): <@1527508146321625138> can you do that?
[2026-08-21T16:10:00.794377+00:00] MSG from kidsmakeyacrazy (id=1540392539511849113): <@1527508146321625138> i want you to create a test trello card on the void ops board to see if this whole automation works end to end with our bots.
[2026-08-21T16:21:31.753221+00:00] MSG from Captain (id=discord_msg_001): Miss Pink — check the latest Torus ops and give me a summary
[2026-08-21T16:44:31.727014+00:00] MSG from Captain (id=verify_e2e_001): Make a test Trello card to verify remote bridge works
[2026-08-21T16:46:59.007308+00:00] MSG from Captain (id=final_test_001): make a test trello card on the torus ops board
[2026-08-21T16:54:29.220328+00:00] MSG from Captain (id=trello_test_final): make a test trello card on the torus ops board to verify remote control
[2026-08-21T16:55:14.713824+00:00] MSG from Captain (id=direct_test_001): make a test trello card on the torus ops board
[2026-08-21T16:55:15.239013+00:00] MSG from Captain (id=direct_test_001): make a test trello card on the torus ops board
[2026-08-21T16:55:54.222951+00:00] MSG from Captain (id=fixed_test_001): make a test trello card on the torus ops board
[2026-08-21T16:57:02.025355+00:00] MSG from Captain (id=captain_msg_test): make a test trello card on the torus ops board
[2026-08-21T16:57:54.956641+00:00] MSG from Captain (id=final_verify_001): make a test trello card on the torus ops board
[2026-08-21T16:58:47.341406+00:00] MSG from Captain (id=trello_create_test): make a test trello card on the torus ops board
[2026-08-21T17:00:24.494942+00:00] MSG from Captain (id=final_real_test): make a test trello card on the torus ops board
[2026-08-21T17:03:35.707404+00:00] MSG from Captain (id=real_discord_verify): make a test trello card on the torus ops board
[2026-08-21T17:04:40.798708+00:00] MSG from Captain (id=final_captain_test): make a test trello card on the torus ops board
[2026-08-21T17:39:53.577207+00:00] MSG from Captain (id=captain_final_test): make a test trello card on the torus ops board
[2026-08-21T17:53:36.397773+00:00] MSG from Captain (id=final_test_002): make a test trello card on the torus ops board
[2026-08-21T17:57:55.997759+00:00] MSG from Captain (id=fixed_title_test): make a test trello card on the torus ops board
[2026-08-21T18:07:36.645508+00:00] MSG from System (id=processor_alive_check): processor alive check
[2026-08-21T18:12:34.790954+00:00] MSG from Captain (id=mount_test_001): test
[2026-08-21T18:13:46.834165+00:00] MSG from Captain (id=final_bridge_test_999): test final
[2026-08-21T18:14:52.875108+00:00] MSG from Captain (id=1540421854471266334): i sent you a message on the miss-pink channel plz see if you got the message and did the work
[2026-08-21T18:30:07.321515+00:00] MSG from kidsmakeyacrazy (id=1540427794234867723): i want you to read this trello card on the torus ops board, "[TEST] Verify Discord -> Trello bridge works".  leave a note and put your miss pink label on the trello card.  ty
[2026-08-21T18:31:07.497695+00:00] MSG from kidsmakeyacrazy (id=1540428049730768907): <@1535389301834260540> i want you to read this trello card on the torus ops board, "[TEST] Verify Discord -> Trello bridge works".  leave a note and put your miss pink label on the trello card.  ty
[2026-08-21T18:45:31.874339+00:00] MSG from kidsmakeyacrazy (id=1540428049730768907): <@1535389301834260540> i want you to read this trello card on the torus ops board, "[TEST] Verify Discord -> Trello bridge works".  leave a note and put your miss pink label on the trello card.  ty
[2026-08-21T18:49:42.027626+00:00] MSG from Captain (id=FINAL_E2E_001): make a test trello card on the torus ops board called "Bridge Final Verify"
[2026-08-21T18:53:13.332381+00:00] MSG from Captain (id=live_test_final): i want you to read this trello card on the torus ops board, "[TEST] Verify Discord -> Trello bridge works".  leave a note and put your miss pink label on the trello card.  ty
[2026-08-21T18:55:56.932136+00:00] MSG from kidsmakeyacrazy (id=1540434298673430598): <@1535389301834260540> hello, plz read this trello card, "[TEST] Verify Discord -> Trello bridge works", make your own comment in the notes to verify end to end functionality for you.  ty
[2026-08-21T18:59:42.482886+00:00] MSG from kidsmakeyacrazy (id=pirate_name_test_005): <@1535389301834260540> hello, plz read this trello card, "[TEST] Verify Discord -> Trello bridge works", make your own comment in the notes to verify end to end functionality for you.  ty
[2026-08-21T19:03:03.454865+00:00] MSG from kidsmakeyacrazy (id=1540436089356026008): <@1535389301834260540> tell me a joke plz.
[2026-08-21T19:06:12.627711+00:00] MSG from kidsmakeyacrazy (id=joke_test_001): <@1535389301834260540> tell me a joke plz
[2026-08-21T19:06:18.638144+00:00] MSG from kidsmakeyacrazy (id=joke_test_002): tell me a joke plz
[2026-08-21T19:06:24.650470+00:00] MSG from Captain (id=trello_read_test_003): <@1535389301834260540> read this trello card "[TEST] Verify Discord -> Trello bridge works", leave a comment, and add miss pink label
[2026-08-21T19:09:42.898207+00:00] MSG from kidsmakeyacrazy (id=1540428049730768907): <@1535389301834260540> hello, plz read this trello card, "[TEST] Verify Discord -> Trello bridge works", make your own comment in the notes to verify end to end functionality for you.  ty
[2026-08-21T19:26:28.331025+00:00] MSG from kidsmakeyacrazy (id=1540441980868366366): <@1535389301834260540> hello tell me a joke plz.
[2026-08-21T19:31:11.242488+00:00] MSG from kidsmakeyacrazy (id=1540428049730768907): <@1535389301834260540> hello tell me a joke plz
[2026-08-21T19:31:56.335429+00:00] MSG from kidsmakeyacrazy (id=simple_joke_001): <@1535389301834260540> hello tell me a joke plz
[2026-08-21T19:33:15.389208+00:00] MSG from kidsmakeyacrazy (id=joke_test_final_001): <@1535389301834260540> hello tell me a joke plz
[2026-08-21T19:41:57.738578+00:00] MSG from kidsmakeyacrazy (id=e2e_final_test): <@1535389301834260540> hello tell me a joke plz
[2026-08-21T19:52:01.343204+00:00] MSG from kidsmakeyacrazy (id=1540428049730768907): <@1535389301834260540> hello tell me a joke plz
[2026-08-21T19:53:29.379216+00:00] MSG from kidsmakeyacrazy (id=1540448772801171536): <@1535389301834260540> tell me a joke plz
[2026-08-21T19:57:15.219006+00:00] MSG from kidsmakeyacrazy (id=1540449721359933561): <@1535389301834260540> tell me a joke
[2026-08-21T19:57:23.223735+00:00] MSG from kidsmakeyacrazy (id=1540449758710075412): i dont know, what?
[2026-08-21T19:57:45.233829+00:00] MSG from kidsmakeyacrazy (id=1540449849957163028): hahah!  that's funny.
[2026-08-21T20:20:37.373926+00:00] MSG from kidsmakeyacrazy (id=1540455603111993355): hello miss pink how are you today?  pick a trello card to give me an update about
[2026-08-21T20:20:53.119349+00:00] MSG from kidsmakeyacrazy (id=1540455669340184696): <@1535389301834260540> hello miss pink how are you today?  pick a trello card to give me an update about
[2026-08-21T20:27:48.848721+00:00] MSG from kidsmakeyacrazy (id=1540457416167260250): tell me a trello card that you wanna work on.
[2026-08-21T20:53:10.219431+00:00] MSG from TestUser (id=hermes_test_002): test message from hermes
[2026-08-21T21:42:08.729819+00:00] MSG from kidsmakeyacrazy (id=e2e_joke_001): miss pink tell me a joke plz
[2026-08-21T21:42:12.738844+00:00] MSG from kidsmakeyacrazy (id=e2e_joke_002): miss pink tell me a joke plz
[2026-08-21T21:44:59.150511+00:00] MSG from kidsmakeyacrazy (id=ai_test_001): miss pink tell me about torus coffee
[2026-08-21T21:48:09.424230+00:00] MSG from kidsmakeyacrazy (id=full_ai_001): hey miss pink, what's the latest on the torus coffee website rebuild?
[2026-08-21T21:50:00.765707+00:00] MSG from kidsmakeyacrazy (id=test_ai_full_003): hey miss pink, how's the trello board looking today?
[2026-08-21T21:51:01.337785+00:00] MSG from kidsmakeyacrazy (id=test_ai_v3): hey miss pink, how's the trello board looking today?
[2026-08-21T21:52:02.190179+00:00] MSG from kidsmakeyacrazy (id=test_trello_list1): miss pink list the trello cards
[2026-08-21T21:53:31.823973+00:00] MSG from kidsmakeyacrazy (id=final_e2e_001): miss pink tell me about torus coffee
[2026-08-21T22:19:20.877476+00:00] MSG from kidsmakeyacrazy (id=real_ai_001): hey miss pink how are you
[2026-08-21T23:14:18.044243+00:00] MSG from kidsmakeyacrazy (id=live_test_001): hey miss pink how are you
[2026-08-21T23:30:17.982541+00:00] MSG from kidsmakeyacrazy (id=1540503336887783496): hi miss pink, how are you doing?
[2026-08-21T23:30:38.030052+00:00] MSG from kidsmakeyacrazy (id=1540503419456987208): <@1535389301834260540> helloo... how are you doing?  what are you doing?
[2026-08-21T23:37:50.893215+00:00] MSG from kidsmakeyacrazy (id=1540505234663678103): here we go again <@1535389301834260540> how are you?
[2026-08-21T23:43:34.081680+00:00] MSG from kidsmakeyacrazy (id=1540506676703006841): haha.  what are you working on next?
[2026-08-21T23:44:35.571523+00:00] MSG from kidsmakeyacrazy (id=1540506936271839343): haha!  awesome!  ty miss pink, dont forget that your a pirate woman!
[2026-08-22T00:47:41.943869+00:00] MSG from kidsmakeyacrazy (id=1540522818901516401): <@1535389301834260540> test.  tell me the name of 1 trello card
[2026-08-22T00:49:41.160543+00:00] MSG from kidsmakeyacrazy (id=1540522818901516401): <@1535389301834260540> test.  tell me the name of 1 trello card
[2026-08-22T01:13:57.813870+00:00] MSG from MissPinkAudit (id=pinkaudit_1787361237): audit test: reply with exactly PINK AUDIT OK
[2026-08-22T01:17:41.875195+00:00] MSG from MissPinkAudit (id=pinkaudit_1787361461): audit test: reply with exactly PINK AUDIT OK
[2026-08-22T02:51:02.293650+00:00] MSG from kidsmakeyacrazy (id=1540553857271074918): <@1535389301834260540> what is the desktop hermes app working on?
